Archive member included to satisfy reference by file (symbol)

C:/Program Files/Rowley CrossWorks for ARM 4.5/lib/libc_v7em_fpv5_sp_d16_hard_t_le_eabi.a(libc_asm.o)
                              lpspi_edma_b2b_transfer_master THUMB Debug/system_MIMXRT1011.o (__aeabi_uldivmod)
C:/Program Files/Rowley CrossWorks for ARM 4.5/lib/libc_v7em_fpv5_sp_d16_hard_t_le_eabi.a(libc2.o)
                              lpspi_edma_b2b_transfer_master THUMB Debug/fsl_common.o (malloc)
C:/Program Files/Rowley CrossWorks for ARM 4.5/lib/libc_v7em_fpv5_sp_d16_hard_t_le_eabi.a(libc2_asm.o)
                              C:/Program Files/Rowley CrossWorks for ARM 4.5/lib/libc_v7em_fpv5_sp_d16_hard_t_le_eabi.a(libc2.o) (memcpy)
C:/Program Files/Rowley CrossWorks for ARM 4.5/lib/libc_v7em_fpv5_sp_d16_hard_t_le_eabi.a(libc.o)
                              C:/Program Files/Rowley CrossWorks for ARM 4.5/lib/libc_v7em_fpv5_sp_d16_hard_t_le_eabi.a(libc2.o) (__heap_lock)
C:/Program Files/Rowley CrossWorks for ARM 4.5/lib/libdebugio_v7em_fpv5_sp_d16_hard_t_le_eabi.a(libdebugio.o)
                              lpspi_edma_b2b_transfer_master THUMB Debug/thumb_crt0.o (debug_fopen)
C:/Program Files/Rowley CrossWorks for ARM 4.5/lib/libdebugio_mempoll_v7em_fpv5_sp_d16_hard_t_le_eabi.a(mempoll_debug_operations.o)
                              C:/Program Files/Rowley CrossWorks for ARM 4.5/lib/libdebugio_v7em_fpv5_sp_d16_hard_t_le_eabi.a(libdebugio.o) (__do_debug_operation)
C:/Program Files/Rowley CrossWorks for ARM 4.5/lib/libdebugio_mempoll_v7em_fpv5_sp_d16_hard_t_le_eabi.a(do_nv_debug_operation.o)
                              C:/Program Files/Rowley CrossWorks for ARM 4.5/lib/libdebugio_v7em_fpv5_sp_d16_hard_t_le_eabi.a(libdebugio.o) (__do_nvdebug_operation)
C:/Program Files/Rowley CrossWorks for ARM 4.5/lib/libm_v7em_fpv5_sp_d16_hard_t_le_eabi.a(libm_asm.o)
                              C:/Program Files/Rowley CrossWorks for ARM 4.5/lib/libc_v7em_fpv5_sp_d16_hard_t_le_eabi.a(libc2.o) (__aeabi_i2d)
C:/Program Files/Rowley CrossWorks for ARM 4.5/lib/libm_v7em_fpv5_sp_d16_hard_t_le_eabi.a(libm2.o)
                              C:/Program Files/Rowley CrossWorks for ARM 4.5/lib/libvfprintf_v7em_fpv5_sp_d16_hard_t_le_eabi.o (frexp)
C:/Program Files/Rowley CrossWorks for ARM 4.5/lib/libm_v7em_fpv5_sp_d16_hard_t_le_eabi.a(libm2_asm.o)
                              C:/Program Files/Rowley CrossWorks for ARM 4.5/lib/libm_v7em_fpv5_sp_d16_hard_t_le_eabi.a(libm2.o) (fabs)

Discarded input sections

 .text          0x0000000000000000        0x0 lpspi_edma_b2b_transfer_master THUMB Debug/thumb_crt0.o
 .data          0x0000000000000000        0x0 lpspi_edma_b2b_transfer_master THUMB Debug/thumb_crt0.o
 .bss           0x0000000000000000        0x0 lpspi_edma_b2b_transfer_master THUMB Debug/thumb_crt0.o
 .text.__aeabi_read_tp
                0x0000000000000000        0x8 lpspi_edma_b2b_transfer_master THUMB Debug/thumb_crt0.o
 .text.abort    0x0000000000000000        0x2 lpspi_edma_b2b_transfer_master THUMB Debug/thumb_crt0.o
 .text.__assert
                0x0000000000000000        0x2 lpspi_edma_b2b_transfer_master THUMB Debug/thumb_crt0.o
 .text.__aeabi_assert
                0x0000000000000000        0x2 lpspi_edma_b2b_transfer_master THUMB Debug/thumb_crt0.o
 .text.__sync_synchronize
                0x0000000000000000        0x2 lpspi_edma_b2b_transfer_master THUMB Debug/thumb_crt0.o
 .text.__getchar
                0x0000000000000000        0x4 lpspi_edma_b2b_transfer_master THUMB Debug/thumb_crt0.o
 .text.__putchar
                0x0000000000000000        0x4 lpspi_edma_b2b_transfer_master THUMB Debug/thumb_crt0.o
 .text.__open   0x0000000000000000        0x4 lpspi_edma_b2b_transfer_master THUMB Debug/thumb_crt0.o
 .text.__close  0x0000000000000000        0x4 lpspi_edma_b2b_transfer_master THUMB Debug/thumb_crt0.o
 .text.__write  0x0000000000000000        0xa lpspi_edma_b2b_transfer_master THUMB Debug/thumb_crt0.o
 .text.__read   0x0000000000000000        0xa lpspi_edma_b2b_transfer_master THUMB Debug/thumb_crt0.o
 .text.__seek   0x0000000000000000       0x1a lpspi_edma_b2b_transfer_master THUMB Debug/thumb_crt0.o
 .bss.__user_locale_name_buffer
                0x0000000000000000        0x4 lpspi_edma_b2b_transfer_master THUMB Debug/thumb_crt0.o
 .stack         0x0000000000000000        0x0 lpspi_edma_b2b_transfer_master THUMB Debug/thumb_crt0.o
 .stack_process
                0x0000000000000000        0x0 lpspi_edma_b2b_transfer_master THUMB Debug/thumb_crt0.o
 .heap          0x0000000000000000        0x0 lpspi_edma_b2b_transfer_master THUMB Debug/thumb_crt0.o
 .text          0x0000000000000000        0x0 lpspi_edma_b2b_transfer_master THUMB Debug/startup_MIMXRT1011.o
 .data          0x0000000000000000        0x0 lpspi_edma_b2b_transfer_master THUMB Debug/startup_MIMXRT1011.o
 .bss           0x0000000000000000        0x0 lpspi_edma_b2b_transfer_master THUMB Debug/startup_MIMXRT1011.o
[...]
Memory Configuration

Name             Origin             Length             Attributes
UNPLACED_SECTIONS 0x0000000100000000 0x0000000000000000 xw
ITCM             0x0000000000000000 0x0000000000008000 xw
DTCM             0x0000000020000000 0x0000000000008000 xw
OCRAM            0x0000000020200000 0x0000000000010000 xw
FlexSPI          0x0000000060000000 0x0000000004000000 xr
*default*        0x0000000000000000 0xffffffffffffffff

Linker script and memory map

                0x0000000000000000                __vfprintf = __vfprintf_float_long_long
                0x0000000000000000                __vfscanf = __vfscanf_float_long_long_cc
                0x0000000000000000                __ITCM_segment_start__ = 0x0
                0x0000000000008000                __ITCM_segment_end__ = 0x8000
                0x0000000000008000                __ITCM_segment_size__ = 0x8000
                0x0000000020000000                __DTCM_segment_start__ = 0x20000000
                0x0000000020008000                __DTCM_segment_end__ = 0x20008000
                0x0000000000008000                __DTCM_segment_size__ = 0x8000
                0x0000000020200000                __OCRAM_segment_start__ = 0x20200000
                0x0000000020210000                __OCRAM_segment_end__ = 0x20210000
                0x0000000000010000                __OCRAM_segment_size__ = 0x10000
                0x0000000060000000                __FlexSPI_segment_start__ = 0x60000000
                0x0000000064000000                __FlexSPI_segment_end__ = 0x64000000
                0x0000000004000000                __FlexSPI_segment_size__ = 0x4000000
                0x0000000000000400                __HEAPSIZE__ = 0x400
                0x0000000000000000                __STACKSIZE_ABT__ = 0x0
                0x0000000000000000                __STACKSIZE_FIQ__ = 0x0
                0x0000000000000000                __STACKSIZE_IRQ__ = 0x0
                0x0000000000000000                __STACKSIZE_PROCESS__ = 0x0
                0x0000000000000000                __STACKSIZE_SVC__ = 0x0
                0x0000000000000000                __STACKSIZE_UND__ = 0x0
                0x0000000000000400                __STACKSIZE__ = 0x400
                0x0000000020000000                __init_rodata_load_start__ = ALIGN (__DTCM_segment_start__, 0x4)

.init_rodata    0x0000000020000000        0x0
                0x0000000020000000                __init_rodata_start__ = .
 *(.init_rodata .init_rodata.*)
                0x0000000020000000                __init_rodata_end__ = (__init_rodata_start__ + SIZEOF (.init_rodata))
                0x0000000000000000                __init_rodata_size__ = SIZEOF (.init_rodata)
                0x0000000020000000                __init_rodata_load_end__ = __init_rodata_end__
                0x0000000000000001                . = ASSERT (((__init_rodata_start__ == __init_rodata_end__) || ((__init_rodata_end__ - __DTCM_segment_start__) <= __DTCM_segment_size__)), error: .init_rodata is too large to fit in DTCM memory segment)
                0x0000000020000000                __dtors_load_start__ = ALIGN (__init_rodata_end__, 0x4)

.dtors          0x0000000020000000        0x0
                0x0000000020000000                __dtors_start__ = .
 *(SORT_BY_NAME(.dtors.*))
 *(.dtors)
 *(.fini_array)
 *(SORT_BY_NAME(.fini_array.*))
                0x0000000020000000                __dtors_end__ = (__dtors_start__ + SIZEOF (.dtors))
                0x0000000000000000                __dtors_size__ = SIZEOF (.dtors)
                0x0000000020000000                __dtors_load_end__ = __dtors_end__
                0x0000000000000001                . = ASSERT (((__dtors_start__ == __dtors_end__) || ((__dtors_end__ - __DTCM_segment_start__) <= __DTCM_segment_size__)), error: .dtors is too large to fit in DTCM memory segment)
                0x0000000020000000                __ctors_load_start__ = ALIGN (__dtors_end__, 0x4)

.ctors          0x0000000020000000        0x0
                0x0000000020000000                __ctors_start__ = .
 *(SORT_BY_NAME(.ctors.*))
 *(.ctors)
 *(.init_array)
 *(SORT_BY_NAME(.init_array.*))
                0x0000000020000000                __ctors_end__ = (__ctors_start__ + SIZEOF (.ctors))
                0x0000000000000000                __ctors_size__ = SIZEOF (.ctors)
                0x0000000020000000                __ctors_load_end__ = __ctors_end__
                0x0000000000000001                . = ASSERT (((__ctors_start__ == __ctors_end__) || ((__ctors_end__ - __DTCM_segment_start__) <= __DTCM_segment_size__)), error: .ctors is too large to fit in DTCM memory segment)
                0x0000000020000000                __ARM.exidx_load_start__ = ALIGN (__ctors_end__, 0x4)

.ARM.exidx      0x0000000020000000        0x0
                0x0000000020000000                __ARM.exidx_start__ = .
                0x0000000020000000                __exidx_start = __ARM.exidx_start__
 *(.ARM.exidx .ARM.exidx.*)
                0x0000000020000000                __ARM.exidx_end__ = (__ARM.exidx_start__ + SIZEOF (.ARM.exidx))
                0x0000000000000000                __ARM.exidx_size__ = SIZEOF (.ARM.exidx)
                0x0000000020000000                __exidx_end = __ARM.exidx_end__
                0x0000000020000000                __ARM.exidx_load_end__ = __ARM.exidx_end__
                0x0000000000000001                . = ASSERT (((__ARM.exidx_start__ == __ARM.exidx_end__) || ((__ARM.exidx_end__ - __DTCM_segment_start__) <= __DTCM_segment_size__)), error: .ARM.exidx is too large to fit in DTCM memory segment)
                0x0000000020000000                __data_load_start__ = ALIGN (__ARM.exidx_end__, 0x4)

.data           0x0000000020000000        0x4
                0x0000000020000000                __data_start__ = .
 *(.data .data.* .gnu.linkonce.d.*)
 .data.SystemCoreClock
                0x0000000020000000        0x4 lpspi_edma_b2b_transfer_master THUMB Debug/system_MIMXRT1011.o
                0x0000000020000000                SystemCoreClock
                0x0000000020000004                __data_end__ = (__data_start__ + SIZEOF (.data))
                0x0000000000000004                __data_size__ = SIZEOF (.data)
                0x0000000020000004                __data_load_end__ = __data_end__

.igot.plt       0x0000000100000000        0x0
 .igot.plt      0x0000000100000000        0x0 lpspi_edma_b2b_transfer_master THUMB Debug/thumb_crt0.o

NonCacheable.init
                0x0000000100000000      0x124
 NonCacheable.init
                0x0000000100000000      0x124 lpspi_edma_b2b_transfer_master THUMB Debug/lpspi_edma_b2b_transfer_master.o
                0x0000000100000000                masterRxData
                0x0000000100000040                masterTxData
                0x0000000100000080                g_m_edma_handle
                0x0000000000000001                . = ASSERT (((__data_start__ == __data_end__) || ((__data_end__ - __DTCM_segment_start__) <= __DTCM_segment_size__)), error: .data is too large to fit in DTCM memory segment)
                0x0000000020000004                __data2_load_start__ = ALIGN (__data_end__, 0x4)

.data2          0x0000000020000004        0x0
                0x0000000020000004                __data2_start__ = .
 *(.data2 .data2.*)
                0x0000000020000004                __data2_end__ = (__data2_start__ + SIZEOF (.data2))
                0x0000000000000000                __data2_size__ = SIZEOF (.data2)
                0x0000000020000004                __data2_load_end__ = __data2_end__
                0x0000000000000001                . = ASSERT (((__data2_start__ == __data2_end__) || ((__data2_end__ - __DTCM_segment_start__) <= __DTCM_segment_size__)), error: .data2 is too large to fit in DTCM memory segment)
                0x0000000020000004                __data_tcm_load_start__ = ALIGN (__data2_end__, 0x4)

.data_tcm       0x0000000020000004        0x0
                0x0000000020000004                __data_tcm_start__ = .
 *(.data_tcm .data_tcm.*)
                0x0000000020000004                __data_tcm_end__ = (__data_tcm_start__ + SIZEOF (.data_tcm))
                0x0000000000000000                __data_tcm_size__ = SIZEOF (.data_tcm)
                0x0000000020000004                __data_tcm_load_end__ = __data_tcm_end__
                0x0000000000000001                . = ASSERT (((__data_tcm_start__ == __data_tcm_end__) || ((__data_tcm_end__ - __DTCM_segment_start__) <= __DTCM_segment_size__)), error: .data_tcm is too large to fit in DTCM memory segment)
                0x0000000020000004                __rodata_load_start__ = ALIGN (__data_tcm_end__, 0x4)

.rodata         0x0000000020000004      0x324
                0x0000000020000004                __rodata_start__ = .
 *(.rodata .rodata.* .gnu.linkonce.r.*)
 .rodata        0x0000000020000004      0x29c lpspi_edma_b2b_transfer_master THUMB Debug/lpspi_edma_b2b_transfer_master.o
 .rodata.sysPllConfig_BOARD_BootClockRUN
                0x00000000200002a0       0x14 lpspi_edma_b2b_transfer_master THUMB Debug/clock_config.o
                0x00000000200002a0                sysPllConfig_BOARD_BootClockRUN
 .rodata.enetPllConfig_BOARD_BootClockRUN
                0x00000000200002b4        0x5 lpspi_edma_b2b_transfer_master THUMB Debug/clock_config.o
                0x00000000200002b4                enetPllConfig_BOARD_BootClockRUN
 *fill*         0x00000000200002b9        0x3 
 .rodata.s_baudratePrescaler
                0x00000000200002bc        0x8 lpspi_edma_b2b_transfer_master THUMB Debug/fsl_lpspi.o
 .rodata.s_lpspiBases
                0x00000000200002c4        0xc lpspi_edma_b2b_transfer_master THUMB Debug/fsl_lpspi.o
 .rodata.s_lpspiClocks
                0x00000000200002d0        0x6 lpspi_edma_b2b_transfer_master THUMB Debug/fsl_lpspi.o
 *fill*         0x00000000200002d6        0x2 
 .rodata.s_lpspiBases
                0x00000000200002d8        0xc lpspi_edma_b2b_transfer_master THUMB Debug/fsl_lpspi_edma.o
 .rodata.s_edmaIRQNumber
                0x00000000200002e4       0x10 lpspi_edma_b2b_transfer_master THUMB Debug/fsl_edma.o
 .rodata.s_lpuartBases
                0x00000000200002f4       0x14 lpspi_edma_b2b_transfer_master THUMB Debug/fsl_lpuart.o
 .rodata.s_lpuartClock
                0x0000000020000308        0xa lpspi_edma_b2b_transfer_master THUMB Debug/fsl_lpuart.o
 *fill*         0x0000000020000312        0x2 
 .rodata.s_LpuartAdapterBase
                0x0000000020000314       0x14 lpspi_edma_b2b_transfer_master THUMB Debug/lpuart_adapter.o
                0x0000000020000328                __rodata_end__ = (__rodata_start__ + SIZEOF (.rodata))
                0x0000000000000324                __rodata_size__ = SIZEOF (.rodata)
                0x0000000020000328                __rodata_load_end__ = __rodata_end__
                0x0000000000000001                . = ASSERT (((__rodata_start__ == __rodata_end__) || ((__rodata_end__ - __DTCM_segment_start__) <= __DTCM_segment_size__)), error: .rodata is too large to fit in DTCM memory segment)
                0x0000000020000328                __rodata2_load_start__ = ALIGN (__rodata_end__, 0x4)

.rodata2        0x0000000020000328        0x0
                0x0000000020000328                __rodata2_start__ = .
 *(.rodata2 .rodata2.*)
                0x0000000020000328                __rodata2_end__ = (__rodata2_start__ + SIZEOF (.rodata2))
                0x0000000000000000                __rodata2_size__ = SIZEOF (.rodata2)
                0x0000000020000328                __rodata2_load_end__ = __rodata2_end__
                0x0000000000000001                . = ASSERT (((__rodata2_start__ == __rodata2_end__) || ((__rodata2_end__ - __DTCM_segment_start__) <= __DTCM_segment_size__)), error: .rodata2 is too large to fit in DTCM memory segment)
                0x0000000020000328                __rodata_tcm_load_start__ = ALIGN (__rodata2_end__, 0x4)

.rodata_tcm     0x0000000020000328        0x0
                0x0000000020000328                __rodata_tcm_start__ = .
 *(.rodata_tcm .rodata_tcm.*)
                0x0000000020000328                __rodata_tcm_end__ = (__rodata_tcm_start__ + SIZEOF (.rodata_tcm))
                0x0000000000000000                __rodata_tcm_size__ = SIZEOF (.rodata_tcm)
                0x0000000020000328                __rodata_tcm_load_end__ = __rodata_tcm_end__
                0x0000000000000001                . = ASSERT (((__rodata_tcm_start__ == __rodata_tcm_end__) || ((__rodata_tcm_end__ - __DTCM_segment_start__) <= __DTCM_segment_size__)), error: .rodata_tcm is too large to fit in DTCM memory segment)
                0x0000000020000328                __bss_load_start__ = ALIGN (__rodata_tcm_end__, 0x4)

.bss            0x0000000020000328       0xbc
                0x0000000020000328                __bss_start__ = .
 *(.bss .bss.* .gnu.linkonce.b.*)
 .bss.lpspiEdmaMasterRxRegToRxDataHandle
                0x0000000020000328       0x18 lpspi_edma_b2b_transfer_master THUMB Debug/lpspi_edma_b2b_transfer_master.o
                0x0000000020000328                lpspiEdmaMasterRxRegToRxDataHandle
 .bss.lpspiEdmaMasterTxDataToTxRegHandle
                0x0000000020000340       0x18 lpspi_edma_b2b_transfer_master THUMB Debug/lpspi_edma_b2b_transfer_master.o
                0x0000000020000340                lpspiEdmaMasterTxDataToTxRegHandle
 .bss.isTransferCompleted
                0x0000000020000358        0x1 lpspi_edma_b2b_transfer_master THUMB Debug/lpspi_edma_b2b_transfer_master.o
                0x0000000020000358                isTransferCompleted
 *fill*         0x0000000020000359        0x3 
 .bss.g_lpspiDummyData
                0x000000002000035c        0x3 lpspi_edma_b2b_transfer_master THUMB Debug/fsl_lpspi.o
                0x000000002000035c                g_lpspiDummyData
 *fill*         0x000000002000035f        0x1 
 .bss.s_lpspiMasterEdmaPrivateHandle
                0x0000000020000360       0x18 lpspi_edma_b2b_transfer_master THUMB Debug/fsl_lpspi_edma.o
 .bss.s_EDMAHandle
                0x0000000020000378       0x40 lpspi_edma_b2b_transfer_master THUMB Debug/fsl_edma.o
 .bss.StartInstanceNum.8865
                0x00000000200003b8        0x1 lpspi_edma_b2b_transfer_master THUMB Debug/fsl_edma.o
 *fill*         0x00000000200003b9        0x3 
 .bss.g_xtalFreq
                0x00000000200003bc        0x4 lpspi_edma_b2b_transfer_master THUMB Debug/fsl_clock.o
                0x00000000200003bc                g_xtalFreq
 .bss.g_rtcXtalFreq
                0x00000000200003c0        0x4 lpspi_edma_b2b_transfer_master THUMB Debug/fsl_clock.o
                0x00000000200003c0                g_rtcXtalFreq
 .bss.s_debugConsoleState
                0x00000000200003c4       0x1c lpspi_edma_b2b_transfer_master THUMB Debug/fsl_debug_console.o
 .bss.g_serialHandle
                0x00000000200003e0        0x4 lpspi_edma_b2b_transfer_master THUMB Debug/fsl_debug_console.o
                0x00000000200003e0                g_serialHandle
 *(COMMON)
                0x00000000200003e4                __bss_end__ = (__bss_start__ + SIZEOF (.bss))
                0x00000000000000bc                __bss_size__ = SIZEOF (.bss)
                0x00000000200003e4                __bss_load_end__ = __bss_end__
                0x0000000000000001                . = ASSERT (((__bss_start__ == __bss_end__) || ((__bss_end__ - __DTCM_segment_start__) <= __DTCM_segment_size__)), error: .bss is too large to fit in DTCM memory segment)
                0x00000000200003e4                __tbss_load_start__ = ALIGN (__bss_end__, 0x4)

.tbss           0x00000000200003e4        0x0
                0x00000000200003e4                __tbss_start__ = .
 *(.tbss .tbss.*)
                0x00000000200003e4                __tbss_end__ = (__tbss_start__ + SIZEOF (.tbss))
                0x0000000000000000                __tbss_size__ = SIZEOF (.tbss)
                0x00000000200003e4                __tbss_load_end__ = __tbss_end__
                0x0000000000000001                . = ASSERT (((__tbss_start__ == __tbss_end__) || ((__tbss_end__ - __DTCM_segment_start__) <= __DTCM_segment_size__)), error: .tbss is too large to fit in DTCM memory segment)
                0x00000000200003e4                __tdata_load_start__ = ALIGN (__tbss_end__, 0x4)

.tdata          0x00000000200003e4        0x0
                0x00000000200003e4                __tdata_start__ = .
 *(.tdata .tdata.*)
                0x00000000200003e4                __tdata_end__ = (__tdata_start__ + SIZEOF (.tdata))
                0x0000000000000000                __tdata_size__ = SIZEOF (.tdata)
                0x00000000200003e4                __tdata_load_end__ = __tdata_end__
                0x0000000000000001                . = ASSERT (((__tdata_start__ == __tdata_end__) || ((__tdata_end__ - __DTCM_segment_start__) <= __DTCM_segment_size__)), error: .tdata is too large to fit in DTCM memory segment)
                0x00000000200003e4                __bss2_load_start__ = ALIGN (__tdata_end__, 0x4)

.bss2           0x00000000200003e4        0x0
                0x00000000200003e4                __bss2_start__ = .
 *(.bss2 .bss2.*)
                0x00000000200003e4                __bss2_end__ = (__bss2_start__ + SIZEOF (.bss2))
                0x0000000000000000                __bss2_size__ = SIZEOF (.bss2)
                0x00000000200003e4                __bss2_load_end__ = __bss2_end__
                0x0000000000000001                . = ASSERT (((__bss2_start__ == __bss2_end__) || ((__bss2_end__ - __DTCM_segment_start__) <= __DTCM_segment_size__)), error: .bss2 is too large to fit in DTCM memory segment)
                0x00000000200003e4                __bss_tcm_load_start__ = ALIGN (__bss2_end__, 0x4)

.bss_tcm        0x00000000200003e4        0x0
                0x00000000200003e4                __bss_tcm_start__ = .
 *(.bss_tcm .bss_tcm.*)
                0x00000000200003e4                __bss_tcm_end__ = (__bss_tcm_start__ + SIZEOF (.bss_tcm))
                0x0000000000000000                __bss_tcm_size__ = SIZEOF (.bss_tcm)
                0x00000000200003e4                __bss_tcm_load_end__ = __bss_tcm_end__
                0x0000000000000001                . = ASSERT (((__bss_tcm_start__ == __bss_tcm_end__) || ((__bss_tcm_end__ - __DTCM_segment_start__) <= __DTCM_segment_size__)), error: .bss_tcm is too large to fit in DTCM memory segment)
                0x00000000200003e4                __non_init_load_start__ = ALIGN (__bss_tcm_end__, 0x4)

.non_init       0x00000000200003e4        0x0
                0x00000000200003e4                __non_init_start__ = .
 *(.non_init .non_init.*)
                0x00000000200003e4                __non_init_end__ = (__non_init_start__ + SIZEOF (.non_init))
                0x0000000000000000                __non_init_size__ = SIZEOF (.non_init)
                0x00000000200003e4                __non_init_load_end__ = __non_init_end__
                0x0000000000000001                . = ASSERT (((__non_init_start__ == __non_init_end__) || ((__non_init_end__ - __DTCM_segment_start__) <= __DTCM_segment_size__)), error: .non_init is too large to fit in DTCM memory segment)
                0x00000000200003e4                __heap_load_start__ = ALIGN (__non_init_end__, 0x4)

.heap           0x00000000200003e4      0x400
                0x00000000200003e4                __heap_start__ = .
 *(.heap .heap.*)
                0x00000000200007e4                . = ALIGN (MAX ((__heap_start__ + __HEAPSIZE__), .), 0x4)
 *fill*         0x00000000200003e4      0x400 
                0x00000000200007e4                __heap_end__ = (__heap_start__ + SIZEOF (.heap))
                0x0000000000000400                __heap_size__ = SIZEOF (.heap)
                0x00000000200007e4                __heap_load_end__ = __heap_end__
                0x0000000000000001                . = ASSERT (((__heap_start__ == __heap_end__) || ((__heap_end__ - __DTCM_segment_start__) <= __DTCM_segment_size__)), error: .heap is too large to fit in DTCM memory segment)
                0x00000000200007e8                __stack_load_start__ = ALIGN (__heap_end__, 0x8)

.stack          0x00000000200007e8      0x400
                0x00000000200007e8                __stack_start__ = .
 *(.stack .stack.*)
                0x0000000020000be8                . = ALIGN (MAX ((__stack_start__ + __STACKSIZE__), .), 0x8)
 *fill*         0x00000000200007e8      0x400 
                0x0000000020000be8                __stack_end__ = (__stack_start__ + SIZEOF (.stack))
                0x0000000000000400                __stack_size__ = SIZEOF (.stack)
                0x0000000020000be8                __stack_load_end__ = __stack_end__
                0x0000000000000001                . = ASSERT (((__stack_start__ == __stack_end__) || ((__stack_end__ - __DTCM_segment_start__) <= __DTCM_segment_size__)), error: .stack is too large to fit in DTCM memory segment)
                0x0000000020000be8                __stack_process_load_start__ = ALIGN (__stack_end__, 0x8)

.stack_process  0x0000000020000be8        0x0
                0x0000000020000be8                __stack_process_start__ = .
 *(.stack_process .stack_process.*)
                0x0000000020000be8                . = ALIGN (MAX ((__stack_process_start__ + __STACKSIZE_PROCESS__), .), 0x8)
                0x0000000020000be8                __stack_process_end__ = (__stack_process_start__ + SIZEOF (.stack_process))
                0x0000000000000000                __stack_process_size__ = SIZEOF (.stack_process)
                0x0000000020000be8                __stack_process_load_end__ = __stack_process_end__
                0x0000000020000be8                __DTCM_segment_used_end__ = (ALIGN (__stack_end__, 0x8) + SIZEOF (.stack_process))
                0x0000000000000be8                __DTCM_segment_used_size__ = (__DTCM_segment_used_end__ - __DTCM_segment_start__)
                0x0000000000000001                . = ASSERT (((__stack_process_start__ == __stack_process_end__) || ((__stack_process_end__ - __DTCM_segment_start__) <= __DTCM_segment_size__)), error: .stack_process is too large to fit in DTCM memory segment)
                0x0000000000000000                __vectors_load_start__ = ALIGN (__ITCM_segment_start__, 0x100)

.vectors        0x0000000000000000      0x400
                0x0000000000000000                __vectors_start__ = .
 *(.vectors .vectors.*)
 .vectors       0x0000000000000000      0x400 lpspi_edma_b2b_transfer_master THUMB Debug/startup_MIMXRT1011.o
                0x0000000000000000                _vectors
                0x0000000000000400                __vectors_end__ = (__vectors_start__ + SIZEOF (.vectors))
                0x0000000000000400                __vectors_size__ = SIZEOF (.vectors)
                0x0000000000000400                __vectors_load_end__ = __vectors_end__
                0x0000000000000001                . = ASSERT (((__vectors_start__ == __vectors_end__) || ((__vectors_end__ - __ITCM_segment_start__) <= __ITCM_segment_size__)), error: .vectors is too large to fit in ITCM memory segment)
                0x0000000000000400                __init_load_start__ = ALIGN (__vectors_end__, 0x4)

.init           0x0000000000000400      0x2b8
                0x0000000000000400                __init_start__ = .
 *(.init .init.*)
 .init          0x0000000000000400      0x1ac lpspi_edma_b2b_transfer_master THUMB Debug/thumb_crt0.o
                0x0000000000000400                _start
                0x00000000000004da                exit
 .init          0x00000000000005ac      0x10c lpspi_edma_b2b_transfer_master THUMB Debug/startup_MIMXRT1011.o
                0x00000000000005ac                NMI_Handler
                0x00000000000005ae                HardFault_Handler
                0x00000000000005b0                MemManage_Handler
                0x00000000000005b2                BusFault_Handler
                0x00000000000005b4                UsageFault_Handler
                0x00000000000005b6                SVC_Handler
                0x00000000000005b8                DebugMon_Handler
                0x00000000000005ba                PendSV_Handler
                0x00000000000005bc                SysTick_Handler
                0x00000000000005be                DMA0_IRQHandler
                0x00000000000005c0                DMA1_IRQHandler
                0x00000000000005c2                DMA2_IRQHandler
                0x00000000000005c4                DMA3_IRQHandler
                0x00000000000005c6                DMA4_IRQHandler
                0x00000000000005c8                DMA5_IRQHandler
                0x00000000000005ca                DMA6_IRQHandler
                0x00000000000005cc                DMA7_IRQHandler
                0x00000000000005ce                DMA8_IRQHandler
                0x00000000000005d0                DMA9_IRQHandler
                0x00000000000005d2                DMA10_IRQHandler
                0x00000000000005d4                DMA11_IRQHandler
                0x00000000000005d6                DMA12_IRQHandler
                0x00000000000005d8                DMA13_IRQHandler
                0x00000000000005da                DMA14_IRQHandler
                0x00000000000005dc                DMA15_IRQHandler
                0x00000000000005de                DMA_ERROR_IRQHandler
                0x00000000000005e0                CTI0_ERROR_IRQHandler
                0x00000000000005e2                CTI1_ERROR_IRQHandler
                0x00000000000005e4                CORE_IRQHandler
                0x00000000000005e6                LPUART1_IRQHandler
                0x00000000000005e8                LPUART2_IRQHandler
                0x00000000000005ea                LPUART3_IRQHandler
                0x00000000000005ec                LPUART4_IRQHandler
                0x00000000000005ee                PIT_IRQHandler
                0x00000000000005f0                USB_OTG1_IRQHandler
                0x00000000000005f2                FLEXSPI_IRQHandler
                0x00000000000005f4                FLEXRAM_IRQHandler
                0x00000000000005f6                LPI2C1_IRQHandler
                0x00000000000005f8                LPI2C2_IRQHandler
                0x00000000000005fa                GPT1_IRQHandler
                0x00000000000005fc                GPT2_IRQHandler
                0x00000000000005fe                LPSPI1_IRQHandler
                0x0000000000000600                LPSPI2_IRQHandler
                0x0000000000000602                PWM1_0_IRQHandler
                0x0000000000000604                PWM1_1_IRQHandler
                0x0000000000000606                PWM1_2_IRQHandler
                0x0000000000000608                PWM1_3_IRQHandler
                0x000000000000060a                PWM1_FAULT_IRQHandler
                0x000000000000060c                KPP_IRQHandler
                0x000000000000060e                SRC_IRQHandler
                0x0000000000000610                GPR_IRQ_IRQHandler
                0x0000000000000612                CCM_1_IRQHandler
                0x0000000000000614                CCM_2_IRQHandler
                0x0000000000000616                EWM_IRQHandler
                0x0000000000000618                WDOG2_IRQHandler
                0x000000000000061a                SNVS_HP_WRAPPER_IRQHandler
                0x000000000000061c                SNVS_HP_WRAPPER_TZ_IRQHandler
                0x000000000000061e                SNVS_LP_WRAPPER_IRQHandler
                0x0000000000000620                CSU_IRQHandler
                0x0000000000000622                DCP_IRQHandler
                0x0000000000000624                DCP_VMI_IRQHandler
                0x0000000000000626                TRNG_IRQHandler
                0x0000000000000628                SAI1_IRQHandler
                0x000000000000062a                RTWDOG_IRQHandler
                0x000000000000062c                SAI3_RX_IRQHandler
                0x000000000000062e                SAI3_TX_IRQHandler
                0x0000000000000630                SPDIF_IRQHandler
                0x0000000000000632                PMU_IRQHandler
                0x0000000000000634                XBAR1_IRQ_0_1_2_3_IRQHandler
                0x0000000000000636                TEMP_LOW_HIGH_IRQHandler
                0x0000000000000638                TEMP_PANIC_IRQHandler
                0x000000000000063a                USB_PHY_IRQHandler
                0x000000000000063c                GPC_IRQHandler
                0x000000000000063e                ADC1_IRQHandler
                0x0000000000000640                FLEXIO1_IRQHandler
                0x0000000000000642                DCDC_IRQHandler
                0x0000000000000644                GPIO1_Combined_0_15_IRQHandler
                0x0000000000000646                GPIO1_Combined_16_31_IRQHandler
                0x0000000000000648                GPIO2_Combined_0_15_IRQHandler
                0x000000000000064a                GPIO5_Combined_0_15_IRQHandler
                0x000000000000064c                WDOG1_IRQHandler
                0x000000000000064e                ADC_ETC_IRQ0_IRQHandler
                0x0000000000000650                ADC_ETC_IRQ1_IRQHandler
                0x0000000000000652                ADC_ETC_IRQ2_IRQHandler
                0x0000000000000654                ADC_ETC_IRQ3_IRQHandler
                0x0000000000000656                ADC_ETC_ERROR_IRQ_IRQHandler
                0x0000000000000658                reset_handler
                0x00000000000006b8                __init_end__ = (__init_start__ + SIZEOF (.init))
                0x00000000000002b8                __init_size__ = SIZEOF (.init)
                0x00000000000006b8                __init_load_end__ = __init_end__
                0x0000000000000001                . = ASSERT (((__init_start__ == __init_end__) || ((__init_end__ - __ITCM_segment_start__) <= __ITCM_segment_size__)), error: .init is too large to fit in ITCM memory segment)
                0x00000000000006b8                __fast_load_start__ = ALIGN (__init_end__, 0x4)

.fast           0x00000000000006b8        0x0
                0x00000000000006b8                __fast_start__ = .
 *(.fast .fast.*)
                0x00000000000006b8                __fast_end__ = (__fast_start__ + SIZEOF (.fast))
                0x0000000000000000                __fast_size__ = SIZEOF (.fast)
                0x00000000000006b8                __fast_load_end__ = __fast_end__
                0x0000000000000001                . = ASSERT (((__fast_start__ == __fast_end__) || ((__fast_end__ - __ITCM_segment_start__) <= __ITCM_segment_size__)), error: .fast is too large to fit in ITCM memory segment)
                0x00000000000006b8                __text_load_start__ = ALIGN (__fast_end__, 0x4)

.text           0x00000000000006b8     0x441e
                0x00000000000006b8                __text_start__ = .
 *(.text .text.* .glue_7t .glue_7 .gnu.linkonce.t.* .gcc_except_table .ARM.extab* .gnu.linkonce.armextab.*)
 .glue_7        0x00000000000006b8        0x0 linker stubs
 .glue_7t       0x00000000000006b8        0x0 linker stubs
 .text.SystemInit
                0x00000000000006b8      0x19c lpspi_edma_b2b_transfer_master THUMB Debug/system_MIMXRT1011.o
                0x00000000000006b8                SystemInit
 .text.CLOCK_SetMux
                0x0000000000000854       0x88 lpspi_edma_b2b_transfer_master THUMB Debug/lpspi_edma_b2b_transfer_master.o
 .text.CLOCK_SetDiv
                0x00000000000008dc       0x88 lpspi_edma_b2b_transfer_master THUMB Debug/lpspi_edma_b2b_transfer_master.o
 .text.DMAMUX_EnableChannel
                0x0000000000000964       0x20 lpspi_edma_b2b_transfer_master THUMB Debug/lpspi_edma_b2b_transfer_master.o
 .text.DMAMUX_SetSource
                0x0000000000000984       0x36 lpspi_edma_b2b_transfer_master THUMB Debug/lpspi_edma_b2b_transfer_master.o
 *fill*         0x00000000000009ba        0x2 
 .text.LPSPI_MasterUserCallback
                0x00000000000009bc       0x30 lpspi_edma_b2b_transfer_master THUMB Debug/lpspi_edma_b2b_transfer_master.o
                0x00000000000009bc                LPSPI_MasterUserCallback
 .text.main     0x00000000000009ec      0x350 lpspi_edma_b2b_transfer_master THUMB Debug/lpspi_edma_b2b_transfer_master.o
                0x00000000000009ec                main
 .text.CLOCK_ControlGate
                0x0000000000000d3c       0x58 lpspi_edma_b2b_transfer_master THUMB Debug/pin_mux.o
 .text.CLOCK_EnableClock
                0x0000000000000d94       0x1e lpspi_edma_b2b_transfer_master THUMB Debug/pin_mux.o
 .text.IOMUXC_SetPinMux
                0x0000000000000db2       0x30 lpspi_edma_b2b_transfer_master THUMB Debug/pin_mux.o
 .text.IOMUXC_SetPinConfig
                0x0000000000000de2       0x1c lpspi_edma_b2b_transfer_master THUMB Debug/pin_mux.o
 *fill*         0x0000000000000dfe        0x2 
 .text.BOARD_InitPins
                0x0000000000000e00      0x158 lpspi_edma_b2b_transfer_master THUMB Debug/pin_mux.o
                0x0000000000000e00                BOARD_InitPins
 .text.ARM_MPU_Enable
                0x0000000000000f58       0x30 lpspi_edma_b2b_transfer_master THUMB Debug/board.o
 .text.ARM_MPU_Disable
                0x0000000000000f88       0x28 lpspi_edma_b2b_transfer_master THUMB Debug/board.o
 .text.CLOCK_GetMux
                0x0000000000000fb0       0x3c lpspi_edma_b2b_transfer_master THUMB Debug/board.o
 .text.CLOCK_GetDiv
                0x0000000000000fec       0x3c lpspi_edma_b2b_transfer_master THUMB Debug/board.o
 .text.CLOCK_GetOscFreq
                0x0000000000001028       0x28 lpspi_edma_b2b_transfer_master THUMB Debug/board.o
 .text.BOARD_DebugConsoleSrcFreq
                0x0000000000001050       0x60 lpspi_edma_b2b_transfer_master THUMB Debug/board.o
                0x0000000000001050                BOARD_DebugConsoleSrcFreq
 .text.BOARD_InitDebugConsole
                0x00000000000010b0       0x20 lpspi_edma_b2b_transfer_master THUMB Debug/board.o
                0x00000000000010b0                BOARD_InitDebugConsole
 .text.BOARD_ConfigMPU
                0x00000000000010d0      0x24c lpspi_edma_b2b_transfer_master THUMB Debug/board.o
                0x00000000000010d0                BOARD_ConfigMPU
 .text.SystemInitHook
                0x000000000000131c       0x14 lpspi_edma_b2b_transfer_master THUMB Debug/board.o
                0x000000000000131c                SystemInitHook
 .text.CLOCK_SetMux
                0x0000000000001330       0x88 lpspi_edma_b2b_transfer_master THUMB Debug/clock_config.o
 .text.CLOCK_SetDiv
                0x00000000000013b8       0x88 lpspi_edma_b2b_transfer_master THUMB Debug/clock_config.o
 .text.CLOCK_ControlGate
                0x0000000000001440       0x58 lpspi_edma_b2b_transfer_master THUMB Debug/clock_config.o
 .text.CLOCK_DisableClock
                0x0000000000001498       0x1e lpspi_edma_b2b_transfer_master THUMB Debug/clock_config.o
 *fill*         0x00000000000014b6        0x2 
 .text.CLOCK_SetXtalFreq
                0x00000000000014b8       0x14 lpspi_edma_b2b_transfer_master THUMB Debug/clock_config.o
 .text.CLOCK_SetRtcXtalFreq
                0x00000000000014cc       0x14 lpspi_edma_b2b_transfer_master THUMB Debug/clock_config.o
 .text.CLOCK_SetPllBypass
                0x00000000000014e0       0x48 lpspi_edma_b2b_transfer_master THUMB Debug/clock_config.o
 .text.IOMUXC_SetSaiMClkClockSource
                0x0000000000001528       0x74 lpspi_edma_b2b_transfer_master THUMB Debug/clock_config.o
 .text.IOMUXC_MQSConfig
                0x000000000000159c       0x44 lpspi_edma_b2b_transfer_master THUMB Debug/clock_config.o
 .text.BOARD_BootClockRUN
                0x00000000000015e0      0x3bc lpspi_edma_b2b_transfer_master THUMB Debug/clock_config.o
                0x00000000000015e0                BOARD_BootClockRUN
 .text.CLOCK_ControlGate
                0x000000000000199c       0x58 lpspi_edma_b2b_transfer_master THUMB Debug/fsl_lpspi.o
 .text.CLOCK_EnableClock
                0x00000000000019f4       0x1e lpspi_edma_b2b_transfer_master THUMB Debug/fsl_lpspi.o
 .text.LPSPI_Enable
                0x0000000000001a12       0x32 lpspi_edma_b2b_transfer_master THUMB Debug/fsl_lpspi.o
 .text.LPSPI_SetMasterSlaveMode
                0x0000000000001a44       0x26 lpspi_edma_b2b_transfer_master THUMB Debug/fsl_lpspi.o
 .text.LPSPI_IsMaster
                0x0000000000001a6a       0x1c lpspi_edma_b2b_transfer_master THUMB Debug/fsl_lpspi.o
 .text.LPSPI_SetFifoWatermarks
                0x0000000000001a86       0x22 lpspi_edma_b2b_transfer_master THUMB Debug/fsl_lpspi.o
 .text.LPSPI_GetInstance
                0x0000000000001aa8       0x48 lpspi_edma_b2b_transfer_master THUMB Debug/fsl_lpspi.o
                0x0000000000001aa8                LPSPI_GetInstance
 .text.LPSPI_SetDummyData
                0x0000000000001af0       0x2c lpspi_edma_b2b_transfer_master THUMB Debug/fsl_lpspi.o
                0x0000000000001af0                LPSPI_SetDummyData
 .text.LPSPI_MasterInit
                0x0000000000001b1c      0x108 lpspi_edma_b2b_transfer_master THUMB Debug/fsl_lpspi.o
                0x0000000000001b1c                LPSPI_MasterInit
 .text.LPSPI_SetOnePcsPolarity
                0x0000000000001c24       0x44 lpspi_edma_b2b_transfer_master THUMB Debug/fsl_lpspi.o
 .text.LPSPI_MasterSetBaudRate
                0x0000000000001c68       0xdc lpspi_edma_b2b_transfer_master THUMB Debug/fsl_lpspi.o
                0x0000000000001c68                LPSPI_MasterSetBaudRate
 .text.LPSPI_MasterSetDelayScaler
                0x0000000000001d44       0x66 lpspi_edma_b2b_transfer_master THUMB Debug/fsl_lpspi.o
                0x0000000000001d44                LPSPI_MasterSetDelayScaler
 *fill*         0x0000000000001daa        0x6 
 .text.LPSPI_MasterSetDelayTimes
                0x0000000000001db0      0x20c lpspi_edma_b2b_transfer_master THUMB Debug/fsl_lpspi.o
                0x0000000000001db0                LPSPI_MasterSetDelayTimes
 .text.LPSPI_CheckTransferArgument
                0x0000000000001fbc       0x82 lpspi_edma_b2b_transfer_master THUMB Debug/fsl_lpspi.o
                0x0000000000001fbc                LPSPI_CheckTransferArgument
 .text.LPSPI_Enable
                0x000000000000203e       0x32 lpspi_edma_b2b_transfer_master THUMB Debug/fsl_lpspi_edma.o
 .text.LPSPI_GetRxFifoSize
                0x0000000000002070       0x18 lpspi_edma_b2b_transfer_master THUMB Debug/fsl_lpspi_edma.o
 .text.LPSPI_GetRxFifoCount
                0x0000000000002088       0x14 lpspi_edma_b2b_transfer_master THUMB Debug/fsl_lpspi_edma.o
 .text.LPSPI_ClearStatusFlags
                0x000000000000209c       0x12 lpspi_edma_b2b_transfer_master THUMB Debug/fsl_lpspi_edma.o
 .text.LPSPI_DisableInterrupts
                0x00000000000020ae       0x1a lpspi_edma_b2b_transfer_master THUMB Debug/fsl_lpspi_edma.o
 .text.LPSPI_EnableDMA
                0x00000000000020c8       0x18 lpspi_edma_b2b_transfer_master THUMB Debug/fsl_lpspi_edma.o
 .text.LPSPI_DisableDMA
                0x00000000000020e0       0x1a lpspi_edma_b2b_transfer_master THUMB Debug/fsl_lpspi_edma.o
 .text.LPSPI_GetTxRegisterAddress
                0x00000000000020fa        0xe lpspi_edma_b2b_transfer_master THUMB Debug/fsl_lpspi_edma.o
 .text.LPSPI_GetRxRegisterAddress
                0x0000000000002108        0xe lpspi_edma_b2b_transfer_master THUMB Debug/fsl_lpspi_edma.o
 .text.LPSPI_FlushFifo
                0x0000000000002116       0x2e lpspi_edma_b2b_transfer_master THUMB Debug/fsl_lpspi_edma.o
 .text.LPSPI_SetFifoWatermarks
                0x0000000000002144       0x22 lpspi_edma_b2b_transfer_master THUMB Debug/fsl_lpspi_edma.o
 .text.LPSPI_ReadData
                0x0000000000002166        0xe lpspi_edma_b2b_transfer_master THUMB Debug/fsl_lpspi_edma.o
 .text.LPSPI_GetInstance
                0x0000000000002174       0x48 lpspi_edma_b2b_transfer_master THUMB Debug/fsl_lpspi_edma.o
 .text.LPSPI_SeparateEdmaReadData
                0x00000000000021bc       0xe6 lpspi_edma_b2b_transfer_master THUMB Debug/fsl_lpspi_edma.o
 *fill*         0x00000000000022a2        0x2 
 .text.LPSPI_MasterTransferCreateHandleEDMA
                0x00000000000022a4       0x58 lpspi_edma_b2b_transfer_master THUMB Debug/fsl_lpspi_edma.o
                0x00000000000022a4                LPSPI_MasterTransferCreateHandleEDMA
 .text.LPSPI_MasterTransferEDMA
                0x00000000000022fc      0x618 lpspi_edma_b2b_transfer_master THUMB Debug/fsl_lpspi_edma.o
                0x00000000000022fc                LPSPI_MasterTransferEDMA
 .text.EDMA_LpspiMasterCallback
                0x0000000000002914       0xb6 lpspi_edma_b2b_transfer_master THUMB Debug/fsl_lpspi_edma.o
 *fill*         0x00000000000029ca        0x2 
 .text.__NVIC_EnableIRQ
                0x00000000000029cc       0x34 lpspi_edma_b2b_transfer_master THUMB Debug/fsl_edma.o
 .text.CLOCK_ControlGate
                0x0000000000002a00       0x58 lpspi_edma_b2b_transfer_master THUMB Debug/fsl_edma.o
 .text.CLOCK_EnableClock
                0x0000000000002a58       0x1e lpspi_edma_b2b_transfer_master THUMB Debug/fsl_edma.o
 .text.EnableIRQ
                0x0000000000002a76       0x2c lpspi_edma_b2b_transfer_master THUMB Debug/fsl_edma.o
 .text.DisableGlobalIRQ
                0x0000000000002aa2       0x16 lpspi_edma_b2b_transfer_master THUMB Debug/fsl_edma.o
 .text.EnableGlobalIRQ
                0x0000000000002ab8       0x14 lpspi_edma_b2b_transfer_master THUMB Debug/fsl_edma.o
 .text.EDMA_GetInstance
                0x0000000000002acc       0x30 lpspi_edma_b2b_transfer_master THUMB Debug/fsl_edma.o
 .text.EDMA_Init
                0x0000000000002afc       0x82 lpspi_edma_b2b_transfer_master THUMB Debug/fsl_edma.o
                0x0000000000002afc                EDMA_Init
 .text.EDMA_GetDefaultConfig
                0x0000000000002b7e       0x30 lpspi_edma_b2b_transfer_master THUMB Debug/fsl_edma.o
                0x0000000000002b7e                EDMA_GetDefaultConfig
 .text.EDMA_ResetChannel
                0x0000000000002bae       0x20 lpspi_edma_b2b_transfer_master THUMB Debug/fsl_edma.o
                0x0000000000002bae                EDMA_ResetChannel
 .text.EDMA_SetTransferConfig
                0x0000000000002bce       0x28 lpspi_edma_b2b_transfer_master THUMB Debug/fsl_edma.o
                0x0000000000002bce                EDMA_SetTransferConfig
 .text.EDMA_EnableChannelInterrupts
                0x0000000000002bf6       0x92 lpspi_edma_b2b_transfer_master THUMB Debug/fsl_edma.o
                0x0000000000002bf6                EDMA_EnableChannelInterrupts
 .text.EDMA_TcdReset
                0x0000000000002c88       0x4c lpspi_edma_b2b_transfer_master THUMB Debug/fsl_edma.o
                0x0000000000002c88                EDMA_TcdReset
 .text.EDMA_TcdSetTransferConfig
                0x0000000000002cd4       0x98 lpspi_edma_b2b_transfer_master THUMB Debug/fsl_edma.o
                0x0000000000002cd4                EDMA_TcdSetTransferConfig
 .text.Get_StartInstance
                0x0000000000002d6c       0x20 lpspi_edma_b2b_transfer_master THUMB Debug/fsl_edma.o
 .text.EDMA_CreateHandle
                0x0000000000002d8c       0xc8 lpspi_edma_b2b_transfer_master THUMB Debug/fsl_edma.o
                0x0000000000002d8c                EDMA_CreateHandle
 .text.EDMA_SetCallback
                0x0000000000002e54       0x1a lpspi_edma_b2b_transfer_master THUMB Debug/fsl_edma.o
                0x0000000000002e54                EDMA_SetCallback
 .text.EDMA_StartTransfer
                0x0000000000002e6e       0x9e lpspi_edma_b2b_transfer_master THUMB Debug/fsl_edma.o
                0x0000000000002e6e                EDMA_StartTransfer
 .text.CLOCK_ControlGate
                0x0000000000002f0c       0x58 lpspi_edma_b2b_transfer_master THUMB Debug/fsl_dmamux.o
 .text.CLOCK_EnableClock
                0x0000000000002f64       0x1e lpspi_edma_b2b_transfer_master THUMB Debug/fsl_dmamux.o
 *fill*         0x0000000000002f82        0x2 
 .text.DMAMUX_GetInstance
                0x0000000000002f84       0x30 lpspi_edma_b2b_transfer_master THUMB Debug/fsl_dmamux.o
 .text.DMAMUX_Init
                0x0000000000002fb4       0x1e lpspi_edma_b2b_transfer_master THUMB Debug/fsl_dmamux.o
                0x0000000000002fb4                DMAMUX_Init
 *fill*         0x0000000000002fd2        0x2 
 .text.CLOCK_GetOscFreq
                0x0000000000002fd4       0x28 lpspi_edma_b2b_transfer_master THUMB Debug/fsl_clock.o
 .text.CLOCK_GetRtcFreq
                0x0000000000002ffc        0x8 lpspi_edma_b2b_transfer_master THUMB Debug/fsl_clock.o
 .text.CLOCK_IsPllBypassed
                0x0000000000003004       0x28 lpspi_edma_b2b_transfer_master THUMB Debug/fsl_clock.o
 .text.CLOCK_IsPllEnabled
                0x000000000000302c       0x32 lpspi_edma_b2b_transfer_master THUMB Debug/fsl_clock.o
 .text.CLOCK_GetPllBypassRefClk
                0x000000000000305e       0x32 lpspi_edma_b2b_transfer_master THUMB Debug/fsl_clock.o
 .text.CLOCK_GetPeriphClkFreq
                0x0000000000003090       0xb8 lpspi_edma_b2b_transfer_master THUMB Debug/fsl_clock.o
 .text.CLOCK_InitExternalClk
                0x0000000000003148       0x50 lpspi_edma_b2b_transfer_master THUMB Debug/fsl_clock.o
                0x0000000000003148                CLOCK_InitExternalClk
 .text.CLOCK_SwitchOsc
                0x0000000000003198       0x2c lpspi_edma_b2b_transfer_master THUMB Debug/fsl_clock.o
                0x0000000000003198                CLOCK_SwitchOsc
 .text.CLOCK_InitRcOsc24M
                0x00000000000031c4       0x18 lpspi_edma_b2b_transfer_master THUMB Debug/fsl_clock.o
                0x00000000000031c4                CLOCK_InitRcOsc24M
 .text.CLOCK_GetCoreFreq
                0x00000000000031dc       0x20 lpspi_edma_b2b_transfer_master THUMB Debug/fsl_clock.o
                0x00000000000031dc                CLOCK_GetCoreFreq
 .text.CLOCK_GetIpgFreq
                0x00000000000031fc       0x20 lpspi_edma_b2b_transfer_master THUMB Debug/fsl_clock.o
                0x00000000000031fc                CLOCK_GetIpgFreq
 .text.CLOCK_GetPerClkFreq
                0x000000000000321c       0x40 lpspi_edma_b2b_transfer_master THUMB Debug/fsl_clock.o
                0x000000000000321c                CLOCK_GetPerClkFreq
 .text.CLOCK_GetFreq
                0x000000000000325c      0x120 lpspi_edma_b2b_transfer_master THUMB Debug/fsl_clock.o
                0x000000000000325c                CLOCK_GetFreq
 .text.CLOCK_InitSysPll
                0x000000000000337c       0x94 lpspi_edma_b2b_transfer_master THUMB Debug/fsl_clock.o
                0x000000000000337c                CLOCK_InitSysPll
 .text.CLOCK_DeinitAudioPll
                0x0000000000003410       0x10 lpspi_edma_b2b_transfer_master THUMB Debug/fsl_clock.o
                0x0000000000003410                CLOCK_DeinitAudioPll
 .text.CLOCK_InitEnetPll
                0x0000000000003420       0x70 lpspi_edma_b2b_transfer_master THUMB Debug/fsl_clock.o
                0x0000000000003420                CLOCK_InitEnetPll
 .text.CLOCK_GetPllFreq
                0x0000000000003490      0x1c0 lpspi_edma_b2b_transfer_master THUMB Debug/fsl_clock.o
                0x0000000000003490                CLOCK_GetPllFreq
 .text.CLOCK_InitSysPfd
                0x0000000000003650       0x60 lpspi_edma_b2b_transfer_master THUMB Debug/fsl_clock.o
                0x0000000000003650                CLOCK_InitSysPfd
 .text.CLOCK_GetSysPfdFreq
                0x00000000000036b0       0xac lpspi_edma_b2b_transfer_master THUMB Debug/fsl_clock.o
                0x00000000000036b0                CLOCK_GetSysPfdFreq
 .text.CLOCK_GetUsb1PfdFreq
                0x000000000000375c       0xac lpspi_edma_b2b_transfer_master THUMB Debug/fsl_clock.o
                0x000000000000375c                CLOCK_GetUsb1PfdFreq
 .text.CLOCK_ControlGate
                0x0000000000003808       0x58 lpspi_edma_b2b_transfer_master THUMB Debug/fsl_lpuart.o
 .text.CLOCK_EnableClock
                0x0000000000003860       0x1e lpspi_edma_b2b_transfer_master THUMB Debug/fsl_lpuart.o
 .text.LPUART_SoftwareReset
                0x000000000000387e       0x22 lpspi_edma_b2b_transfer_master THUMB Debug/fsl_lpuart.o
 .text.LPUART_GetInstance
                0x00000000000038a0       0x34 lpspi_edma_b2b_transfer_master THUMB Debug/fsl_lpuart.o
                0x00000000000038a0                LPUART_GetInstance
 .text.LPUART_Init
                0x00000000000038d4      0x308 lpspi_edma_b2b_transfer_master THUMB Debug/fsl_lpuart.o
                0x00000000000038d4                LPUART_Init
 .text.LPUART_GetDefaultConfig
                0x0000000000003bdc       0x74 lpspi_edma_b2b_transfer_master THUMB Debug/fsl_lpuart.o
                0x0000000000003bdc                LPUART_GetDefaultConfig
 .text.LPUART_GetStatusFlags
                0x0000000000003c50       0x22 lpspi_edma_b2b_transfer_master THUMB Debug/fsl_lpuart.o
                0x0000000000003c50                LPUART_GetStatusFlags
 *fill*         0x0000000000003c72        0x2 
 .text.LPUART_ClearStatusFlags
                0x0000000000003c74       0xa0 lpspi_edma_b2b_transfer_master THUMB Debug/fsl_lpuart.o
                0x0000000000003c74                LPUART_ClearStatusFlags
 .text.LPUART_WriteBlocking
                0x0000000000003d14       0x50 lpspi_edma_b2b_transfer_master THUMB Debug/fsl_lpuart.o
                0x0000000000003d14                LPUART_WriteBlocking
 .text.LPUART_ReadBlocking
                0x0000000000003d64      0x15a lpspi_edma_b2b_transfer_master THUMB Debug/fsl_lpuart.o
                0x0000000000003d64                LPUART_ReadBlocking
 *fill*         0x0000000000003ebe        0x2 
 .text.DbgConsole_ReadOneCharacter
                0x0000000000003ec0       0x34 lpspi_edma_b2b_transfer_master THUMB Debug/fsl_debug_console.o
                0x0000000000003ec0                DbgConsole_ReadOneCharacter
 .text.DbgConsole_SendDataReliable
                0x0000000000003ef4       0x38 lpspi_edma_b2b_transfer_master THUMB Debug/fsl_debug_console.o
                0x0000000000003ef4                DbgConsole_SendDataReliable
 .text.DbgConsole_ReadCharacter
                0x0000000000003f2c       0x28 lpspi_edma_b2b_transfer_master THUMB Debug/fsl_debug_console.o
                0x0000000000003f2c                DbgConsole_ReadCharacter
 .text.DbgConsole_PrintCallback
                0x0000000000003f54       0x66 lpspi_edma_b2b_transfer_master THUMB Debug/fsl_debug_console.o
 *fill*         0x0000000000003fba        0x2 
 .text.DbgConsole_Init
                0x0000000000003fbc       0xe4 lpspi_edma_b2b_transfer_master THUMB Debug/fsl_debug_console.o
                0x0000000000003fbc                DbgConsole_Init
 .text.DbgConsole_Printf
                0x00000000000040a0       0x5c lpspi_edma_b2b_transfer_master THUMB Debug/fsl_debug_console.o
                0x00000000000040a0                DbgConsole_Printf
 .text.DbgConsole_Getchar
                0x00000000000040fc       0x20 lpspi_edma_b2b_transfer_master THUMB Debug/fsl_debug_console.o
                0x00000000000040fc                DbgConsole_Getchar
 .text.ConvertRadixNumToString
                0x000000000000411c      0x10a lpspi_edma_b2b_transfer_master THUMB Debug/fsl_str.o
 .text.StrFormatPrintf
                0x0000000000004226      0x2e8 lpspi_edma_b2b_transfer_master THUMB Debug/fsl_str.o
                0x0000000000004226                StrFormatPrintf
 .text.HAL_UartGetStatus
                0x000000000000450e       0x18 lpspi_edma_b2b_transfer_master THUMB Debug/lpuart_adapter.o
 *fill*         0x0000000000004526        0x2 
 .text.HAL_UartInit
                0x0000000000004528       0xbc lpspi_edma_b2b_transfer_master THUMB Debug/lpuart_adapter.o
                0x0000000000004528                HAL_UartInit
 .text.HAL_UartReceiveBlocking
                0x00000000000045e4       0x3c lpspi_edma_b2b_transfer_master THUMB Debug/lpuart_adapter.o
                0x00000000000045e4                HAL_UartReceiveBlocking
 .text.HAL_UartSendBlocking
                0x0000000000004620       0x34 lpspi_edma_b2b_transfer_master THUMB Debug/lpuart_adapter.o
                0x0000000000004620                HAL_UartSendBlocking
 .text.DisableGlobalIRQ
                0x0000000000004654       0x16 lpspi_edma_b2b_transfer_master THUMB Debug/serial_manager.o
 .text.EnableGlobalIRQ
                0x000000000000466a       0x14 lpspi_edma_b2b_transfer_master THUMB Debug/serial_manager.o
 .text.SerialManager_StartWriting
                0x000000000000467e       0x50 lpspi_edma_b2b_transfer_master THUMB Debug/serial_manager.o
 .text.SerialManager_StartReading
                0x00000000000046ce       0x50 lpspi_edma_b2b_transfer_master THUMB Debug/serial_manager.o
 .text.SerialManager_Write
                0x000000000000471e       0x2a lpspi_edma_b2b_transfer_master THUMB Debug/serial_manager.o
 .text.SerialManager_Read
                0x0000000000004748       0x2a lpspi_edma_b2b_transfer_master THUMB Debug/serial_manager.o
 .text.SerialManager_Init
                0x0000000000004772       0x56 lpspi_edma_b2b_transfer_master THUMB Debug/serial_manager.o
                0x0000000000004772                SerialManager_Init
 .text.SerialManager_OpenWriteHandle
                0x00000000000047c8       0x40 lpspi_edma_b2b_transfer_master THUMB Debug/serial_manager.o
                0x00000000000047c8                SerialManager_OpenWriteHandle
 .text.SerialManager_OpenReadHandle
                0x0000000000004808       0x50 lpspi_edma_b2b_transfer_master THUMB Debug/serial_manager.o
                0x0000000000004808                SerialManager_OpenReadHandle
 .text.SerialManager_WriteBlocking
                0x0000000000004858       0x1e lpspi_edma_b2b_transfer_master THUMB Debug/serial_manager.o
                0x0000000000004858                SerialManager_WriteBlocking
 .text.SerialManager_ReadBlocking
                0x0000000000004876       0x1e lpspi_edma_b2b_transfer_master THUMB Debug/serial_manager.o
                0x0000000000004876                SerialManager_ReadBlocking
 .text.Serial_UartInit
                0x0000000000004894       0x66 lpspi_edma_b2b_transfer_master THUMB Debug/serial_port_uart.o
                0x0000000000004894                Serial_UartInit
 .text.Serial_UartWrite
                0x00000000000048fa       0x24 lpspi_edma_b2b_transfer_master THUMB Debug/serial_port_uart.o
                0x00000000000048fa                Serial_UartWrite
 .text.Serial_UartRead
                0x000000000000491e       0x24 lpspi_edma_b2b_transfer_master THUMB Debug/serial_port_uart.o
                0x000000000000491e                Serial_UartRead
 .text.libc.__int64_udivmod
                0x0000000000004942       0xce C:/Program Files/Rowley CrossWorks for ARM 4.5/lib/libc_v7em_fpv5_sp_d16_hard_t_le_eabi.a(libc_asm.o)
                0x0000000000004942                __aeabi_uldivmod
                0x0000000000004942                __int64_udiv
                0x0000000000004942                __udivdi3
                0x0000000000004942                __int64_udivmod
 .text.libc.memset
                0x0000000000004a10       0x66 C:/Program Files/Rowley CrossWorks for ARM 4.5/lib/libc_v7em_fpv5_sp_d16_hard_t_le_eabi.a(libc2_asm.o)
                0x0000000000004a10                memset
 .text.libc.strlen
                0x0000000000004a76       0x60 C:/Program Files/Rowley CrossWorks for ARM 4.5/lib/libc_v7em_fpv5_sp_d16_hard_t_le_eabi.a(libc2_asm.o)
                0x0000000000004a76                strlen
                0x0000000000004ad6                __text_end__ = (__text_start__ + SIZEOF (.text))
                0x000000000000441e                __text_size__ = SIZEOF (.text)
                0x0000000000004ad6                __text_load_end__ = __text_end__

.vfp11_veneer   0x0000000100000124        0x0 load address 0x0000000000004ad8
 .vfp11_veneer  0x0000000100000124        0x0 linker stubs

.v4_bx          0x0000000100000124        0x0 load address 0x0000000000004ad8
 .v4_bx         0x0000000100000124        0x0 linker stubs

.iplt           0x0000000100000124        0x0 load address 0x0000000000004ad8
 .iplt          0x0000000100000124        0x0 lpspi_edma_b2b_transfer_master THUMB Debug/thumb_crt0.o

.rel.dyn        0x0000000060000000        0x0
 .rel.iplt      0x0000000060000000        0x0 lpspi_edma_b2b_transfer_master THUMB Debug/thumb_crt0.o
                0x0000000000000001                . = ASSERT (((__text_start__ == __text_end__) || ((__text_end__ - __ITCM_segment_start__) <= __ITCM_segment_size__)), error: .text is too large to fit in ITCM memory segment)
                0x0000000000004ad8                __text2_load_start__ = ALIGN (__text_end__, 0x4)

.text2          0x0000000000004ad8        0x0
                0x0000000000004ad8                __text2_start__ = .
 *(.text2 .text2.*)
                0x0000000000004ad8                __text2_end__ = (__text2_start__ + SIZEOF (.text2))
                0x0000000000000000                __text2_size__ = SIZEOF (.text2)
                0x0000000000004ad8                __text2_load_end__ = __text2_end__
                0x0000000000000001                . = ASSERT (((__text2_start__ == __text2_end__) || ((__text2_end__ - __ITCM_segment_start__) <= __ITCM_segment_size__)), error: .text2 is too large to fit in ITCM memory segment)
                0x0000000000004ad8                __text_tcm_load_start__ = ALIGN (__text2_end__, 0x4)

.text_tcm       0x0000000000004ad8        0x0
                0x0000000000004ad8                __text_tcm_start__ = .
 *(.text_tcm .text_tcm.*)
                0x0000000000004ad8                __text_tcm_end__ = (__text_tcm_start__ + SIZEOF (.text_tcm))
                0x0000000000000000                __text_tcm_size__ = SIZEOF (.text_tcm)
                0x0000000000004ad8                __text_tcm_load_end__ = __text_tcm_end__
                0x0000000000004ad8                __ITCM_segment_used_end__ = (ALIGN (__text2_end__, 0x4) + SIZEOF (.text_tcm))
                0x0000000000004ad8                __ITCM_segment_used_size__ = (__ITCM_segment_used_end__ - __ITCM_segment_start__)
                0x0000000000000001                . = ASSERT (((__text_tcm_start__ == __text_tcm_end__) || ((__text_tcm_end__ - __ITCM_segment_start__) <= __ITCM_segment_size__)), error: .text_tcm is too large to fit in ITCM memory segment)
START GROUP
LOAD lpspi_edma_b2b_transfer_master THUMB Debug/thumb_crt0.o
LOAD lpspi_edma_b2b_transfer_master THUMB Debug/startup_MIMXRT1011.o
LOAD lpspi_edma_b2b_transfer_master THUMB Debug/system_MIMXRT1011.o
LOAD lpspi_edma_b2b_transfer_master THUMB Debug/lpspi_edma_b2b_transfer_master.o
LOAD lpspi_edma_b2b_transfer_master THUMB Debug/pin_mux.o
LOAD lpspi_edma_b2b_transfer_master THUMB Debug/board.o
LOAD lpspi_edma_b2b_transfer_master THUMB Debug/clock_config.o
LOAD lpspi_edma_b2b_transfer_master THUMB Debug/fsl_lpspi.o
LOAD lpspi_edma_b2b_transfer_master THUMB Debug/fsl_lpspi_edma.o
LOAD lpspi_edma_b2b_transfer_master THUMB Debug/fsl_edma.o
LOAD lpspi_edma_b2b_transfer_master THUMB Debug/fsl_dmamux.o
LOAD lpspi_edma_b2b_transfer_master THUMB Debug/fsl_clock.o
LOAD lpspi_edma_b2b_transfer_master THUMB Debug/fsl_common.o
LOAD lpspi_edma_b2b_transfer_master THUMB Debug/fsl_lpuart.o
LOAD lpspi_edma_b2b_transfer_master THUMB Debug/fsl_gpio.o
LOAD lpspi_edma_b2b_transfer_master THUMB Debug/fsl_debug_console.o
LOAD lpspi_edma_b2b_transfer_master THUMB Debug/fsl_str.o
LOAD lpspi_edma_b2b_transfer_master THUMB Debug/fsl_assert.o
LOAD lpspi_edma_b2b_transfer_master THUMB Debug/lpuart_adapter.o
LOAD lpspi_edma_b2b_transfer_master THUMB Debug/serial_manager.o
LOAD lpspi_edma_b2b_transfer_master THUMB Debug/serial_port_uart.o
LOAD lpspi_edma_b2b_transfer_master THUMB Debug/generic_list.o
LOAD lpspi_edma_b2b_transfer_master THUMB Debug/fsl_flexspi_nor_boot.o
LOAD lpspi_edma_b2b_transfer_master THUMB Debug/evkmimxrt1010_flexspi_nor_config.o
LOAD C:/Program Files/Rowley CrossWorks for ARM 4.5/lib/libcm_v7em_fpv5_sp_d16_hard_t_le_eabi.a
LOAD C:/Program Files/Rowley CrossWorks for ARM 4.5/lib/libdebugio_mempoll_v7em_fpv5_sp_d16_hard_t_le_eabi.a
LOAD C:/Program Files/Rowley CrossWorks for ARM 4.5/lib/libm_v7em_fpv5_sp_d16_hard_t_le_eabi.a
LOAD C:/Program Files/Rowley CrossWorks for ARM 4.5/lib/libc_v7em_fpv5_sp_d16_hard_t_le_eabi.a
LOAD C:/Program Files/Rowley CrossWorks for ARM 4.5/lib/libcpp_v7em_fpv5_sp_d16_hard_t_le_eabi.a
LOAD C:/Program Files/Rowley CrossWorks for ARM 4.5/lib/libdebugio_v7em_fpv5_sp_d16_hard_t_le_eabi.a
LOAD C:/Program Files/Rowley CrossWorks for ARM 4.5/lib/libvfprintf_v7em_fpv5_sp_d16_hard_t_le_eabi.o
LOAD C:/Program Files/Rowley CrossWorks for ARM 4.5/lib/libvfscanf_v7em_fpv5_sp_d16_hard_t_le_eabi.o
END GROUP
OUTPUT(lpspi_edma_b2b_transfer_master THUMB Debug/lpspi_edma_b2b_transfer_master.elf elf32-littlearm)

.ARM.attributes
                0x0000000000000000       0x35
 .ARM.attributes
                0x0000000000000000       0x25 lpspi_edma_b2b_transfer_master THUMB Debug/thumb_crt0.o
 .ARM.attributes
                0x0000000000000025       0x25 lpspi_edma_b2b_transfer_master THUMB Debug/startup_MIMXRT1011.o
 .ARM.attributes
                0x000000000000004a       0x39 lpspi_edma_b2b_transfer_master THUMB Debug/system_MIMXRT1011.o
 .ARM.attributes
                0x0000000000000083       0x39 lpspi_edma_b2b_transfer_master THUMB Debug/lpspi_edma_b2b_transfer_master.o
 .ARM.attributes
                0x00000000000000bc       0x39 lpspi_edma_b2b_transfer_master THUMB Debug/pin_mux.o
 .ARM.attributes
                0x00000000000000f5       0x39 lpspi_edma_b2b_transfer_master THUMB Debug/board.o
 .ARM.attributes
                0x000000000000012e       0x39 lpspi_edma_b2b_transfer_master THUMB Debug/clock_config.o
 .ARM.attributes
                0x0000000000000167       0x39 lpspi_edma_b2b_transfer_master THUMB Debug/fsl_lpspi.o
 .ARM.attributes
                0x00000000000001a0       0x39 lpspi_edma_b2b_transfer_master THUMB Debug/fsl_lpspi_edma.o
 .ARM.attributes
                0x00000000000001d9       0x39 lpspi_edma_b2b_transfer_master THUMB Debug/fsl_edma.o
 .ARM.attributes
                0x0000000000000212       0x39 lpspi_edma_b2b_transfer_master THUMB Debug/fsl_dmamux.o
 .ARM.attributes
                0x000000000000024b       0x39 lpspi_edma_b2b_transfer_master THUMB Debug/fsl_clock.o
 .ARM.attributes
                0x0000000000000284       0x39 lpspi_edma_b2b_transfer_master THUMB Debug/fsl_lpuart.o
 .ARM.attributes
                0x00000000000002bd       0x39 lpspi_edma_b2b_transfer_master THUMB Debug/fsl_debug_console.o
 .ARM.attributes
                0x00000000000002f6       0x39 lpspi_edma_b2b_transfer_master THUMB Debug/fsl_str.o
 .ARM.attributes
                0x000000000000032f       0x39 lpspi_edma_b2b_transfer_master THUMB Debug/lpuart_adapter.o
 .ARM.attributes
                0x0000000000000368       0x39 lpspi_edma_b2b_transfer_master THUMB Debug/serial_manager.o
 .ARM.attributes
                0x00000000000003a1       0x39 lpspi_edma_b2b_transfer_master THUMB Debug/serial_port_uart.o
 .ARM.attributes
                0x00000000000003da       0x20 C:/Program Files/Rowley CrossWorks for ARM 4.5/lib/libc_v7em_fpv5_sp_d16_hard_t_le_eabi.a(libc_asm.o)
 .ARM.attributes
                0x00000000000003fa       0x20 C:/Program Files/Rowley CrossWorks for ARM 4.5/lib/libc_v7em_fpv5_sp_d16_hard_t_le_eabi.a(libc2_asm.o)

.comment        0x0000000000000000       0x43
 .comment       0x0000000000000000       0x43 lpspi_edma_b2b_transfer_master THUMB Debug/system_MIMXRT1011.o
                                         0x44 (size before relaxing)
 .comment       0x0000000000000043       0x44 lpspi_edma_b2b_transfer_master THUMB Debug/lpspi_edma_b2b_transfer_master.o
 .comment       0x0000000000000043       0x44 lpspi_edma_b2b_transfer_master THUMB Debug/pin_mux.o
 .comment       0x0000000000000043       0x44 lpspi_edma_b2b_transfer_master THUMB Debug/board.o
 .comment       0x0000000000000043       0x44 lpspi_edma_b2b_transfer_master THUMB Debug/clock_config.o
 .comment       0x0000000000000043       0x44 lpspi_edma_b2b_transfer_master THUMB Debug/fsl_lpspi.o
 .comment       0x0000000000000043       0x44 lpspi_edma_b2b_transfer_master THUMB Debug/fsl_lpspi_edma.o
 .comment       0x0000000000000043       0x44 lpspi_edma_b2b_transfer_master THUMB Debug/fsl_edma.o
 .comment       0x0000000000000043       0x44 lpspi_edma_b2b_transfer_master THUMB Debug/fsl_dmamux.o
 .comment       0x0000000000000043       0x44 lpspi_edma_b2b_transfer_master THUMB Debug/fsl_clock.o
 .comment       0x0000000000000043       0x44 lpspi_edma_b2b_transfer_master THUMB Debug/fsl_lpuart.o
 .comment       0x0000000000000043       0x44 lpspi_edma_b2b_transfer_master THUMB Debug/fsl_debug_console.o
 .comment       0x0000000000000043       0x44 lpspi_edma_b2b_transfer_master THUMB Debug/fsl_str.o
 .comment       0x0000000000000043       0x44 lpspi_edma_b2b_transfer_master THUMB Debug/lpuart_adapter.o
 .comment       0x0000000000000043       0x44 lpspi_edma_b2b_transfer_master THUMB Debug/serial_manager.o
 .comment       0x0000000000000043       0x44 lpspi_edma_b2b_transfer_master THUMB Debug/serial_port_uart.o

.debug_line     0x0000000000000000     0x8462
 .debug_line    0x0000000000000000      0x1f6 lpspi_edma_b2b_transfer_master THUMB Debug/thumb_crt0.o
 .debug_line    0x00000000000001f6      0x126 lpspi_edma_b2b_transfer_master THUMB Debug/startup_MIMXRT1011.o
 .debug_line    0x000000000000031c      0x3e0 lpspi_edma_b2b_transfer_master THUMB Debug/system_MIMXRT1011.o
 .debug_line    0x00000000000006fc      0x61f lpspi_edma_b2b_transfer_master THUMB Debug/lpspi_edma_b2b_transfer_master.o
 .debug_line    0x0000000000000d1b      0x35d lpspi_edma_b2b_transfer_master THUMB Debug/pin_mux.o
 .debug_line    0x0000000000001078      0x67e lpspi_edma_b2b_transfer_master THUMB Debug/board.o
 .debug_line    0x00000000000016f6      0x557 lpspi_edma_b2b_transfer_master THUMB Debug/clock_config.o
 .debug_line    0x0000000000001c4d     0x1472 lpspi_edma_b2b_transfer_master THUMB Debug/fsl_lpspi.o
 .debug_line    0x00000000000030bf      0xcf4 lpspi_edma_b2b_transfer_master THUMB Debug/fsl_lpspi_edma.o
 .debug_line    0x0000000000003db3      0xec4 lpspi_edma_b2b_transfer_master THUMB Debug/fsl_edma.o
 .debug_line    0x0000000000004c77      0x2e9 lpspi_edma_b2b_transfer_master THUMB Debug/fsl_dmamux.o
 .debug_line    0x0000000000004f60      0xa5a lpspi_edma_b2b_transfer_master THUMB Debug/fsl_clock.o
 .debug_line    0x00000000000059ba      0xf03 lpspi_edma_b2b_transfer_master THUMB Debug/fsl_lpuart.o
 .debug_line    0x00000000000068bd      0x698 lpspi_edma_b2b_transfer_master THUMB Debug/fsl_debug_console.o
 .debug_line    0x0000000000006f55      0x944 lpspi_edma_b2b_transfer_master THUMB Debug/fsl_str.o
 .debug_line    0x0000000000007899      0x32f lpspi_edma_b2b_transfer_master THUMB Debug/lpuart_adapter.o
 .debug_line    0x0000000000007bc8      0x53f lpspi_edma_b2b_transfer_master THUMB Debug/serial_manager.o
 .debug_line    0x0000000000008107      0x35b lpspi_edma_b2b_transfer_master THUMB Debug/serial_port_uart.o

.debug_info     0x0000000000000000    0x16c77
 .debug_info    0x0000000000000000       0x22 lpspi_edma_b2b_transfer_master THUMB Debug/thumb_crt0.o
 .debug_info    0x0000000000000022       0x26 lpspi_edma_b2b_transfer_master THUMB Debug/startup_MIMXRT1011.o
 .debug_info    0x0000000000000048      0xc33 lpspi_edma_b2b_transfer_master THUMB Debug/system_MIMXRT1011.o
 .debug_info    0x0000000000000c7b     0x1d6f lpspi_edma_b2b_transfer_master THUMB Debug/lpspi_edma_b2b_transfer_master.o
 .debug_info    0x00000000000029ea      0xbc6 lpspi_edma_b2b_transfer_master THUMB Debug/pin_mux.o
 .debug_info    0x00000000000035b0     0x180c lpspi_edma_b2b_transfer_master THUMB Debug/board.o
 .debug_info    0x0000000000004dbc     0x19be lpspi_edma_b2b_transfer_master THUMB Debug/clock_config.o
 .debug_info    0x000000000000677a     0x2aa9 lpspi_edma_b2b_transfer_master THUMB Debug/fsl_lpspi.o
 .debug_info    0x0000000000009223     0x1fae lpspi_edma_b2b_transfer_master THUMB Debug/fsl_lpspi_edma.o
 .debug_info    0x000000000000b1d1     0x2813 lpspi_edma_b2b_transfer_master THUMB Debug/fsl_edma.o
 .debug_info    0x000000000000d9e4      0xe51 lpspi_edma_b2b_transfer_master THUMB Debug/fsl_dmamux.o
 .debug_info    0x000000000000e835     0x1fb5 lpspi_edma_b2b_transfer_master THUMB Debug/fsl_clock.o
 .debug_info    0x00000000000107ea     0x235b lpspi_edma_b2b_transfer_master THUMB Debug/fsl_lpuart.o
 .debug_info    0x0000000000012b45      0xfe1 lpspi_edma_b2b_transfer_master THUMB Debug/fsl_debug_console.o
 .debug_info    0x0000000000013b26      0xa6f lpspi_edma_b2b_transfer_master THUMB Debug/fsl_str.o
 .debug_info    0x0000000000014595      0xf02 lpspi_edma_b2b_transfer_master THUMB Debug/lpuart_adapter.o
 .debug_info    0x0000000000015497      0xdc7 lpspi_edma_b2b_transfer_master THUMB Debug/serial_manager.o
 .debug_info    0x000000000001625e      0xa19 lpspi_edma_b2b_transfer_master THUMB Debug/serial_port_uart.o

.debug_abbrev   0x0000000000000000     0x2c68
 .debug_abbrev  0x0000000000000000       0x12 lpspi_edma_b2b_transfer_master THUMB Debug/thumb_crt0.o
 .debug_abbrev  0x0000000000000012       0x14 lpspi_edma_b2b_transfer_master THUMB Debug/startup_MIMXRT1011.o
 .debug_abbrev  0x0000000000000026      0x1b5 lpspi_edma_b2b_transfer_master THUMB Debug/system_MIMXRT1011.o
 .debug_abbrev  0x00000000000001db      0x312 lpspi_edma_b2b_transfer_master THUMB Debug/lpspi_edma_b2b_transfer_master.o
 .debug_abbrev  0x00000000000004ed      0x1e1 lpspi_edma_b2b_transfer_master THUMB Debug/pin_mux.o
 .debug_abbrev  0x00000000000006ce      0x33a lpspi_edma_b2b_transfer_master THUMB Debug/board.o
 .debug_abbrev  0x0000000000000a08      0x260 lpspi_edma_b2b_transfer_master THUMB Debug/clock_config.o
 .debug_abbrev  0x0000000000000c68      0x39c lpspi_edma_b2b_transfer_master THUMB Debug/fsl_lpspi.o
 .debug_abbrev  0x0000000000001004      0x35c lpspi_edma_b2b_transfer_master THUMB Debug/fsl_lpspi_edma.o
 .debug_abbrev  0x0000000000001360      0x481 lpspi_edma_b2b_transfer_master THUMB Debug/fsl_edma.o
 .debug_abbrev  0x00000000000017e1      0x236 lpspi_edma_b2b_transfer_master THUMB Debug/fsl_dmamux.o
 .debug_abbrev  0x0000000000001a17      0x3a4 lpspi_edma_b2b_transfer_master THUMB Debug/fsl_clock.o
 .debug_abbrev  0x0000000000001dbb      0x3b2 lpspi_edma_b2b_transfer_master THUMB Debug/fsl_lpuart.o
 .debug_abbrev  0x000000000000216d      0x262 lpspi_edma_b2b_transfer_master THUMB Debug/fsl_debug_console.o
 .debug_abbrev  0x00000000000023cf      0x225 lpspi_edma_b2b_transfer_master THUMB Debug/fsl_str.o
 .debug_abbrev  0x00000000000025f4      0x1fa lpspi_edma_b2b_transfer_master THUMB Debug/lpuart_adapter.o
 .debug_abbrev  0x00000000000027ee      0x2bc lpspi_edma_b2b_transfer_master THUMB Debug/serial_manager.o
 .debug_abbrev  0x0000000000002aaa      0x1be lpspi_edma_b2b_transfer_master THUMB Debug/serial_port_uart.o

.debug_aranges  0x0000000000000000      0xb20
 .debug_aranges
                0x0000000000000000       0x80 lpspi_edma_b2b_transfer_master THUMB Debug/thumb_crt0.o
 .debug_aranges
                0x0000000000000080       0x20 lpspi_edma_b2b_transfer_master THUMB Debug/startup_MIMXRT1011.o
 .debug_aranges
                0x00000000000000a0       0x30 lpspi_edma_b2b_transfer_master THUMB Debug/system_MIMXRT1011.o
 .debug_aranges
                0x00000000000000d0       0x48 lpspi_edma_b2b_transfer_master THUMB Debug/lpspi_edma_b2b_transfer_master.o
 .debug_aranges
                0x0000000000000118       0x48 lpspi_edma_b2b_transfer_master THUMB Debug/pin_mux.o
 .debug_aranges
                0x0000000000000160       0x60 lpspi_edma_b2b_transfer_master THUMB Debug/board.o
 .debug_aranges
                0x00000000000001c0       0x70 lpspi_edma_b2b_transfer_master THUMB Debug/clock_config.o
 .debug_aranges
                0x0000000000000230      0x1b8 lpspi_edma_b2b_transfer_master THUMB Debug/fsl_lpspi.o
 .debug_aranges
                0x00000000000003e8       0xd8 lpspi_edma_b2b_transfer_master THUMB Debug/fsl_lpspi_edma.o
 .debug_aranges
                0x00000000000004c0      0x1e0 lpspi_edma_b2b_transfer_master THUMB Debug/fsl_edma.o
 .debug_aranges
                0x00000000000006a0       0x48 lpspi_edma_b2b_transfer_master THUMB Debug/fsl_dmamux.o
 .debug_aranges
                0x00000000000006e8      0x120 lpspi_edma_b2b_transfer_master THUMB Debug/fsl_clock.o
 .debug_aranges
                0x0000000000000808      0x140 lpspi_edma_b2b_transfer_master THUMB Debug/fsl_lpuart.o
 .debug_aranges
                0x0000000000000948       0x90 lpspi_edma_b2b_transfer_master THUMB Debug/fsl_debug_console.o
 .debug_aranges
                0x00000000000009d8       0x38 lpspi_edma_b2b_transfer_master THUMB Debug/fsl_str.o
 .debug_aranges
                0x0000000000000a10       0x40 lpspi_edma_b2b_transfer_master THUMB Debug/lpuart_adapter.o
 .debug_aranges
                0x0000000000000a50       0x98 lpspi_edma_b2b_transfer_master THUMB Debug/serial_manager.o
 .debug_aranges
                0x0000000000000ae8       0x38 lpspi_edma_b2b_transfer_master THUMB Debug/serial_port_uart.o

.debug_str      0x0000000000000000    0xf1f07
 .debug_str     0x0000000000000000       0xb5 lpspi_edma_b2b_transfer_master THUMB Debug/thumb_crt0.o
 .debug_str     0x00000000000000b5       0x7a lpspi_edma_b2b_transfer_master THUMB Debug/startup_MIMXRT1011.o
                                         0xec (size before relaxing)
 .debug_str     0x000000000000012f    0xe1780 lpspi_edma_b2b_transfer_master THUMB Debug/system_MIMXRT1011.o
                                      0xe187c (size before relaxing)
 .debug_str     0x00000000000e18af     0x4c82 lpspi_edma_b2b_transfer_master THUMB Debug/lpspi_edma_b2b_transfer_master.o
                                      0xe6216 (size before relaxing)
 .debug_str     0x00000000000e6531     0x5d93 lpspi_edma_b2b_transfer_master THUMB Debug/pin_mux.o
                                      0xe8c2a (size before relaxing)
 .debug_str     0x00000000000ec2c4      0x425 lpspi_edma_b2b_transfer_master THUMB Debug/board.o
                                      0xea34b (size before relaxing)
 .debug_str     0x00000000000ec6e9      0x331 lpspi_edma_b2b_transfer_master THUMB Debug/clock_config.o
                                      0xea2d0 (size before relaxing)
 .debug_str     0x00000000000eca1a     0x1106 lpspi_edma_b2b_transfer_master THUMB Debug/fsl_lpspi.o
                                      0xe5316 (size before relaxing)
 .debug_str     0x00000000000edb20      0x5d3 lpspi_edma_b2b_transfer_master THUMB Debug/fsl_lpspi_edma.o
                                      0xe474c (size before relaxing)
 .debug_str     0x00000000000ee0f3      0xc4b lpspi_edma_b2b_transfer_master THUMB Debug/fsl_edma.o
                                      0xe5184 (size before relaxing)
 .debug_str     0x00000000000eed3e       0xb5 lpspi_edma_b2b_transfer_master THUMB Debug/fsl_dmamux.o
                                      0xe3b6e (size before relaxing)
 .debug_str     0x00000000000eedf3      0x704 lpspi_edma_b2b_transfer_master THUMB Debug/fsl_clock.o
                                      0xe4428 (size before relaxing)
 .debug_str     0x00000000000ef4f7     0x1048 lpspi_edma_b2b_transfer_master THUMB Debug/fsl_lpuart.o
                                      0xe5148 (size before relaxing)
 .debug_str     0x00000000000f053f      0x964 lpspi_edma_b2b_transfer_master THUMB Debug/fsl_debug_console.o
                                      0xe442b (size before relaxing)
 .debug_str     0x00000000000f0ea3      0x877 lpspi_edma_b2b_transfer_master THUMB Debug/fsl_str.o
                                      0xe38c7 (size before relaxing)
 .debug_str     0x00000000000f171a      0x34a lpspi_edma_b2b_transfer_master THUMB Debug/lpuart_adapter.o
                                      0xe3e0f (size before relaxing)
 .debug_str     0x00000000000f1a64      0x394 lpspi_edma_b2b_transfer_master THUMB Debug/serial_manager.o
                                      0xe3632 (size before relaxing)
 .debug_str     0x00000000000f1df8      0x10f lpspi_edma_b2b_transfer_master THUMB Debug/serial_port_uart.o
                                      0xe3673 (size before relaxing)

.debug_ranges   0x0000000000000000      0xa10
 .debug_ranges  0x0000000000000000       0x78 lpspi_edma_b2b_transfer_master THUMB Debug/thumb_crt0.o
 .debug_ranges  0x0000000000000078       0x20 lpspi_edma_b2b_transfer_master THUMB Debug/system_MIMXRT1011.o
 .debug_ranges  0x0000000000000098       0x38 lpspi_edma_b2b_transfer_master THUMB Debug/lpspi_edma_b2b_transfer_master.o
 .debug_ranges  0x00000000000000d0       0x38 lpspi_edma_b2b_transfer_master THUMB Debug/pin_mux.o
 .debug_ranges  0x0000000000000108       0x68 lpspi_edma_b2b_transfer_master THUMB Debug/board.o
 .debug_ranges  0x0000000000000170       0x60 lpspi_edma_b2b_transfer_master THUMB Debug/clock_config.o
 .debug_ranges  0x00000000000001d0      0x1a8 lpspi_edma_b2b_transfer_master THUMB Debug/fsl_lpspi.o
 .debug_ranges  0x0000000000000378       0xc8 lpspi_edma_b2b_transfer_master THUMB Debug/fsl_lpspi_edma.o
 .debug_ranges  0x0000000000000440      0x1d0 lpspi_edma_b2b_transfer_master THUMB Debug/fsl_edma.o
 .debug_ranges  0x0000000000000610       0x38 lpspi_edma_b2b_transfer_master THUMB Debug/fsl_dmamux.o
 .debug_ranges  0x0000000000000648      0x110 lpspi_edma_b2b_transfer_master THUMB Debug/fsl_clock.o
 .debug_ranges  0x0000000000000758      0x130 lpspi_edma_b2b_transfer_master THUMB Debug/fsl_lpuart.o
 .debug_ranges  0x0000000000000888       0x80 lpspi_edma_b2b_transfer_master THUMB Debug/fsl_debug_console.o
 .debug_ranges  0x0000000000000908       0x28 lpspi_edma_b2b_transfer_master THUMB Debug/fsl_str.o
 .debug_ranges  0x0000000000000930       0x30 lpspi_edma_b2b_transfer_master THUMB Debug/lpuart_adapter.o
 .debug_ranges  0x0000000000000960       0x88 lpspi_edma_b2b_transfer_master THUMB Debug/serial_manager.o
 .debug_ranges  0x00000000000009e8       0x28 lpspi_edma_b2b_transfer_master THUMB Debug/serial_port_uart.o

.debug_frame    0x0000000000000000     0x27f4
 .debug_frame   0x0000000000000000       0x74 lpspi_edma_b2b_transfer_master THUMB Debug/system_MIMXRT1011.o
 .debug_frame   0x0000000000000074       0xd8 lpspi_edma_b2b_transfer_master THUMB Debug/lpspi_edma_b2b_transfer_master.o
 .debug_frame   0x000000000000014c       0xdc lpspi_edma_b2b_transfer_master THUMB Debug/pin_mux.o
 .debug_frame   0x0000000000000228      0x11c lpspi_edma_b2b_transfer_master THUMB Debug/board.o
 .debug_frame   0x0000000000000344      0x170 lpspi_edma_b2b_transfer_master THUMB Debug/clock_config.o
 .debug_frame   0x00000000000004b4      0x764 lpspi_edma_b2b_transfer_master THUMB Debug/fsl_lpspi.o
 .debug_frame   0x0000000000000c18      0x370 lpspi_edma_b2b_transfer_master THUMB Debug/fsl_lpspi_edma.o
 .debug_frame   0x0000000000000f88      0x760 lpspi_edma_b2b_transfer_master THUMB Debug/fsl_edma.o
 .debug_frame   0x00000000000016e8       0xf0 lpspi_edma_b2b_transfer_master THUMB Debug/fsl_dmamux.o
 .debug_frame   0x00000000000017d8      0x3cc lpspi_edma_b2b_transfer_master THUMB Debug/fsl_clock.o
 .debug_frame   0x0000000000001ba4      0x530 lpspi_edma_b2b_transfer_master THUMB Debug/fsl_lpuart.o
 .debug_frame   0x00000000000020d4      0x28c lpspi_edma_b2b_transfer_master THUMB Debug/fsl_debug_console.o
 .debug_frame   0x0000000000002360       0xa4 lpspi_edma_b2b_transfer_master THUMB Debug/fsl_str.o
 .debug_frame   0x0000000000002404       0xd0 lpspi_edma_b2b_transfer_master THUMB Debug/lpuart_adapter.o
 .debug_frame   0x00000000000024d4      0x270 lpspi_edma_b2b_transfer_master THUMB Debug/serial_manager.o
 .debug_frame   0x0000000000002744       0xb0 lpspi_edma_b2b_transfer_master THUMB Debug/serial_port_uart.o

.debug_pubnames
                0x0000000000000000     0xe4dc
 .debug_pubnames
                0x0000000000000000       0xa0 lpspi_edma_b2b_transfer_master THUMB Debug/system_MIMXRT1011.o
 .debug_pubnames
                0x00000000000000a0     0x168f lpspi_edma_b2b_transfer_master THUMB Debug/lpspi_edma_b2b_transfer_master.o
 .debug_pubnames
                0x000000000000172f      0x515 lpspi_edma_b2b_transfer_master THUMB Debug/pin_mux.o
 .debug_pubnames
                0x0000000000001c44      0x48e lpspi_edma_b2b_transfer_master THUMB Debug/board.o
 .debug_pubnames
                0x00000000000020d2     0x1342 lpspi_edma_b2b_transfer_master THUMB Debug/clock_config.o
 .debug_pubnames
                0x0000000000003414     0x2129 lpspi_edma_b2b_transfer_master THUMB Debug/fsl_lpspi.o
 .debug_pubnames
                0x000000000000553d     0x1249 lpspi_edma_b2b_transfer_master THUMB Debug/fsl_lpspi_edma.o
 .debug_pubnames
                0x0000000000006786     0x1cf1 lpspi_edma_b2b_transfer_master THUMB Debug/fsl_edma.o
 .debug_pubnames
                0x0000000000008477      0xe73 lpspi_edma_b2b_transfer_master THUMB Debug/fsl_dmamux.o
 .debug_pubnames
                0x00000000000092ea      0xf22 lpspi_edma_b2b_transfer_master THUMB Debug/fsl_clock.o
 .debug_pubnames
                0x000000000000a20c     0x21b1 lpspi_edma_b2b_transfer_master THUMB Debug/fsl_lpuart.o
 .debug_pubnames
                0x000000000000c3bd      0xdec lpspi_edma_b2b_transfer_master THUMB Debug/fsl_debug_console.o
 .debug_pubnames
                0x000000000000d1a9      0x127 lpspi_edma_b2b_transfer_master THUMB Debug/fsl_str.o
 .debug_pubnames
                0x000000000000d2d0      0xc54 lpspi_edma_b2b_transfer_master THUMB Debug/lpuart_adapter.o
 .debug_pubnames
                0x000000000000df24      0x36d lpspi_edma_b2b_transfer_master THUMB Debug/serial_manager.o
 .debug_pubnames
                0x000000000000e291      0x24b lpspi_edma_b2b_transfer_master THUMB Debug/serial_port_uart.o

.debug_pubtypes
                0x0000000000000000     0x3ca4
 .debug_pubtypes
                0x0000000000000000      0x13b lpspi_edma_b2b_transfer_master THUMB Debug/system_MIMXRT1011.o
 .debug_pubtypes
                0x000000000000013b      0x604 lpspi_edma_b2b_transfer_master THUMB Debug/lpspi_edma_b2b_transfer_master.o
 .debug_pubtypes
                0x000000000000073f      0x1fb lpspi_edma_b2b_transfer_master THUMB Debug/pin_mux.o
 .debug_pubtypes
                0x000000000000093a      0x30b lpspi_edma_b2b_transfer_master THUMB Debug/board.o
 .debug_pubtypes
                0x0000000000000c45      0x3fb lpspi_edma_b2b_transfer_master THUMB Debug/clock_config.o
 .debug_pubtypes
                0x0000000000001040      0x672 lpspi_edma_b2b_transfer_master THUMB Debug/fsl_lpspi.o
 .debug_pubtypes
                0x00000000000016b2      0x514 lpspi_edma_b2b_transfer_master THUMB Debug/fsl_lpspi_edma.o
 .debug_pubtypes
                0x0000000000001bc6      0x4dc lpspi_edma_b2b_transfer_master THUMB Debug/fsl_edma.o
 .debug_pubtypes
                0x00000000000020a2      0x21e lpspi_edma_b2b_transfer_master THUMB Debug/fsl_dmamux.o
 .debug_pubtypes
                0x00000000000022c0      0x3fb lpspi_edma_b2b_transfer_master THUMB Debug/fsl_clock.o
 .debug_pubtypes
                0x00000000000026bb      0x4df lpspi_edma_b2b_transfer_master THUMB Debug/fsl_lpuart.o
 .debug_pubtypes
                0x0000000000002b9a      0x3bf lpspi_edma_b2b_transfer_master THUMB Debug/fsl_debug_console.o
 .debug_pubtypes
                0x0000000000002f59      0x20c lpspi_edma_b2b_transfer_master THUMB Debug/fsl_str.o
 .debug_pubtypes
                0x0000000000003165      0x484 lpspi_edma_b2b_transfer_master THUMB Debug/lpuart_adapter.o
 .debug_pubtypes
                0x00000000000035e9      0x316 lpspi_edma_b2b_transfer_master THUMB Debug/serial_manager.o
 .debug_pubtypes
                0x00000000000038ff      0x3a5 lpspi_edma_b2b_transfer_master THUMB Debug/serial_port_uart.o

.debug_macro    0x0000000000000000    0x1dec3
 .debug_macro   0x0000000000000000       0x85 lpspi_edma_b2b_transfer_master THUMB Debug/system_MIMXRT1011.o
 .debug_macro   0x0000000000000085      0xae4 lpspi_edma_b2b_transfer_master THUMB Debug/system_MIMXRT1011.o
 .debug_macro   0x0000000000000b69      0x188 lpspi_edma_b2b_transfer_master THUMB Debug/system_MIMXRT1011.o
 .debug_macro   0x0000000000000cf1       0x10 lpspi_edma_b2b_transfer_master THUMB Debug/system_MIMXRT1011.o
 .debug_macro   0x0000000000000d01       0x4d lpspi_edma_b2b_transfer_master THUMB Debug/system_MIMXRT1011.o
 .debug_macro   0x0000000000000d4e       0x1c lpspi_edma_b2b_transfer_master THUMB Debug/system_MIMXRT1011.o
 .debug_macro   0x0000000000000d6a       0x22 lpspi_edma_b2b_transfer_master THUMB Debug/system_MIMXRT1011.o
 .debug_macro   0x0000000000000d8c       0xd8 lpspi_edma_b2b_transfer_master THUMB Debug/system_MIMXRT1011.o
 .debug_macro   0x0000000000000e64     0x1305 lpspi_edma_b2b_transfer_master THUMB Debug/system_MIMXRT1011.o
 .debug_macro   0x0000000000002169      0x11f lpspi_edma_b2b_transfer_master THUMB Debug/system_MIMXRT1011.o
 .debug_macro   0x0000000000002288       0x20 lpspi_edma_b2b_transfer_master THUMB Debug/system_MIMXRT1011.o
 .debug_macro   0x00000000000022a8       0x1c lpspi_edma_b2b_transfer_master THUMB Debug/system_MIMXRT1011.o
 .debug_macro   0x00000000000022c4    0x194f4 lpspi_edma_b2b_transfer_master THUMB Debug/system_MIMXRT1011.o
 .debug_macro   0x000000000001b7b8      0x54e lpspi_edma_b2b_transfer_master THUMB Debug/system_MIMXRT1011.o
 .debug_macro   0x000000000001bd06      0x1c1 lpspi_edma_b2b_transfer_master THUMB Debug/lpspi_edma_b2b_transfer_master.o
 .debug_macro   0x000000000001bec7       0x10 lpspi_edma_b2b_transfer_master THUMB Debug/lpspi_edma_b2b_transfer_master.o
 .debug_macro   0x000000000001bed7       0x10 lpspi_edma_b2b_transfer_master THUMB Debug/lpspi_edma_b2b_transfer_master.o
 .debug_macro   0x000000000001bee7       0x22 lpspi_edma_b2b_transfer_master THUMB Debug/lpspi_edma_b2b_transfer_master.o
 .debug_macro   0x000000000001bf09       0x89 lpspi_edma_b2b_transfer_master THUMB Debug/lpspi_edma_b2b_transfer_master.o
 .debug_macro   0x000000000001bf92       0x10 lpspi_edma_b2b_transfer_master THUMB Debug/lpspi_edma_b2b_transfer_master.o
 .debug_macro   0x000000000001bfa2       0x28 lpspi_edma_b2b_transfer_master THUMB Debug/lpspi_edma_b2b_transfer_master.o
 .debug_macro   0x000000000001bfca       0xd7 lpspi_edma_b2b_transfer_master THUMB Debug/lpspi_edma_b2b_transfer_master.o
 .debug_macro   0x000000000001c0a1      0x193 lpspi_edma_b2b_transfer_master THUMB Debug/lpspi_edma_b2b_transfer_master.o
 .debug_macro   0x000000000001c234       0x34 lpspi_edma_b2b_transfer_master THUMB Debug/lpspi_edma_b2b_transfer_master.o
 .debug_macro   0x000000000001c268       0x10 lpspi_edma_b2b_transfer_master THUMB Debug/lpspi_edma_b2b_transfer_master.o
 .debug_macro   0x000000000001c278       0x32 lpspi_edma_b2b_transfer_master THUMB Debug/lpspi_edma_b2b_transfer_master.o
 .debug_macro   0x000000000001c2aa       0x3a lpspi_edma_b2b_transfer_master THUMB Debug/lpspi_edma_b2b_transfer_master.o
 .debug_macro   0x000000000001c2e4       0x32 lpspi_edma_b2b_transfer_master THUMB Debug/lpspi_edma_b2b_transfer_master.o
 .debug_macro   0x000000000001c316       0xd0 lpspi_edma_b2b_transfer_master THUMB Debug/lpspi_edma_b2b_transfer_master.o
 .debug_macro   0x000000000001c3e6       0x10 lpspi_edma_b2b_transfer_master THUMB Debug/lpspi_edma_b2b_transfer_master.o
 .debug_macro   0x000000000001c3f6      0x136 lpspi_edma_b2b_transfer_master THUMB Debug/lpspi_edma_b2b_transfer_master.o
 .debug_macro   0x000000000001c52c       0x16 lpspi_edma_b2b_transfer_master THUMB Debug/lpspi_edma_b2b_transfer_master.o
 .debug_macro   0x000000000001c542       0x10 lpspi_edma_b2b_transfer_master THUMB Debug/lpspi_edma_b2b_transfer_master.o
 .debug_macro   0x000000000001c552       0xee lpspi_edma_b2b_transfer_master THUMB Debug/pin_mux.o
 .debug_macro   0x000000000001c640      0x7fd lpspi_edma_b2b_transfer_master THUMB Debug/pin_mux.o
 .debug_macro   0x000000000001ce3d      0x12b lpspi_edma_b2b_transfer_master THUMB Debug/board.o
 .debug_macro   0x000000000001cf68       0xf3 lpspi_edma_b2b_transfer_master THUMB Debug/clock_config.o
 .debug_macro   0x000000000001d05b       0xca lpspi_edma_b2b_transfer_master THUMB Debug/clock_config.o
 .debug_macro   0x000000000001d125       0xf0 lpspi_edma_b2b_transfer_master THUMB Debug/fsl_lpspi.o
 .debug_macro   0x000000000001d215       0x2c lpspi_edma_b2b_transfer_master THUMB Debug/fsl_lpspi.o
 .debug_macro   0x000000000001d241      0x109 lpspi_edma_b2b_transfer_master THUMB Debug/fsl_lpspi_edma.o
 .debug_macro   0x000000000001d34a       0xf6 lpspi_edma_b2b_transfer_master THUMB Debug/fsl_edma.o
 .debug_macro   0x000000000001d440       0x10 lpspi_edma_b2b_transfer_master THUMB Debug/fsl_edma.o
 .debug_macro   0x000000000001d450       0xf1 lpspi_edma_b2b_transfer_master THUMB Debug/fsl_dmamux.o
 .debug_macro   0x000000000001d541       0xe1 lpspi_edma_b2b_transfer_master THUMB Debug/fsl_clock.o
 .debug_macro   0x000000000001d622       0xf1 lpspi_edma_b2b_transfer_master THUMB Debug/fsl_lpuart.o
 .debug_macro   0x000000000001d713      0x15b lpspi_edma_b2b_transfer_master THUMB Debug/fsl_debug_console.o
 .debug_macro   0x000000000001d86e       0x1c lpspi_edma_b2b_transfer_master THUMB Debug/fsl_debug_console.o
 .debug_macro   0x000000000001d88a       0x34 lpspi_edma_b2b_transfer_master THUMB Debug/fsl_debug_console.o
 .debug_macro   0x000000000001d8be       0x5d lpspi_edma_b2b_transfer_master THUMB Debug/fsl_debug_console.o
 .debug_macro   0x000000000001d91b       0x40 lpspi_edma_b2b_transfer_master THUMB Debug/fsl_debug_console.o
 .debug_macro   0x000000000001d95b      0x101 lpspi_edma_b2b_transfer_master THUMB Debug/fsl_str.o
 .debug_macro   0x000000000001da5c      0x10d lpspi_edma_b2b_transfer_master THUMB Debug/fsl_str.o
 .debug_macro   0x000000000001db69       0xed lpspi_edma_b2b_transfer_master THUMB Debug/lpuart_adapter.o
 .debug_macro   0x000000000001dc56       0x10 lpspi_edma_b2b_transfer_master THUMB Debug/lpuart_adapter.o
 .debug_macro   0x000000000001dc66       0x22 lpspi_edma_b2b_transfer_master THUMB Debug/lpuart_adapter.o
 .debug_macro   0x000000000001dc88      0x114 lpspi_edma_b2b_transfer_master THUMB Debug/serial_manager.o
 .debug_macro   0x000000000001dd9c      0x105 lpspi_edma_b2b_transfer_master THUMB Debug/serial_port_uart.o
 .debug_macro   0x000000000001dea1       0x22 lpspi_edma_b2b_transfer_master THUMB Debug/serial_port_uart.o
