<!doctype html public "-//w3c//dtd html 4.0 transitional//en">
<html><head>
<title>Static Call Graph - [flash_debug\xspi_octal_polling_transfer_cm33_core0.out]</title></head>
<body><HR>
<H1>Static Call Graph for image flash_debug\xspi_octal_polling_transfer_cm33_core0.out</H1><HR>
<BR><P>#&#060CALLGRAPH&#062# ARM Linker, 6210000: Last Updated: Sun Jan 26 18:45:02 2025
<BR><P>
<H3>Maximum Stack Usage =        720 bytes + Unknown(Functions without stacksize, Cycles, Untraceable Function Pointers)</H3><H3>
Call chain for Maximum Stack Depth:</H3>
main &rArr; xspi_nor_flash_init &rArr; XSPI_Init &rArr; XSPI_SetAhbAccessConfig &rArr; XSPI_SetAhbBufferConfig &rArr; __aeabi_assert &rArr; DbgConsole_Printf &rArr; DbgConsole_Vprintf
<P>
<H3>
Functions with no stack information
</H3><UL>
 <LI><a href="#[bb]">ACMP_DriverIRQHandler</a>
 <LI><a href="#[b9]">ADC_DriverIRQHandler</a>
 <LI><a href="#[4]">BusFault_Handler</a>
 <LI><a href="#[12b]">CDOG0_DriverIRQHandler</a>
 <LI><a href="#[12c]">CDOG1_DriverIRQHandler</a>
 <LI><a href="#[12d]">CDOG2_DriverIRQHandler</a>
 <LI><a href="#[133]">CPU0_DriverIRQHandler</a>
 <LI><a href="#[ad]">CTIMER0_DriverIRQHandler</a>
 <LI><a href="#[ae]">CTIMER1_DriverIRQHandler</a>
 <LI><a href="#[ca]">CTIMER2_DriverIRQHandler</a>
 <LI><a href="#[b0]">CTIMER3_DriverIRQHandler</a>
 <LI><a href="#[cb]">CTIMER4_DriverIRQHandler</a>
 <LI><a href="#[8]">DebugMon_Handler</a>
 <LI><a href="#[14e]">DefaultISR</a>
 <LI><a href="#[e5]">EDMA0_CH0_DriverIRQHandler</a>
 <LI><a href="#[ef]">EDMA0_CH10_DriverIRQHandler</a>
 <LI><a href="#[f0]">EDMA0_CH11_DriverIRQHandler</a>
 <LI><a href="#[f1]">EDMA0_CH12_DriverIRQHandler</a>
 <LI><a href="#[f2]">EDMA0_CH13_DriverIRQHandler</a>
 <LI><a href="#[f3]">EDMA0_CH14_DriverIRQHandler</a>
 <LI><a href="#[f4]">EDMA0_CH15_DriverIRQHandler</a>
 <LI><a href="#[e6]">EDMA0_CH1_DriverIRQHandler</a>
 <LI><a href="#[e7]">EDMA0_CH2_DriverIRQHandler</a>
 <LI><a href="#[e8]">EDMA0_CH3_DriverIRQHandler</a>
 <LI><a href="#[e9]">EDMA0_CH4_DriverIRQHandler</a>
 <LI><a href="#[ea]">EDMA0_CH5_DriverIRQHandler</a>
 <LI><a href="#[eb]">EDMA0_CH6_DriverIRQHandler</a>
 <LI><a href="#[ec]">EDMA0_CH7_DriverIRQHandler</a>
 <LI><a href="#[ed]">EDMA0_CH8_DriverIRQHandler</a>
 <LI><a href="#[ee]">EDMA0_CH9_DriverIRQHandler</a>
 <LI><a href="#[f5]">EDMA1_CH0_DriverIRQHandler</a>
 <LI><a href="#[ff]">EDMA1_CH10_DriverIRQHandler</a>
 <LI><a href="#[100]">EDMA1_CH11_DriverIRQHandler</a>
 <LI><a href="#[101]">EDMA1_CH12_DriverIRQHandler</a>
 <LI><a href="#[102]">EDMA1_CH13_DriverIRQHandler</a>
 <LI><a href="#[103]">EDMA1_CH14_DriverIRQHandler</a>
 <LI><a href="#[104]">EDMA1_CH15_DriverIRQHandler</a>
 <LI><a href="#[f6]">EDMA1_CH1_DriverIRQHandler</a>
 <LI><a href="#[f7]">EDMA1_CH2_DriverIRQHandler</a>
 <LI><a href="#[f8]">EDMA1_CH3_DriverIRQHandler</a>
 <LI><a href="#[f9]">EDMA1_CH4_DriverIRQHandler</a>
 <LI><a href="#[fa]">EDMA1_CH5_DriverIRQHandler</a>
 <LI><a href="#[fb]">EDMA1_CH6_DriverIRQHandler</a>
 <LI><a href="#[fc]">EDMA1_CH7_DriverIRQHandler</a>
 <LI><a href="#[fd]">EDMA1_CH8_DriverIRQHandler</a>
 <LI><a href="#[fe]">EDMA1_CH9_DriverIRQHandler</a>
 <LI><a href="#[12f]">ELS_DriverIRQHandler</a>
 <LI><a href="#[13b]">EZHV_DriverIRQHandler</a>
 <LI><a href="#[e1]">FLEXIO_DriverIRQHandler</a>
 <LI><a href="#[144]">FRO0_DriverIRQHandler</a>
 <LI><a href="#[145]">FRO1_DriverIRQHandler</a>
 <LI><a href="#[146]">FRO2_DriverIRQHandler</a>
 <LI><a href="#[126]">Freqme_DriverIRQHandler</a>
 <LI><a href="#[127]">GDET0_DriverIRQHandler</a>
 <LI><a href="#[12a]">GDET3_DriverIRQHandler</a>
 <LI><a href="#[13c]">GLIKEY0_DriverIRQHandler</a>
 <LI><a href="#[13d]">GLIKEY2_DriverIRQHandler</a>
 <LI><a href="#[13e]">GLIKEY3_DriverIRQHandler</a>
 <LI><a href="#[13f]">GLIKEY5_DriverIRQHandler</a>
 <LI><a href="#[105]">GPIO00_DriverIRQHandler</a>
 <LI><a href="#[106]">GPIO01_DriverIRQHandler</a>
 <LI><a href="#[107]">GPIO10_DriverIRQHandler</a>
 <LI><a href="#[108]">GPIO11_DriverIRQHandler</a>
 <LI><a href="#[109]">GPIO20_DriverIRQHandler</a>
 <LI><a href="#[10a]">GPIO21_DriverIRQHandler</a>
 <LI><a href="#[10b]">GPIO30_DriverIRQHandler</a>
 <LI><a href="#[10c]">GPIO31_DriverIRQHandler</a>
 <LI><a href="#[10d]">GPIO40_DriverIRQHandler</a>
 <LI><a href="#[10e]">GPIO41_DriverIRQHandler</a>
 <LI><a href="#[10f]">GPIO50_DriverIRQHandler</a>
 <LI><a href="#[110]">GPIO51_DriverIRQHandler</a>
 <LI><a href="#[111]">GPIO60_DriverIRQHandler</a>
 <LI><a href="#[112]">GPIO61_DriverIRQHandler</a>
 <LI><a href="#[113]">GPIO70_DriverIRQHandler</a>
 <LI><a href="#[114]">GPIO71_DriverIRQHandler</a>
 <LI><a href="#[c6]">HIFI4_DriverIRQHandler</a>
 <LI><a href="#[be]">HYPERVISOR_DriverIRQHandler</a>
 <LI><a href="#[d1]">I3C0_DriverIRQHandler</a>
 <LI><a href="#[e0]">I3C1_DriverIRQHandler</a>
 <LI><a href="#[12e]">ITRC0_DriverIRQHandler</a>
 <LI><a href="#[135]">JPEGDEC_DriverIRQHandler</a>
 <LI><a href="#[e2]">LCDIF_DriverIRQHandler</a>
 <LI><a href="#[b8]">LPI2C15_DriverIRQHandler</a>
 <LI><a href="#[b7]">LPSPI14_DriverIRQHandler</a>
 <LI><a href="#[df]">LPSPI16_DriverIRQHandler</a>
 <LI><a href="#[c2]">MEDIA_HYPERVISOR_DriverIRQHandler</a>
 <LI><a href="#[c3]">MEDIA_SECURE_VIOLATION_DriverIRQHandler</a>
 <LI><a href="#[e4]">MIPI_DriverIRQHandler</a>
 <LI><a href="#[123]">MMU0_DriverIRQHandler</a>
 <LI><a href="#[124]">MMU1_DriverIRQHandler</a>
 <LI><a href="#[125]">MMU2_DriverIRQHandler</a>
 <LI><a href="#[ac]">MRT0_DriverIRQHandler</a>
 <LI><a href="#[c7]">MU0_A_DriverIRQHandler</a>
 <LI><a href="#[c8]">MU1_A_DriverIRQHandler</a>
 <LI><a href="#[c9]">MU4_A_DriverIRQHandler</a>
 <LI><a href="#[3]">MemManage_Handler</a>
 <LI><a href="#[137]">NPU_DriverIRQHandler</a>
 <LI><a href="#[147]">OCOTP_DriverIRQHandler</a>
 <LI><a href="#[131]">OSCCA_DriverIRQHandler</a>
 <LI><a href="#[cc]">OS_EVENT_DriverIRQHandler</a>
 <LI><a href="#[bc]">PDM_EVENT_DriverIRQHandler</a>
 <LI><a href="#[bd]">PDM_HWVAD_EVENT_DriverIRQHandler</a>
 <LI><a href="#[115]">PIN_INT0_DriverIRQHandler</a>
 <LI><a href="#[116]">PIN_INT1_DriverIRQHandler</a>
 <LI><a href="#[117]">PIN_INT2_DriverIRQHandler</a>
 <LI><a href="#[118]">PIN_INT3_DriverIRQHandler</a>
 <LI><a href="#[119]">PIN_INT4_DriverIRQHandler</a>
 <LI><a href="#[11a]">PIN_INT5_DriverIRQHandler</a>
 <LI><a href="#[11b]">PIN_INT6_DriverIRQHandler</a>
 <LI><a href="#[11c]">PIN_INT7_DriverIRQHandler</a>
 <LI><a href="#[130]">PKC_DriverIRQHandler</a>
 <LI><a href="#[134]">PMC_DriverIRQHandler</a>
 <LI><a href="#[136]">PNGDEC_DriverIRQHandler</a>
 <LI><a href="#[d7]">PUF_DriverIRQHandler</a>
 <LI><a href="#[140]">PVTS0_CPU0_DriverIRQHandler</a>
 <LI><a href="#[142]">PVTS0_HIFI4_DriverIRQHandler</a>
 <LI><a href="#[c4]">RTC0_ALARM_DriverIRQHandler</a>
 <LI><a href="#[c5]">RTC0_DriverIRQHandler</a>
 <LI><a href="#[128]">Reserved142_DriverIRQHandler</a>
 <LI><a href="#[129]">Reserved143_DriverIRQHandler</a>
 <LI><a href="#[141]">Reserved167_DriverIRQHandler</a>
 <LI><a href="#[143]">Reserved169_DriverIRQHandler</a>
 <LI><a href="#[aa]">Reserved16_DriverIRQHandler</a>
 <LI><a href="#[d8]">Reserved62_DriverIRQHandler</a>
 <LI><a href="#[11d]">SAI0_DriverIRQHandler</a>
 <LI><a href="#[11e]">SAI1_DriverIRQHandler</a>
 <LI><a href="#[11f]">SAI2_DriverIRQHandler</a>
 <LI><a href="#[af]">SCT0_DriverIRQHandler</a>
 <LI><a href="#[ba]">SDADC_DriverIRQHandler</a>
 <LI><a href="#[bf]">SECURE_VIOLATION_DriverIRQHandler</a>
 <LI><a href="#[c0]">SENSE_HYPERVISOR_DriverIRQHandler</a>
 <LI><a href="#[c1]">SENSE_SECURE_VIOLATION_DriverIRQHandler</a>
 <LI><a href="#[132]">SLEEPCON0_DriverIRQHandler</a>
 <LI><a href="#[6]">SecureFault_Handler</a>
 <LI><a href="#[139]">TEMPDET0_DriverIRQHandler</a>
 <LI><a href="#[13a]">TEMPDET1_DriverIRQHandler</a>
 <LI><a href="#[138]">TRNG_DriverIRQHandler</a>
 <LI><a href="#[d2]">USB0_DriverIRQHandler</a>
 <LI><a href="#[d3]">USB1_DriverIRQHandler</a>
 <LI><a href="#[d6]">USBPHY0_DriverIRQHandler</a>
 <LI><a href="#[cf]">USDHC0_DriverIRQHandler</a>
 <LI><a href="#[d0]">USDHC1_DriverIRQHandler</a>
 <LI><a href="#[ab]">UTICK0_DriverIRQHandler</a>
 <LI><a href="#[5]">UsageFault_Handler</a>
 <LI><a href="#[e3]">VGPU_DriverIRQHandler</a>
 <LI><a href="#[d4]">WDT0_DriverIRQHandler</a>
 <LI><a href="#[d5]">WDT1_DriverIRQHandler</a>
 <LI><a href="#[1]">NMI_Handler</a>
 <LI><a href="#[2]">HardFault_Handler</a>
 <LI><a href="#[7]">SVC_Handler</a>
 <LI><a href="#[9]">PendSV_Handler</a>
 <LI><a href="#[a]">SysTick_Handler</a>
 <LI><a href="#[b]">Reserved16_IRQHandler</a>
 <LI><a href="#[c]">UTICK0_IRQHandler</a>
 <LI><a href="#[d]">MRT0_IRQHandler</a>
 <LI><a href="#[e]">CTIMER0_IRQHandler</a>
 <LI><a href="#[f]">CTIMER1_IRQHandler</a>
 <LI><a href="#[10]">SCT0_IRQHandler</a>
 <LI><a href="#[11]">CTIMER3_IRQHandler</a>
 <LI><a href="#[12]">LP_FLEXCOMM0_IRQHandler</a>
 <LI><a href="#[13]">LP_FLEXCOMM1_IRQHandler</a>
 <LI><a href="#[14]">LP_FLEXCOMM2_IRQHandler</a>
 <LI><a href="#[15]">LP_FLEXCOMM3_IRQHandler</a>
 <LI><a href="#[16]">LP_FLEXCOMM4_IRQHandler</a>
 <LI><a href="#[17]">LP_FLEXCOMM5_IRQHandler</a>
 <LI><a href="#[18]">LPSPI14_IRQHandler</a>
 <LI><a href="#[19]">LPI2C15_IRQHandler</a>
 <LI><a href="#[1a]">ADC_IRQHandler</a>
 <LI><a href="#[1b]">SDADC_IRQHandler</a>
 <LI><a href="#[1c]">ACMP_IRQHandler</a>
 <LI><a href="#[1d]">PDM_EVENT_IRQHandler</a>
 <LI><a href="#[1e]">PDM_HWVAD_EVENT_IRQHandler</a>
 <LI><a href="#[1f]">HYPERVISOR_IRQHandler</a>
 <LI><a href="#[20]">SECURE_VIOLATION_IRQHandler</a>
 <LI><a href="#[21]">SENSE_HYPERVISOR_IRQHandler</a>
 <LI><a href="#[22]">SENSE_SECURE_VIOLATION_IRQHandler</a>
 <LI><a href="#[23]">MEDIA_HYPERVISOR_IRQHandler</a>
 <LI><a href="#[24]">MEDIA_SECURE_VIOLATION_IRQHandler</a>
 <LI><a href="#[25]">RTC0_ALARM_IRQHandler</a>
 <LI><a href="#[26]">RTC0_IRQHandler</a>
 <LI><a href="#[27]">HIFI4_IRQHandler</a>
 <LI><a href="#[28]">MU0_A_IRQHandler</a>
 <LI><a href="#[29]">MU1_A_IRQHandler</a>
 <LI><a href="#[2a]">MU4_A_IRQHandler</a>
 <LI><a href="#[2b]">CTIMER2_IRQHandler</a>
 <LI><a href="#[2c]">CTIMER4_IRQHandler</a>
 <LI><a href="#[2d]">OS_EVENT_IRQHandler</a>
 <LI><a href="#[2e]">LP_FLEXCOMM6_IRQHandler</a>
 <LI><a href="#[2f]">LP_FLEXCOMM7_IRQHandler</a>
 <LI><a href="#[30]">USDHC0_IRQHandler</a>
 <LI><a href="#[31]">USDHC1_IRQHandler</a>
 <LI><a href="#[32]">I3C0_IRQHandler</a>
 <LI><a href="#[33]">USB0_IRQHandler</a>
 <LI><a href="#[34]">USB1_IRQHandler</a>
 <LI><a href="#[35]">WDT0_IRQHandler</a>
 <LI><a href="#[36]">WDT1_IRQHandler</a>
 <LI><a href="#[37]">USBPHY0_IRQHandler</a>
 <LI><a href="#[38]">PUF_IRQHandler</a>
 <LI><a href="#[39]">Reserved62_IRQHandler</a>
 <LI><a href="#[3a]">LP_FLEXCOMM8_IRQHandler</a>
 <LI><a href="#[3b]">LP_FLEXCOMM9_IRQHandler</a>
 <LI><a href="#[3c]">LP_FLEXCOMM10_IRQHandler</a>
 <LI><a href="#[3d]">LP_FLEXCOMM11_IRQHandler</a>
 <LI><a href="#[3e]">LP_FLEXCOMM12_IRQHandler</a>
 <LI><a href="#[3f]">LP_FLEXCOMM13_IRQHandler</a>
 <LI><a href="#[40]">LPSPI16_IRQHandler</a>
 <LI><a href="#[41]">I3C1_IRQHandler</a>
 <LI><a href="#[42]">FLEXIO_IRQHandler</a>
 <LI><a href="#[43]">LCDIF_IRQHandler</a>
 <LI><a href="#[44]">VGPU_IRQHandler</a>
 <LI><a href="#[45]">MIPI_IRQHandler</a>
 <LI><a href="#[46]">EDMA0_CH0_IRQHandler</a>
 <LI><a href="#[47]">EDMA0_CH1_IRQHandler</a>
 <LI><a href="#[48]">EDMA0_CH2_IRQHandler</a>
 <LI><a href="#[49]">EDMA0_CH3_IRQHandler</a>
 <LI><a href="#[4a]">EDMA0_CH4_IRQHandler</a>
 <LI><a href="#[4b]">EDMA0_CH5_IRQHandler</a>
 <LI><a href="#[4c]">EDMA0_CH6_IRQHandler</a>
 <LI><a href="#[4d]">EDMA0_CH7_IRQHandler</a>
 <LI><a href="#[4e]">EDMA0_CH8_IRQHandler</a>
 <LI><a href="#[4f]">EDMA0_CH9_IRQHandler</a>
 <LI><a href="#[50]">EDMA0_CH10_IRQHandler</a>
 <LI><a href="#[51]">EDMA0_CH11_IRQHandler</a>
 <LI><a href="#[52]">EDMA0_CH12_IRQHandler</a>
 <LI><a href="#[53]">EDMA0_CH13_IRQHandler</a>
 <LI><a href="#[54]">EDMA0_CH14_IRQHandler</a>
 <LI><a href="#[55]">EDMA0_CH15_IRQHandler</a>
 <LI><a href="#[56]">EDMA1_CH0_IRQHandler</a>
 <LI><a href="#[57]">EDMA1_CH1_IRQHandler</a>
 <LI><a href="#[58]">EDMA1_CH2_IRQHandler</a>
 <LI><a href="#[59]">EDMA1_CH3_IRQHandler</a>
 <LI><a href="#[5a]">EDMA1_CH4_IRQHandler</a>
 <LI><a href="#[5b]">EDMA1_CH5_IRQHandler</a>
 <LI><a href="#[5c]">EDMA1_CH6_IRQHandler</a>
 <LI><a href="#[5d]">EDMA1_CH7_IRQHandler</a>
 <LI><a href="#[5e]">EDMA1_CH8_IRQHandler</a>
 <LI><a href="#[5f]">EDMA1_CH9_IRQHandler</a>
 <LI><a href="#[60]">EDMA1_CH10_IRQHandler</a>
 <LI><a href="#[61]">EDMA1_CH11_IRQHandler</a>
 <LI><a href="#[62]">EDMA1_CH12_IRQHandler</a>
 <LI><a href="#[63]">EDMA1_CH13_IRQHandler</a>
 <LI><a href="#[64]">EDMA1_CH14_IRQHandler</a>
 <LI><a href="#[65]">EDMA1_CH15_IRQHandler</a>
 <LI><a href="#[66]">GPIO00_IRQHandler</a>
 <LI><a href="#[67]">GPIO01_IRQHandler</a>
 <LI><a href="#[68]">GPIO10_IRQHandler</a>
 <LI><a href="#[69]">GPIO11_IRQHandler</a>
 <LI><a href="#[6a]">GPIO20_IRQHandler</a>
 <LI><a href="#[6b]">GPIO21_IRQHandler</a>
 <LI><a href="#[6c]">GPIO30_IRQHandler</a>
 <LI><a href="#[6d]">GPIO31_IRQHandler</a>
 <LI><a href="#[6e]">GPIO40_IRQHandler</a>
 <LI><a href="#[6f]">GPIO41_IRQHandler</a>
 <LI><a href="#[70]">GPIO50_IRQHandler</a>
 <LI><a href="#[71]">GPIO51_IRQHandler</a>
 <LI><a href="#[72]">GPIO60_IRQHandler</a>
 <LI><a href="#[73]">GPIO61_IRQHandler</a>
 <LI><a href="#[74]">GPIO70_IRQHandler</a>
 <LI><a href="#[75]">GPIO71_IRQHandler</a>
 <LI><a href="#[76]">PIN_INT0_IRQHandler</a>
 <LI><a href="#[77]">PIN_INT1_IRQHandler</a>
 <LI><a href="#[78]">PIN_INT2_IRQHandler</a>
 <LI><a href="#[79]">PIN_INT3_IRQHandler</a>
 <LI><a href="#[7a]">PIN_INT4_IRQHandler</a>
 <LI><a href="#[7b]">PIN_INT5_IRQHandler</a>
 <LI><a href="#[7c]">PIN_INT6_IRQHandler</a>
 <LI><a href="#[7d]">PIN_INT7_IRQHandler</a>
 <LI><a href="#[7e]">SAI0_IRQHandler</a>
 <LI><a href="#[7f]">SAI1_IRQHandler</a>
 <LI><a href="#[80]">SAI2_IRQHandler</a>
 <LI><a href="#[81]">XSPI0_IRQHandler</a>
 <LI><a href="#[82]">XSPI1_IRQHandler</a>
 <LI><a href="#[83]">XSPI2_IRQHandler</a>
 <LI><a href="#[84]">MMU0_IRQHandler</a>
 <LI><a href="#[85]">MMU1_IRQHandler</a>
 <LI><a href="#[86]">MMU2_IRQHandler</a>
 <LI><a href="#[87]">Freqme_IRQHandler</a>
 <LI><a href="#[88]">GDET0_IRQHandler</a>
 <LI><a href="#[89]">Reserved142_IRQHandler</a>
 <LI><a href="#[8a]">Reserved143_IRQHandler</a>
 <LI><a href="#[8b]">GDET3_IRQHandler</a>
 <LI><a href="#[8c]">CDOG0_IRQHandler</a>
 <LI><a href="#[8d]">CDOG1_IRQHandler</a>
 <LI><a href="#[8e]">CDOG2_IRQHandler</a>
 <LI><a href="#[8f]">ITRC0_IRQHandler</a>
 <LI><a href="#[90]">ELS_IRQHandler</a>
 <LI><a href="#[91]">PKC_IRQHandler</a>
 <LI><a href="#[92]">OSCCA_IRQHandler</a>
 <LI><a href="#[93]">SLEEPCON0_IRQHandler</a>
 <LI><a href="#[94]">CPU0_IRQHandler</a>
 <LI><a href="#[95]">PMC_IRQHandler</a>
 <LI><a href="#[96]">JPEGDEC_IRQHandler</a>
 <LI><a href="#[97]">PNGDEC_IRQHandler</a>
 <LI><a href="#[98]">NPU_IRQHandler</a>
 <LI><a href="#[99]">TRNG_IRQHandler</a>
 <LI><a href="#[9a]">TEMPDET0_IRQHandler</a>
 <LI><a href="#[9b]">TEMPDET1_IRQHandler</a>
 <LI><a href="#[9c]">EZHV_IRQHandler</a>
 <LI><a href="#[9d]">GLIKEY0_IRQHandler</a>
 <LI><a href="#[9e]">GLIKEY2_IRQHandler</a>
 <LI><a href="#[9f]">GLIKEY3_IRQHandler</a>
 <LI><a href="#[a0]">GLIKEY5_IRQHandler</a>
 <LI><a href="#[a1]">PVTS0_CPU0_IRQHandler</a>
 <LI><a href="#[a2]">Reserved167_IRQHandler</a>
 <LI><a href="#[a3]">PVTS0_HIFI4_IRQHandler</a>
 <LI><a href="#[a4]">Reserved169_IRQHandler</a>
 <LI><a href="#[a5]">FRO0_IRQHandler</a>
 <LI><a href="#[a6]">FRO1_IRQHandler</a>
 <LI><a href="#[a7]">FRO2_IRQHandler</a>
 <LI><a href="#[a8]">OCOTP_IRQHandler</a>
 <LI><a href="#[17d]">memcpy</a>
 <LI><a href="#[0]">Reset_Handler</a>
</UL>
</UL>
<P>
<H3>
Mutually Recursive functions
</H3> <LI><a href="#[169]">BOARD_ReConfigXspiAhbBuffer</a>&nbsp;&nbsp;&nbsp;&rArr;&nbsp;&nbsp;&nbsp;<a href="#[169]">BOARD_ReConfigXspiAhbBuffer</a><BR>
</UL>
<P>
<H3>
Function Pointers
</H3><UL>
 <LI><a href="#[bb]">ACMP_DriverIRQHandler</a> from startup_mimxrt798s_cm33_core0.o(.text) referenced from startup_mimxrt798s_cm33_core0.o(.text)
 <LI><a href="#[1c]">ACMP_IRQHandler</a> from startup_mimxrt798s_cm33_core0.o(.text) referenced from startup_mimxrt798s_cm33_core0.o(.isr_vector)
 <LI><a href="#[b9]">ADC_DriverIRQHandler</a> from startup_mimxrt798s_cm33_core0.o(.text) referenced from startup_mimxrt798s_cm33_core0.o(.text)
 <LI><a href="#[1a]">ADC_IRQHandler</a> from startup_mimxrt798s_cm33_core0.o(.text) referenced from startup_mimxrt798s_cm33_core0.o(.isr_vector)
 <LI><a href="#[4]">BusFault_Handler</a> from startup_mimxrt798s_cm33_core0.o(.text) referenced from startup_mimxrt798s_cm33_core0.o(.isr_vector)
 <LI><a href="#[12b]">CDOG0_DriverIRQHandler</a> from startup_mimxrt798s_cm33_core0.o(.text) referenced from startup_mimxrt798s_cm33_core0.o(.text)
 <LI><a href="#[8c]">CDOG0_IRQHandler</a> from startup_mimxrt798s_cm33_core0.o(.text) referenced from startup_mimxrt798s_cm33_core0.o(.isr_vector)
 <LI><a href="#[12c]">CDOG1_DriverIRQHandler</a> from startup_mimxrt798s_cm33_core0.o(.text) referenced from startup_mimxrt798s_cm33_core0.o(.text)
 <LI><a href="#[8d]">CDOG1_IRQHandler</a> from startup_mimxrt798s_cm33_core0.o(.text) referenced from startup_mimxrt798s_cm33_core0.o(.isr_vector)
 <LI><a href="#[12d]">CDOG2_DriverIRQHandler</a> from startup_mimxrt798s_cm33_core0.o(.text) referenced from startup_mimxrt798s_cm33_core0.o(.text)
 <LI><a href="#[8e]">CDOG2_IRQHandler</a> from startup_mimxrt798s_cm33_core0.o(.text) referenced from startup_mimxrt798s_cm33_core0.o(.isr_vector)
 <LI><a href="#[133]">CPU0_DriverIRQHandler</a> from startup_mimxrt798s_cm33_core0.o(.text) referenced from startup_mimxrt798s_cm33_core0.o(.text)
 <LI><a href="#[94]">CPU0_IRQHandler</a> from startup_mimxrt798s_cm33_core0.o(.text) referenced from startup_mimxrt798s_cm33_core0.o(.isr_vector)
 <LI><a href="#[ad]">CTIMER0_DriverIRQHandler</a> from startup_mimxrt798s_cm33_core0.o(.text) referenced from startup_mimxrt798s_cm33_core0.o(.text)
 <LI><a href="#[e]">CTIMER0_IRQHandler</a> from startup_mimxrt798s_cm33_core0.o(.text) referenced from startup_mimxrt798s_cm33_core0.o(.isr_vector)
 <LI><a href="#[ae]">CTIMER1_DriverIRQHandler</a> from startup_mimxrt798s_cm33_core0.o(.text) referenced from startup_mimxrt798s_cm33_core0.o(.text)
 <LI><a href="#[f]">CTIMER1_IRQHandler</a> from startup_mimxrt798s_cm33_core0.o(.text) referenced from startup_mimxrt798s_cm33_core0.o(.isr_vector)
 <LI><a href="#[ca]">CTIMER2_DriverIRQHandler</a> from startup_mimxrt798s_cm33_core0.o(.text) referenced from startup_mimxrt798s_cm33_core0.o(.text)
 <LI><a href="#[2b]">CTIMER2_IRQHandler</a> from startup_mimxrt798s_cm33_core0.o(.text) referenced from startup_mimxrt798s_cm33_core0.o(.isr_vector)
 <LI><a href="#[b0]">CTIMER3_DriverIRQHandler</a> from startup_mimxrt798s_cm33_core0.o(.text) referenced from startup_mimxrt798s_cm33_core0.o(.text)
 <LI><a href="#[11]">CTIMER3_IRQHandler</a> from startup_mimxrt798s_cm33_core0.o(.text) referenced from startup_mimxrt798s_cm33_core0.o(.isr_vector)
 <LI><a href="#[cb]">CTIMER4_DriverIRQHandler</a> from startup_mimxrt798s_cm33_core0.o(.text) referenced from startup_mimxrt798s_cm33_core0.o(.text)
 <LI><a href="#[2c]">CTIMER4_IRQHandler</a> from startup_mimxrt798s_cm33_core0.o(.text) referenced from startup_mimxrt798s_cm33_core0.o(.isr_vector)
 <LI><a href="#[8]">DebugMon_Handler</a> from startup_mimxrt798s_cm33_core0.o(.text) referenced from startup_mimxrt798s_cm33_core0.o(.isr_vector)
 <LI><a href="#[e5]">EDMA0_CH0_DriverIRQHandler</a> from startup_mimxrt798s_cm33_core0.o(.text) referenced from startup_mimxrt798s_cm33_core0.o(.text)
 <LI><a href="#[46]">EDMA0_CH0_IRQHandler</a> from startup_mimxrt798s_cm33_core0.o(.text) referenced from startup_mimxrt798s_cm33_core0.o(.isr_vector)
 <LI><a href="#[ef]">EDMA0_CH10_DriverIRQHandler</a> from startup_mimxrt798s_cm33_core0.o(.text) referenced from startup_mimxrt798s_cm33_core0.o(.text)
 <LI><a href="#[50]">EDMA0_CH10_IRQHandler</a> from startup_mimxrt798s_cm33_core0.o(.text) referenced from startup_mimxrt798s_cm33_core0.o(.isr_vector)
 <LI><a href="#[f0]">EDMA0_CH11_DriverIRQHandler</a> from startup_mimxrt798s_cm33_core0.o(.text) referenced from startup_mimxrt798s_cm33_core0.o(.text)
 <LI><a href="#[51]">EDMA0_CH11_IRQHandler</a> from startup_mimxrt798s_cm33_core0.o(.text) referenced from startup_mimxrt798s_cm33_core0.o(.isr_vector)
 <LI><a href="#[f1]">EDMA0_CH12_DriverIRQHandler</a> from startup_mimxrt798s_cm33_core0.o(.text) referenced from startup_mimxrt798s_cm33_core0.o(.text)
 <LI><a href="#[52]">EDMA0_CH12_IRQHandler</a> from startup_mimxrt798s_cm33_core0.o(.text) referenced from startup_mimxrt798s_cm33_core0.o(.isr_vector)
 <LI><a href="#[f2]">EDMA0_CH13_DriverIRQHandler</a> from startup_mimxrt798s_cm33_core0.o(.text) referenced from startup_mimxrt798s_cm33_core0.o(.text)
 <LI><a href="#[53]">EDMA0_CH13_IRQHandler</a> from startup_mimxrt798s_cm33_core0.o(.text) referenced from startup_mimxrt798s_cm33_core0.o(.isr_vector)
 <LI><a href="#[f3]">EDMA0_CH14_DriverIRQHandler</a> from startup_mimxrt798s_cm33_core0.o(.text) referenced from startup_mimxrt798s_cm33_core0.o(.text)
 <LI><a href="#[54]">EDMA0_CH14_IRQHandler</a> from startup_mimxrt798s_cm33_core0.o(.text) referenced from startup_mimxrt798s_cm33_core0.o(.isr_vector)
 <LI><a href="#[f4]">EDMA0_CH15_DriverIRQHandler</a> from startup_mimxrt798s_cm33_core0.o(.text) referenced from startup_mimxrt798s_cm33_core0.o(.text)
 <LI><a href="#[55]">EDMA0_CH15_IRQHandler</a> from startup_mimxrt798s_cm33_core0.o(.text) referenced from startup_mimxrt798s_cm33_core0.o(.isr_vector)
 <LI><a href="#[e6]">EDMA0_CH1_DriverIRQHandler</a> from startup_mimxrt798s_cm33_core0.o(.text) referenced from startup_mimxrt798s_cm33_core0.o(.text)
 <LI><a href="#[47]">EDMA0_CH1_IRQHandler</a> from startup_mimxrt798s_cm33_core0.o(.text) referenced from startup_mimxrt798s_cm33_core0.o(.isr_vector)
 <LI><a href="#[e7]">EDMA0_CH2_DriverIRQHandler</a> from startup_mimxrt798s_cm33_core0.o(.text) referenced from startup_mimxrt798s_cm33_core0.o(.text)
 <LI><a href="#[48]">EDMA0_CH2_IRQHandler</a> from startup_mimxrt798s_cm33_core0.o(.text) referenced from startup_mimxrt798s_cm33_core0.o(.isr_vector)
 <LI><a href="#[e8]">EDMA0_CH3_DriverIRQHandler</a> from startup_mimxrt798s_cm33_core0.o(.text) referenced from startup_mimxrt798s_cm33_core0.o(.text)
 <LI><a href="#[49]">EDMA0_CH3_IRQHandler</a> from startup_mimxrt798s_cm33_core0.o(.text) referenced from startup_mimxrt798s_cm33_core0.o(.isr_vector)
 <LI><a href="#[e9]">EDMA0_CH4_DriverIRQHandler</a> from startup_mimxrt798s_cm33_core0.o(.text) referenced from startup_mimxrt798s_cm33_core0.o(.text)
 <LI><a href="#[4a]">EDMA0_CH4_IRQHandler</a> from startup_mimxrt798s_cm33_core0.o(.text) referenced from startup_mimxrt798s_cm33_core0.o(.isr_vector)
 <LI><a href="#[ea]">EDMA0_CH5_DriverIRQHandler</a> from startup_mimxrt798s_cm33_core0.o(.text) referenced from startup_mimxrt798s_cm33_core0.o(.text)
 <LI><a href="#[4b]">EDMA0_CH5_IRQHandler</a> from startup_mimxrt798s_cm33_core0.o(.text) referenced from startup_mimxrt798s_cm33_core0.o(.isr_vector)
 <LI><a href="#[eb]">EDMA0_CH6_DriverIRQHandler</a> from startup_mimxrt798s_cm33_core0.o(.text) referenced from startup_mimxrt798s_cm33_core0.o(.text)
 <LI><a href="#[4c]">EDMA0_CH6_IRQHandler</a> from startup_mimxrt798s_cm33_core0.o(.text) referenced from startup_mimxrt798s_cm33_core0.o(.isr_vector)
 <LI><a href="#[ec]">EDMA0_CH7_DriverIRQHandler</a> from startup_mimxrt798s_cm33_core0.o(.text) referenced from startup_mimxrt798s_cm33_core0.o(.text)
 <LI><a href="#[4d]">EDMA0_CH7_IRQHandler</a> from startup_mimxrt798s_cm33_core0.o(.text) referenced from startup_mimxrt798s_cm33_core0.o(.isr_vector)
 <LI><a href="#[ed]">EDMA0_CH8_DriverIRQHandler</a> from startup_mimxrt798s_cm33_core0.o(.text) referenced from startup_mimxrt798s_cm33_core0.o(.text)
 <LI><a href="#[4e]">EDMA0_CH8_IRQHandler</a> from startup_mimxrt798s_cm33_core0.o(.text) referenced from startup_mimxrt798s_cm33_core0.o(.isr_vector)
 <LI><a href="#[ee]">EDMA0_CH9_DriverIRQHandler</a> from startup_mimxrt798s_cm33_core0.o(.text) referenced from startup_mimxrt798s_cm33_core0.o(.text)
 <LI><a href="#[4f]">EDMA0_CH9_IRQHandler</a> from startup_mimxrt798s_cm33_core0.o(.text) referenced from startup_mimxrt798s_cm33_core0.o(.isr_vector)
 <LI><a href="#[f5]">EDMA1_CH0_DriverIRQHandler</a> from startup_mimxrt798s_cm33_core0.o(.text) referenced from startup_mimxrt798s_cm33_core0.o(.text)
 <LI><a href="#[56]">EDMA1_CH0_IRQHandler</a> from startup_mimxrt798s_cm33_core0.o(.text) referenced from startup_mimxrt798s_cm33_core0.o(.isr_vector)
 <LI><a href="#[ff]">EDMA1_CH10_DriverIRQHandler</a> from startup_mimxrt798s_cm33_core0.o(.text) referenced from startup_mimxrt798s_cm33_core0.o(.text)
 <LI><a href="#[60]">EDMA1_CH10_IRQHandler</a> from startup_mimxrt798s_cm33_core0.o(.text) referenced from startup_mimxrt798s_cm33_core0.o(.isr_vector)
 <LI><a href="#[100]">EDMA1_CH11_DriverIRQHandler</a> from startup_mimxrt798s_cm33_core0.o(.text) referenced from startup_mimxrt798s_cm33_core0.o(.text)
 <LI><a href="#[61]">EDMA1_CH11_IRQHandler</a> from startup_mimxrt798s_cm33_core0.o(.text) referenced from startup_mimxrt798s_cm33_core0.o(.isr_vector)
 <LI><a href="#[101]">EDMA1_CH12_DriverIRQHandler</a> from startup_mimxrt798s_cm33_core0.o(.text) referenced from startup_mimxrt798s_cm33_core0.o(.text)
 <LI><a href="#[62]">EDMA1_CH12_IRQHandler</a> from startup_mimxrt798s_cm33_core0.o(.text) referenced from startup_mimxrt798s_cm33_core0.o(.isr_vector)
 <LI><a href="#[102]">EDMA1_CH13_DriverIRQHandler</a> from startup_mimxrt798s_cm33_core0.o(.text) referenced from startup_mimxrt798s_cm33_core0.o(.text)
 <LI><a href="#[63]">EDMA1_CH13_IRQHandler</a> from startup_mimxrt798s_cm33_core0.o(.text) referenced from startup_mimxrt798s_cm33_core0.o(.isr_vector)
 <LI><a href="#[103]">EDMA1_CH14_DriverIRQHandler</a> from startup_mimxrt798s_cm33_core0.o(.text) referenced from startup_mimxrt798s_cm33_core0.o(.text)
 <LI><a href="#[64]">EDMA1_CH14_IRQHandler</a> from startup_mimxrt798s_cm33_core0.o(.text) referenced from startup_mimxrt798s_cm33_core0.o(.isr_vector)
 <LI><a href="#[104]">EDMA1_CH15_DriverIRQHandler</a> from startup_mimxrt798s_cm33_core0.o(.text) referenced from startup_mimxrt798s_cm33_core0.o(.text)
 <LI><a href="#[65]">EDMA1_CH15_IRQHandler</a> from startup_mimxrt798s_cm33_core0.o(.text) referenced from startup_mimxrt798s_cm33_core0.o(.isr_vector)
 <LI><a href="#[f6]">EDMA1_CH1_DriverIRQHandler</a> from startup_mimxrt798s_cm33_core0.o(.text) referenced from startup_mimxrt798s_cm33_core0.o(.text)
 <LI><a href="#[57]">EDMA1_CH1_IRQHandler</a> from startup_mimxrt798s_cm33_core0.o(.text) referenced from startup_mimxrt798s_cm33_core0.o(.isr_vector)
 <LI><a href="#[f7]">EDMA1_CH2_DriverIRQHandler</a> from startup_mimxrt798s_cm33_core0.o(.text) referenced from startup_mimxrt798s_cm33_core0.o(.text)
 <LI><a href="#[58]">EDMA1_CH2_IRQHandler</a> from startup_mimxrt798s_cm33_core0.o(.text) referenced from startup_mimxrt798s_cm33_core0.o(.isr_vector)
 <LI><a href="#[f8]">EDMA1_CH3_DriverIRQHandler</a> from startup_mimxrt798s_cm33_core0.o(.text) referenced from startup_mimxrt798s_cm33_core0.o(.text)
 <LI><a href="#[59]">EDMA1_CH3_IRQHandler</a> from startup_mimxrt798s_cm33_core0.o(.text) referenced from startup_mimxrt798s_cm33_core0.o(.isr_vector)
 <LI><a href="#[f9]">EDMA1_CH4_DriverIRQHandler</a> from startup_mimxrt798s_cm33_core0.o(.text) referenced from startup_mimxrt798s_cm33_core0.o(.text)
 <LI><a href="#[5a]">EDMA1_CH4_IRQHandler</a> from startup_mimxrt798s_cm33_core0.o(.text) referenced from startup_mimxrt798s_cm33_core0.o(.isr_vector)
 <LI><a href="#[fa]">EDMA1_CH5_DriverIRQHandler</a> from startup_mimxrt798s_cm33_core0.o(.text) referenced from startup_mimxrt798s_cm33_core0.o(.text)
 <LI><a href="#[5b]">EDMA1_CH5_IRQHandler</a> from startup_mimxrt798s_cm33_core0.o(.text) referenced from startup_mimxrt798s_cm33_core0.o(.isr_vector)
 <LI><a href="#[fb]">EDMA1_CH6_DriverIRQHandler</a> from startup_mimxrt798s_cm33_core0.o(.text) referenced from startup_mimxrt798s_cm33_core0.o(.text)
 <LI><a href="#[5c]">EDMA1_CH6_IRQHandler</a> from startup_mimxrt798s_cm33_core0.o(.text) referenced from startup_mimxrt798s_cm33_core0.o(.isr_vector)
 <LI><a href="#[fc]">EDMA1_CH7_DriverIRQHandler</a> from startup_mimxrt798s_cm33_core0.o(.text) referenced from startup_mimxrt798s_cm33_core0.o(.text)
 <LI><a href="#[5d]">EDMA1_CH7_IRQHandler</a> from startup_mimxrt798s_cm33_core0.o(.text) referenced from startup_mimxrt798s_cm33_core0.o(.isr_vector)
 <LI><a href="#[fd]">EDMA1_CH8_DriverIRQHandler</a> from startup_mimxrt798s_cm33_core0.o(.text) referenced from startup_mimxrt798s_cm33_core0.o(.text)
 <LI><a href="#[5e]">EDMA1_CH8_IRQHandler</a> from startup_mimxrt798s_cm33_core0.o(.text) referenced from startup_mimxrt798s_cm33_core0.o(.isr_vector)
 <LI><a href="#[fe]">EDMA1_CH9_DriverIRQHandler</a> from startup_mimxrt798s_cm33_core0.o(.text) referenced from startup_mimxrt798s_cm33_core0.o(.text)
 <LI><a href="#[5f]">EDMA1_CH9_IRQHandler</a> from startup_mimxrt798s_cm33_core0.o(.text) referenced from startup_mimxrt798s_cm33_core0.o(.isr_vector)
 <LI><a href="#[12f]">ELS_DriverIRQHandler</a> from startup_mimxrt798s_cm33_core0.o(.text) referenced from startup_mimxrt798s_cm33_core0.o(.text)
 <LI><a href="#[90]">ELS_IRQHandler</a> from startup_mimxrt798s_cm33_core0.o(.text) referenced from startup_mimxrt798s_cm33_core0.o(.isr_vector)
 <LI><a href="#[13b]">EZHV_DriverIRQHandler</a> from startup_mimxrt798s_cm33_core0.o(.text) referenced from startup_mimxrt798s_cm33_core0.o(.text)
 <LI><a href="#[9c]">EZHV_IRQHandler</a> from startup_mimxrt798s_cm33_core0.o(.text) referenced from startup_mimxrt798s_cm33_core0.o(.isr_vector)
 <LI><a href="#[e1]">FLEXIO_DriverIRQHandler</a> from startup_mimxrt798s_cm33_core0.o(.text) referenced from startup_mimxrt798s_cm33_core0.o(.text)
 <LI><a href="#[42]">FLEXIO_IRQHandler</a> from startup_mimxrt798s_cm33_core0.o(.text) referenced from startup_mimxrt798s_cm33_core0.o(.isr_vector)
 <LI><a href="#[144]">FRO0_DriverIRQHandler</a> from startup_mimxrt798s_cm33_core0.o(.text) referenced from startup_mimxrt798s_cm33_core0.o(.text)
 <LI><a href="#[a5]">FRO0_IRQHandler</a> from startup_mimxrt798s_cm33_core0.o(.text) referenced from startup_mimxrt798s_cm33_core0.o(.isr_vector)
 <LI><a href="#[145]">FRO1_DriverIRQHandler</a> from startup_mimxrt798s_cm33_core0.o(.text) referenced from startup_mimxrt798s_cm33_core0.o(.text)
 <LI><a href="#[a6]">FRO1_IRQHandler</a> from startup_mimxrt798s_cm33_core0.o(.text) referenced from startup_mimxrt798s_cm33_core0.o(.isr_vector)
 <LI><a href="#[146]">FRO2_DriverIRQHandler</a> from startup_mimxrt798s_cm33_core0.o(.text) referenced from startup_mimxrt798s_cm33_core0.o(.text)
 <LI><a href="#[a7]">FRO2_IRQHandler</a> from startup_mimxrt798s_cm33_core0.o(.text) referenced from startup_mimxrt798s_cm33_core0.o(.isr_vector)
 <LI><a href="#[126]">Freqme_DriverIRQHandler</a> from startup_mimxrt798s_cm33_core0.o(.text) referenced from startup_mimxrt798s_cm33_core0.o(.text)
 <LI><a href="#[87]">Freqme_IRQHandler</a> from startup_mimxrt798s_cm33_core0.o(.text) referenced from startup_mimxrt798s_cm33_core0.o(.isr_vector)
 <LI><a href="#[127]">GDET0_DriverIRQHandler</a> from startup_mimxrt798s_cm33_core0.o(.text) referenced from startup_mimxrt798s_cm33_core0.o(.text)
 <LI><a href="#[88]">GDET0_IRQHandler</a> from startup_mimxrt798s_cm33_core0.o(.text) referenced from startup_mimxrt798s_cm33_core0.o(.isr_vector)
 <LI><a href="#[12a]">GDET3_DriverIRQHandler</a> from startup_mimxrt798s_cm33_core0.o(.text) referenced from startup_mimxrt798s_cm33_core0.o(.text)
 <LI><a href="#[8b]">GDET3_IRQHandler</a> from startup_mimxrt798s_cm33_core0.o(.text) referenced from startup_mimxrt798s_cm33_core0.o(.isr_vector)
 <LI><a href="#[13c]">GLIKEY0_DriverIRQHandler</a> from startup_mimxrt798s_cm33_core0.o(.text) referenced from startup_mimxrt798s_cm33_core0.o(.text)
 <LI><a href="#[9d]">GLIKEY0_IRQHandler</a> from startup_mimxrt798s_cm33_core0.o(.text) referenced from startup_mimxrt798s_cm33_core0.o(.isr_vector)
 <LI><a href="#[13d]">GLIKEY2_DriverIRQHandler</a> from startup_mimxrt798s_cm33_core0.o(.text) referenced from startup_mimxrt798s_cm33_core0.o(.text)
 <LI><a href="#[9e]">GLIKEY2_IRQHandler</a> from startup_mimxrt798s_cm33_core0.o(.text) referenced from startup_mimxrt798s_cm33_core0.o(.isr_vector)
 <LI><a href="#[13e]">GLIKEY3_DriverIRQHandler</a> from startup_mimxrt798s_cm33_core0.o(.text) referenced from startup_mimxrt798s_cm33_core0.o(.text)
 <LI><a href="#[9f]">GLIKEY3_IRQHandler</a> from startup_mimxrt798s_cm33_core0.o(.text) referenced from startup_mimxrt798s_cm33_core0.o(.isr_vector)
 <LI><a href="#[13f]">GLIKEY5_DriverIRQHandler</a> from startup_mimxrt798s_cm33_core0.o(.text) referenced from startup_mimxrt798s_cm33_core0.o(.text)
 <LI><a href="#[a0]">GLIKEY5_IRQHandler</a> from startup_mimxrt798s_cm33_core0.o(.text) referenced from startup_mimxrt798s_cm33_core0.o(.isr_vector)
 <LI><a href="#[105]">GPIO00_DriverIRQHandler</a> from startup_mimxrt798s_cm33_core0.o(.text) referenced from startup_mimxrt798s_cm33_core0.o(.text)
 <LI><a href="#[66]">GPIO00_IRQHandler</a> from startup_mimxrt798s_cm33_core0.o(.text) referenced from startup_mimxrt798s_cm33_core0.o(.isr_vector)
 <LI><a href="#[106]">GPIO01_DriverIRQHandler</a> from startup_mimxrt798s_cm33_core0.o(.text) referenced from startup_mimxrt798s_cm33_core0.o(.text)
 <LI><a href="#[67]">GPIO01_IRQHandler</a> from startup_mimxrt798s_cm33_core0.o(.text) referenced from startup_mimxrt798s_cm33_core0.o(.isr_vector)
 <LI><a href="#[107]">GPIO10_DriverIRQHandler</a> from startup_mimxrt798s_cm33_core0.o(.text) referenced from startup_mimxrt798s_cm33_core0.o(.text)
 <LI><a href="#[68]">GPIO10_IRQHandler</a> from startup_mimxrt798s_cm33_core0.o(.text) referenced from startup_mimxrt798s_cm33_core0.o(.isr_vector)
 <LI><a href="#[108]">GPIO11_DriverIRQHandler</a> from startup_mimxrt798s_cm33_core0.o(.text) referenced from startup_mimxrt798s_cm33_core0.o(.text)
 <LI><a href="#[69]">GPIO11_IRQHandler</a> from startup_mimxrt798s_cm33_core0.o(.text) referenced from startup_mimxrt798s_cm33_core0.o(.isr_vector)
 <LI><a href="#[109]">GPIO20_DriverIRQHandler</a> from startup_mimxrt798s_cm33_core0.o(.text) referenced from startup_mimxrt798s_cm33_core0.o(.text)
 <LI><a href="#[6a]">GPIO20_IRQHandler</a> from startup_mimxrt798s_cm33_core0.o(.text) referenced from startup_mimxrt798s_cm33_core0.o(.isr_vector)
 <LI><a href="#[10a]">GPIO21_DriverIRQHandler</a> from startup_mimxrt798s_cm33_core0.o(.text) referenced from startup_mimxrt798s_cm33_core0.o(.text)
 <LI><a href="#[6b]">GPIO21_IRQHandler</a> from startup_mimxrt798s_cm33_core0.o(.text) referenced from startup_mimxrt798s_cm33_core0.o(.isr_vector)
 <LI><a href="#[10b]">GPIO30_DriverIRQHandler</a> from startup_mimxrt798s_cm33_core0.o(.text) referenced from startup_mimxrt798s_cm33_core0.o(.text)
 <LI><a href="#[6c]">GPIO30_IRQHandler</a> from startup_mimxrt798s_cm33_core0.o(.text) referenced from startup_mimxrt798s_cm33_core0.o(.isr_vector)
 <LI><a href="#[10c]">GPIO31_DriverIRQHandler</a> from startup_mimxrt798s_cm33_core0.o(.text) referenced from startup_mimxrt798s_cm33_core0.o(.text)
 <LI><a href="#[6d]">GPIO31_IRQHandler</a> from startup_mimxrt798s_cm33_core0.o(.text) referenced from startup_mimxrt798s_cm33_core0.o(.isr_vector)
 <LI><a href="#[10d]">GPIO40_DriverIRQHandler</a> from startup_mimxrt798s_cm33_core0.o(.text) referenced from startup_mimxrt798s_cm33_core0.o(.text)
 <LI><a href="#[6e]">GPIO40_IRQHandler</a> from startup_mimxrt798s_cm33_core0.o(.text) referenced from startup_mimxrt798s_cm33_core0.o(.isr_vector)
 <LI><a href="#[10e]">GPIO41_DriverIRQHandler</a> from startup_mimxrt798s_cm33_core0.o(.text) referenced from startup_mimxrt798s_cm33_core0.o(.text)
 <LI><a href="#[6f]">GPIO41_IRQHandler</a> from startup_mimxrt798s_cm33_core0.o(.text) referenced from startup_mimxrt798s_cm33_core0.o(.isr_vector)
 <LI><a href="#[10f]">GPIO50_DriverIRQHandler</a> from startup_mimxrt798s_cm33_core0.o(.text) referenced from startup_mimxrt798s_cm33_core0.o(.text)
 <LI><a href="#[70]">GPIO50_IRQHandler</a> from startup_mimxrt798s_cm33_core0.o(.text) referenced from startup_mimxrt798s_cm33_core0.o(.isr_vector)
 <LI><a href="#[110]">GPIO51_DriverIRQHandler</a> from startup_mimxrt798s_cm33_core0.o(.text) referenced from startup_mimxrt798s_cm33_core0.o(.text)
 <LI><a href="#[71]">GPIO51_IRQHandler</a> from startup_mimxrt798s_cm33_core0.o(.text) referenced from startup_mimxrt798s_cm33_core0.o(.isr_vector)
 <LI><a href="#[111]">GPIO60_DriverIRQHandler</a> from startup_mimxrt798s_cm33_core0.o(.text) referenced from startup_mimxrt798s_cm33_core0.o(.text)
 <LI><a href="#[72]">GPIO60_IRQHandler</a> from startup_mimxrt798s_cm33_core0.o(.text) referenced from startup_mimxrt798s_cm33_core0.o(.isr_vector)
 <LI><a href="#[112]">GPIO61_DriverIRQHandler</a> from startup_mimxrt798s_cm33_core0.o(.text) referenced from startup_mimxrt798s_cm33_core0.o(.text)
 <LI><a href="#[73]">GPIO61_IRQHandler</a> from startup_mimxrt798s_cm33_core0.o(.text) referenced from startup_mimxrt798s_cm33_core0.o(.isr_vector)
 <LI><a href="#[113]">GPIO70_DriverIRQHandler</a> from startup_mimxrt798s_cm33_core0.o(.text) referenced from startup_mimxrt798s_cm33_core0.o(.text)
 <LI><a href="#[74]">GPIO70_IRQHandler</a> from startup_mimxrt798s_cm33_core0.o(.text) referenced from startup_mimxrt798s_cm33_core0.o(.isr_vector)
 <LI><a href="#[114]">GPIO71_DriverIRQHandler</a> from startup_mimxrt798s_cm33_core0.o(.text) referenced from startup_mimxrt798s_cm33_core0.o(.text)
 <LI><a href="#[75]">GPIO71_IRQHandler</a> from startup_mimxrt798s_cm33_core0.o(.text) referenced from startup_mimxrt798s_cm33_core0.o(.isr_vector)
 <LI><a href="#[149]">HAL_UartReceiveBlocking</a> from fsl_adapter_lpuart.o(.text.HAL_UartReceiveBlocking) referenced 2 times from fsl_debug_console.o(.text.DbgConsole_Init)
 <LI><a href="#[148]">HAL_UartSendBlocking</a> from fsl_adapter_lpuart.o(.text.HAL_UartSendBlocking) referenced 2 times from fsl_debug_console.o(.text.DbgConsole_Init)
 <LI><a href="#[c6]">HIFI4_DriverIRQHandler</a> from startup_mimxrt798s_cm33_core0.o(.text) referenced from startup_mimxrt798s_cm33_core0.o(.text)
 <LI><a href="#[27]">HIFI4_IRQHandler</a> from startup_mimxrt798s_cm33_core0.o(.text) referenced from startup_mimxrt798s_cm33_core0.o(.isr_vector)
 <LI><a href="#[be]">HYPERVISOR_DriverIRQHandler</a> from startup_mimxrt798s_cm33_core0.o(.text) referenced from startup_mimxrt798s_cm33_core0.o(.text)
 <LI><a href="#[1f]">HYPERVISOR_IRQHandler</a> from startup_mimxrt798s_cm33_core0.o(.text) referenced from startup_mimxrt798s_cm33_core0.o(.isr_vector)
 <LI><a href="#[2]">HardFault_Handler</a> from startup_mimxrt798s_cm33_core0.o(.text) referenced from startup_mimxrt798s_cm33_core0.o(.isr_vector)
 <LI><a href="#[2]">HardFault_Handler</a> from startup_mimxrt798s_cm33_core0.o(.text) referenced from startup_mimxrt798s_cm33_core0.o(.text)
 <LI><a href="#[d1]">I3C0_DriverIRQHandler</a> from startup_mimxrt798s_cm33_core0.o(.text) referenced from startup_mimxrt798s_cm33_core0.o(.text)
 <LI><a href="#[32]">I3C0_IRQHandler</a> from startup_mimxrt798s_cm33_core0.o(.text) referenced from startup_mimxrt798s_cm33_core0.o(.isr_vector)
 <LI><a href="#[e0]">I3C1_DriverIRQHandler</a> from startup_mimxrt798s_cm33_core0.o(.text) referenced from startup_mimxrt798s_cm33_core0.o(.text)
 <LI><a href="#[41]">I3C1_IRQHandler</a> from startup_mimxrt798s_cm33_core0.o(.text) referenced from startup_mimxrt798s_cm33_core0.o(.isr_vector)
 <LI><a href="#[12e]">ITRC0_DriverIRQHandler</a> from startup_mimxrt798s_cm33_core0.o(.text) referenced from startup_mimxrt798s_cm33_core0.o(.text)
 <LI><a href="#[8f]">ITRC0_IRQHandler</a> from startup_mimxrt798s_cm33_core0.o(.text) referenced from startup_mimxrt798s_cm33_core0.o(.isr_vector)
 <LI><a href="#[135]">JPEGDEC_DriverIRQHandler</a> from startup_mimxrt798s_cm33_core0.o(.text) referenced from startup_mimxrt798s_cm33_core0.o(.text)
 <LI><a href="#[96]">JPEGDEC_IRQHandler</a> from startup_mimxrt798s_cm33_core0.o(.text) referenced from startup_mimxrt798s_cm33_core0.o(.isr_vector)
 <LI><a href="#[e2]">LCDIF_DriverIRQHandler</a> from startup_mimxrt798s_cm33_core0.o(.text) referenced from startup_mimxrt798s_cm33_core0.o(.text)
 <LI><a href="#[43]">LCDIF_IRQHandler</a> from startup_mimxrt798s_cm33_core0.o(.text) referenced from startup_mimxrt798s_cm33_core0.o(.isr_vector)
 <LI><a href="#[b8]">LPI2C15_DriverIRQHandler</a> from startup_mimxrt798s_cm33_core0.o(.text) referenced from startup_mimxrt798s_cm33_core0.o(.text)
 <LI><a href="#[19]">LPI2C15_IRQHandler</a> from startup_mimxrt798s_cm33_core0.o(.text) referenced from startup_mimxrt798s_cm33_core0.o(.isr_vector)
 <LI><a href="#[b7]">LPSPI14_DriverIRQHandler</a> from startup_mimxrt798s_cm33_core0.o(.text) referenced from startup_mimxrt798s_cm33_core0.o(.text)
 <LI><a href="#[18]">LPSPI14_IRQHandler</a> from startup_mimxrt798s_cm33_core0.o(.text) referenced from startup_mimxrt798s_cm33_core0.o(.isr_vector)
 <LI><a href="#[df]">LPSPI16_DriverIRQHandler</a> from startup_mimxrt798s_cm33_core0.o(.text) referenced from startup_mimxrt798s_cm33_core0.o(.text)
 <LI><a href="#[40]">LPSPI16_IRQHandler</a> from startup_mimxrt798s_cm33_core0.o(.text) referenced from startup_mimxrt798s_cm33_core0.o(.isr_vector)
 <LI><a href="#[b1]">LP_FLEXCOMM0_DriverIRQHandler</a> from fsl_lpflexcomm.o(.text.LP_FLEXCOMM0_DriverIRQHandler) referenced from startup_mimxrt798s_cm33_core0.o(.text)
 <LI><a href="#[12]">LP_FLEXCOMM0_IRQHandler</a> from startup_mimxrt798s_cm33_core0.o(.text) referenced from startup_mimxrt798s_cm33_core0.o(.isr_vector)
 <LI><a href="#[db]">LP_FLEXCOMM10_DriverIRQHandler</a> from fsl_lpflexcomm.o(.text.LP_FLEXCOMM10_DriverIRQHandler) referenced from startup_mimxrt798s_cm33_core0.o(.text)
 <LI><a href="#[3c]">LP_FLEXCOMM10_IRQHandler</a> from startup_mimxrt798s_cm33_core0.o(.text) referenced from startup_mimxrt798s_cm33_core0.o(.isr_vector)
 <LI><a href="#[dc]">LP_FLEXCOMM11_DriverIRQHandler</a> from fsl_lpflexcomm.o(.text.LP_FLEXCOMM11_DriverIRQHandler) referenced from startup_mimxrt798s_cm33_core0.o(.text)
 <LI><a href="#[3d]">LP_FLEXCOMM11_IRQHandler</a> from startup_mimxrt798s_cm33_core0.o(.text) referenced from startup_mimxrt798s_cm33_core0.o(.isr_vector)
 <LI><a href="#[dd]">LP_FLEXCOMM12_DriverIRQHandler</a> from fsl_lpflexcomm.o(.text.LP_FLEXCOMM12_DriverIRQHandler) referenced from startup_mimxrt798s_cm33_core0.o(.text)
 <LI><a href="#[3e]">LP_FLEXCOMM12_IRQHandler</a> from startup_mimxrt798s_cm33_core0.o(.text) referenced from startup_mimxrt798s_cm33_core0.o(.isr_vector)
 <LI><a href="#[de]">LP_FLEXCOMM13_DriverIRQHandler</a> from fsl_lpflexcomm.o(.text.LP_FLEXCOMM13_DriverIRQHandler) referenced from startup_mimxrt798s_cm33_core0.o(.text)
 <LI><a href="#[3f]">LP_FLEXCOMM13_IRQHandler</a> from startup_mimxrt798s_cm33_core0.o(.text) referenced from startup_mimxrt798s_cm33_core0.o(.isr_vector)
 <LI><a href="#[b2]">LP_FLEXCOMM1_DriverIRQHandler</a> from fsl_lpflexcomm.o(.text.LP_FLEXCOMM1_DriverIRQHandler) referenced from startup_mimxrt798s_cm33_core0.o(.text)
 <LI><a href="#[13]">LP_FLEXCOMM1_IRQHandler</a> from startup_mimxrt798s_cm33_core0.o(.text) referenced from startup_mimxrt798s_cm33_core0.o(.isr_vector)
 <LI><a href="#[b3]">LP_FLEXCOMM2_DriverIRQHandler</a> from fsl_lpflexcomm.o(.text.LP_FLEXCOMM2_DriverIRQHandler) referenced from startup_mimxrt798s_cm33_core0.o(.text)
 <LI><a href="#[14]">LP_FLEXCOMM2_IRQHandler</a> from startup_mimxrt798s_cm33_core0.o(.text) referenced from startup_mimxrt798s_cm33_core0.o(.isr_vector)
 <LI><a href="#[b4]">LP_FLEXCOMM3_DriverIRQHandler</a> from fsl_lpflexcomm.o(.text.LP_FLEXCOMM3_DriverIRQHandler) referenced from startup_mimxrt798s_cm33_core0.o(.text)
 <LI><a href="#[15]">LP_FLEXCOMM3_IRQHandler</a> from startup_mimxrt798s_cm33_core0.o(.text) referenced from startup_mimxrt798s_cm33_core0.o(.isr_vector)
 <LI><a href="#[b5]">LP_FLEXCOMM4_DriverIRQHandler</a> from fsl_lpflexcomm.o(.text.LP_FLEXCOMM4_DriverIRQHandler) referenced from startup_mimxrt798s_cm33_core0.o(.text)
 <LI><a href="#[16]">LP_FLEXCOMM4_IRQHandler</a> from startup_mimxrt798s_cm33_core0.o(.text) referenced from startup_mimxrt798s_cm33_core0.o(.isr_vector)
 <LI><a href="#[b6]">LP_FLEXCOMM5_DriverIRQHandler</a> from fsl_lpflexcomm.o(.text.LP_FLEXCOMM5_DriverIRQHandler) referenced from startup_mimxrt798s_cm33_core0.o(.text)
 <LI><a href="#[17]">LP_FLEXCOMM5_IRQHandler</a> from startup_mimxrt798s_cm33_core0.o(.text) referenced from startup_mimxrt798s_cm33_core0.o(.isr_vector)
 <LI><a href="#[cd]">LP_FLEXCOMM6_DriverIRQHandler</a> from fsl_lpflexcomm.o(.text.LP_FLEXCOMM6_DriverIRQHandler) referenced from startup_mimxrt798s_cm33_core0.o(.text)
 <LI><a href="#[2e]">LP_FLEXCOMM6_IRQHandler</a> from startup_mimxrt798s_cm33_core0.o(.text) referenced from startup_mimxrt798s_cm33_core0.o(.isr_vector)
 <LI><a href="#[ce]">LP_FLEXCOMM7_DriverIRQHandler</a> from fsl_lpflexcomm.o(.text.LP_FLEXCOMM7_DriverIRQHandler) referenced from startup_mimxrt798s_cm33_core0.o(.text)
 <LI><a href="#[2f]">LP_FLEXCOMM7_IRQHandler</a> from startup_mimxrt798s_cm33_core0.o(.text) referenced from startup_mimxrt798s_cm33_core0.o(.isr_vector)
 <LI><a href="#[d9]">LP_FLEXCOMM8_DriverIRQHandler</a> from fsl_lpflexcomm.o(.text.LP_FLEXCOMM8_DriverIRQHandler) referenced from startup_mimxrt798s_cm33_core0.o(.text)
 <LI><a href="#[3a]">LP_FLEXCOMM8_IRQHandler</a> from startup_mimxrt798s_cm33_core0.o(.text) referenced from startup_mimxrt798s_cm33_core0.o(.isr_vector)
 <LI><a href="#[da]">LP_FLEXCOMM9_DriverIRQHandler</a> from fsl_lpflexcomm.o(.text.LP_FLEXCOMM9_DriverIRQHandler) referenced from startup_mimxrt798s_cm33_core0.o(.text)
 <LI><a href="#[3b]">LP_FLEXCOMM9_IRQHandler</a> from startup_mimxrt798s_cm33_core0.o(.text) referenced from startup_mimxrt798s_cm33_core0.o(.isr_vector)
 <LI><a href="#[c2]">MEDIA_HYPERVISOR_DriverIRQHandler</a> from startup_mimxrt798s_cm33_core0.o(.text) referenced from startup_mimxrt798s_cm33_core0.o(.text)
 <LI><a href="#[23]">MEDIA_HYPERVISOR_IRQHandler</a> from startup_mimxrt798s_cm33_core0.o(.text) referenced from startup_mimxrt798s_cm33_core0.o(.isr_vector)
 <LI><a href="#[c3]">MEDIA_SECURE_VIOLATION_DriverIRQHandler</a> from startup_mimxrt798s_cm33_core0.o(.text) referenced from startup_mimxrt798s_cm33_core0.o(.text)
 <LI><a href="#[24]">MEDIA_SECURE_VIOLATION_IRQHandler</a> from startup_mimxrt798s_cm33_core0.o(.text) referenced from startup_mimxrt798s_cm33_core0.o(.isr_vector)
 <LI><a href="#[e4]">MIPI_DriverIRQHandler</a> from startup_mimxrt798s_cm33_core0.o(.text) referenced from startup_mimxrt798s_cm33_core0.o(.text)
 <LI><a href="#[45]">MIPI_IRQHandler</a> from startup_mimxrt798s_cm33_core0.o(.text) referenced from startup_mimxrt798s_cm33_core0.o(.isr_vector)
 <LI><a href="#[123]">MMU0_DriverIRQHandler</a> from startup_mimxrt798s_cm33_core0.o(.text) referenced from startup_mimxrt798s_cm33_core0.o(.text)
 <LI><a href="#[84]">MMU0_IRQHandler</a> from startup_mimxrt798s_cm33_core0.o(.text) referenced from startup_mimxrt798s_cm33_core0.o(.isr_vector)
 <LI><a href="#[124]">MMU1_DriverIRQHandler</a> from startup_mimxrt798s_cm33_core0.o(.text) referenced from startup_mimxrt798s_cm33_core0.o(.text)
 <LI><a href="#[85]">MMU1_IRQHandler</a> from startup_mimxrt798s_cm33_core0.o(.text) referenced from startup_mimxrt798s_cm33_core0.o(.isr_vector)
 <LI><a href="#[125]">MMU2_DriverIRQHandler</a> from startup_mimxrt798s_cm33_core0.o(.text) referenced from startup_mimxrt798s_cm33_core0.o(.text)
 <LI><a href="#[86]">MMU2_IRQHandler</a> from startup_mimxrt798s_cm33_core0.o(.text) referenced from startup_mimxrt798s_cm33_core0.o(.isr_vector)
 <LI><a href="#[ac]">MRT0_DriverIRQHandler</a> from startup_mimxrt798s_cm33_core0.o(.text) referenced from startup_mimxrt798s_cm33_core0.o(.text)
 <LI><a href="#[d]">MRT0_IRQHandler</a> from startup_mimxrt798s_cm33_core0.o(.text) referenced from startup_mimxrt798s_cm33_core0.o(.isr_vector)
 <LI><a href="#[c7]">MU0_A_DriverIRQHandler</a> from startup_mimxrt798s_cm33_core0.o(.text) referenced from startup_mimxrt798s_cm33_core0.o(.text)
 <LI><a href="#[28]">MU0_A_IRQHandler</a> from startup_mimxrt798s_cm33_core0.o(.text) referenced from startup_mimxrt798s_cm33_core0.o(.isr_vector)
 <LI><a href="#[c8]">MU1_A_DriverIRQHandler</a> from startup_mimxrt798s_cm33_core0.o(.text) referenced from startup_mimxrt798s_cm33_core0.o(.text)
 <LI><a href="#[29]">MU1_A_IRQHandler</a> from startup_mimxrt798s_cm33_core0.o(.text) referenced from startup_mimxrt798s_cm33_core0.o(.isr_vector)
 <LI><a href="#[c9]">MU4_A_DriverIRQHandler</a> from startup_mimxrt798s_cm33_core0.o(.text) referenced from startup_mimxrt798s_cm33_core0.o(.text)
 <LI><a href="#[2a]">MU4_A_IRQHandler</a> from startup_mimxrt798s_cm33_core0.o(.text) referenced from startup_mimxrt798s_cm33_core0.o(.isr_vector)
 <LI><a href="#[3]">MemManage_Handler</a> from startup_mimxrt798s_cm33_core0.o(.text) referenced from startup_mimxrt798s_cm33_core0.o(.isr_vector)
 <LI><a href="#[1]">NMI_Handler</a> from startup_mimxrt798s_cm33_core0.o(.text) referenced from startup_mimxrt798s_cm33_core0.o(.isr_vector)
 <LI><a href="#[1]">NMI_Handler</a> from startup_mimxrt798s_cm33_core0.o(.text) referenced from startup_mimxrt798s_cm33_core0.o(.text)
 <LI><a href="#[137]">NPU_DriverIRQHandler</a> from startup_mimxrt798s_cm33_core0.o(.text) referenced from startup_mimxrt798s_cm33_core0.o(.text)
 <LI><a href="#[98]">NPU_IRQHandler</a> from startup_mimxrt798s_cm33_core0.o(.text) referenced from startup_mimxrt798s_cm33_core0.o(.isr_vector)
 <LI><a href="#[147]">OCOTP_DriverIRQHandler</a> from startup_mimxrt798s_cm33_core0.o(.text) referenced from startup_mimxrt798s_cm33_core0.o(.text)
 <LI><a href="#[a8]">OCOTP_IRQHandler</a> from startup_mimxrt798s_cm33_core0.o(.text) referenced from startup_mimxrt798s_cm33_core0.o(.isr_vector)
 <LI><a href="#[131]">OSCCA_DriverIRQHandler</a> from startup_mimxrt798s_cm33_core0.o(.text) referenced from startup_mimxrt798s_cm33_core0.o(.text)
 <LI><a href="#[92]">OSCCA_IRQHandler</a> from startup_mimxrt798s_cm33_core0.o(.text) referenced from startup_mimxrt798s_cm33_core0.o(.isr_vector)
 <LI><a href="#[cc]">OS_EVENT_DriverIRQHandler</a> from startup_mimxrt798s_cm33_core0.o(.text) referenced from startup_mimxrt798s_cm33_core0.o(.text)
 <LI><a href="#[2d]">OS_EVENT_IRQHandler</a> from startup_mimxrt798s_cm33_core0.o(.text) referenced from startup_mimxrt798s_cm33_core0.o(.isr_vector)
 <LI><a href="#[bc]">PDM_EVENT_DriverIRQHandler</a> from startup_mimxrt798s_cm33_core0.o(.text) referenced from startup_mimxrt798s_cm33_core0.o(.text)
 <LI><a href="#[1d]">PDM_EVENT_IRQHandler</a> from startup_mimxrt798s_cm33_core0.o(.text) referenced from startup_mimxrt798s_cm33_core0.o(.isr_vector)
 <LI><a href="#[bd]">PDM_HWVAD_EVENT_DriverIRQHandler</a> from startup_mimxrt798s_cm33_core0.o(.text) referenced from startup_mimxrt798s_cm33_core0.o(.text)
 <LI><a href="#[1e]">PDM_HWVAD_EVENT_IRQHandler</a> from startup_mimxrt798s_cm33_core0.o(.text) referenced from startup_mimxrt798s_cm33_core0.o(.isr_vector)
 <LI><a href="#[115]">PIN_INT0_DriverIRQHandler</a> from startup_mimxrt798s_cm33_core0.o(.text) referenced from startup_mimxrt798s_cm33_core0.o(.text)
 <LI><a href="#[76]">PIN_INT0_IRQHandler</a> from startup_mimxrt798s_cm33_core0.o(.text) referenced from startup_mimxrt798s_cm33_core0.o(.isr_vector)
 <LI><a href="#[116]">PIN_INT1_DriverIRQHandler</a> from startup_mimxrt798s_cm33_core0.o(.text) referenced from startup_mimxrt798s_cm33_core0.o(.text)
 <LI><a href="#[77]">PIN_INT1_IRQHandler</a> from startup_mimxrt798s_cm33_core0.o(.text) referenced from startup_mimxrt798s_cm33_core0.o(.isr_vector)
 <LI><a href="#[117]">PIN_INT2_DriverIRQHandler</a> from startup_mimxrt798s_cm33_core0.o(.text) referenced from startup_mimxrt798s_cm33_core0.o(.text)
 <LI><a href="#[78]">PIN_INT2_IRQHandler</a> from startup_mimxrt798s_cm33_core0.o(.text) referenced from startup_mimxrt798s_cm33_core0.o(.isr_vector)
 <LI><a href="#[118]">PIN_INT3_DriverIRQHandler</a> from startup_mimxrt798s_cm33_core0.o(.text) referenced from startup_mimxrt798s_cm33_core0.o(.text)
 <LI><a href="#[79]">PIN_INT3_IRQHandler</a> from startup_mimxrt798s_cm33_core0.o(.text) referenced from startup_mimxrt798s_cm33_core0.o(.isr_vector)
 <LI><a href="#[119]">PIN_INT4_DriverIRQHandler</a> from startup_mimxrt798s_cm33_core0.o(.text) referenced from startup_mimxrt798s_cm33_core0.o(.text)
 <LI><a href="#[7a]">PIN_INT4_IRQHandler</a> from startup_mimxrt798s_cm33_core0.o(.text) referenced from startup_mimxrt798s_cm33_core0.o(.isr_vector)
 <LI><a href="#[11a]">PIN_INT5_DriverIRQHandler</a> from startup_mimxrt798s_cm33_core0.o(.text) referenced from startup_mimxrt798s_cm33_core0.o(.text)
 <LI><a href="#[7b]">PIN_INT5_IRQHandler</a> from startup_mimxrt798s_cm33_core0.o(.text) referenced from startup_mimxrt798s_cm33_core0.o(.isr_vector)
 <LI><a href="#[11b]">PIN_INT6_DriverIRQHandler</a> from startup_mimxrt798s_cm33_core0.o(.text) referenced from startup_mimxrt798s_cm33_core0.o(.text)
 <LI><a href="#[7c]">PIN_INT6_IRQHandler</a> from startup_mimxrt798s_cm33_core0.o(.text) referenced from startup_mimxrt798s_cm33_core0.o(.isr_vector)
 <LI><a href="#[11c]">PIN_INT7_DriverIRQHandler</a> from startup_mimxrt798s_cm33_core0.o(.text) referenced from startup_mimxrt798s_cm33_core0.o(.text)
 <LI><a href="#[7d]">PIN_INT7_IRQHandler</a> from startup_mimxrt798s_cm33_core0.o(.text) referenced from startup_mimxrt798s_cm33_core0.o(.isr_vector)
 <LI><a href="#[130]">PKC_DriverIRQHandler</a> from startup_mimxrt798s_cm33_core0.o(.text) referenced from startup_mimxrt798s_cm33_core0.o(.text)
 <LI><a href="#[91]">PKC_IRQHandler</a> from startup_mimxrt798s_cm33_core0.o(.text) referenced from startup_mimxrt798s_cm33_core0.o(.isr_vector)
 <LI><a href="#[134]">PMC_DriverIRQHandler</a> from startup_mimxrt798s_cm33_core0.o(.text) referenced from startup_mimxrt798s_cm33_core0.o(.text)
 <LI><a href="#[95]">PMC_IRQHandler</a> from startup_mimxrt798s_cm33_core0.o(.text) referenced from startup_mimxrt798s_cm33_core0.o(.isr_vector)
 <LI><a href="#[136]">PNGDEC_DriverIRQHandler</a> from startup_mimxrt798s_cm33_core0.o(.text) referenced from startup_mimxrt798s_cm33_core0.o(.text)
 <LI><a href="#[97]">PNGDEC_IRQHandler</a> from startup_mimxrt798s_cm33_core0.o(.text) referenced from startup_mimxrt798s_cm33_core0.o(.isr_vector)
 <LI><a href="#[d7]">PUF_DriverIRQHandler</a> from startup_mimxrt798s_cm33_core0.o(.text) referenced from startup_mimxrt798s_cm33_core0.o(.text)
 <LI><a href="#[38]">PUF_IRQHandler</a> from startup_mimxrt798s_cm33_core0.o(.text) referenced from startup_mimxrt798s_cm33_core0.o(.isr_vector)
 <LI><a href="#[140]">PVTS0_CPU0_DriverIRQHandler</a> from startup_mimxrt798s_cm33_core0.o(.text) referenced from startup_mimxrt798s_cm33_core0.o(.text)
 <LI><a href="#[a1]">PVTS0_CPU0_IRQHandler</a> from startup_mimxrt798s_cm33_core0.o(.text) referenced from startup_mimxrt798s_cm33_core0.o(.isr_vector)
 <LI><a href="#[142]">PVTS0_HIFI4_DriverIRQHandler</a> from startup_mimxrt798s_cm33_core0.o(.text) referenced from startup_mimxrt798s_cm33_core0.o(.text)
 <LI><a href="#[a3]">PVTS0_HIFI4_IRQHandler</a> from startup_mimxrt798s_cm33_core0.o(.text) referenced from startup_mimxrt798s_cm33_core0.o(.isr_vector)
 <LI><a href="#[9]">PendSV_Handler</a> from startup_mimxrt798s_cm33_core0.o(.text) referenced from startup_mimxrt798s_cm33_core0.o(.isr_vector)
 <LI><a href="#[9]">PendSV_Handler</a> from startup_mimxrt798s_cm33_core0.o(.text) referenced from startup_mimxrt798s_cm33_core0.o(.text)
 <LI><a href="#[c4]">RTC0_ALARM_DriverIRQHandler</a> from startup_mimxrt798s_cm33_core0.o(.text) referenced from startup_mimxrt798s_cm33_core0.o(.text)
 <LI><a href="#[25]">RTC0_ALARM_IRQHandler</a> from startup_mimxrt798s_cm33_core0.o(.text) referenced from startup_mimxrt798s_cm33_core0.o(.isr_vector)
 <LI><a href="#[c5]">RTC0_DriverIRQHandler</a> from startup_mimxrt798s_cm33_core0.o(.text) referenced from startup_mimxrt798s_cm33_core0.o(.text)
 <LI><a href="#[26]">RTC0_IRQHandler</a> from startup_mimxrt798s_cm33_core0.o(.text) referenced from startup_mimxrt798s_cm33_core0.o(.isr_vector)
 <LI><a href="#[128]">Reserved142_DriverIRQHandler</a> from startup_mimxrt798s_cm33_core0.o(.text) referenced from startup_mimxrt798s_cm33_core0.o(.text)
 <LI><a href="#[89]">Reserved142_IRQHandler</a> from startup_mimxrt798s_cm33_core0.o(.text) referenced from startup_mimxrt798s_cm33_core0.o(.isr_vector)
 <LI><a href="#[129]">Reserved143_DriverIRQHandler</a> from startup_mimxrt798s_cm33_core0.o(.text) referenced from startup_mimxrt798s_cm33_core0.o(.text)
 <LI><a href="#[8a]">Reserved143_IRQHandler</a> from startup_mimxrt798s_cm33_core0.o(.text) referenced from startup_mimxrt798s_cm33_core0.o(.isr_vector)
 <LI><a href="#[141]">Reserved167_DriverIRQHandler</a> from startup_mimxrt798s_cm33_core0.o(.text) referenced from startup_mimxrt798s_cm33_core0.o(.text)
 <LI><a href="#[a2]">Reserved167_IRQHandler</a> from startup_mimxrt798s_cm33_core0.o(.text) referenced from startup_mimxrt798s_cm33_core0.o(.isr_vector)
 <LI><a href="#[143]">Reserved169_DriverIRQHandler</a> from startup_mimxrt798s_cm33_core0.o(.text) referenced from startup_mimxrt798s_cm33_core0.o(.text)
 <LI><a href="#[a4]">Reserved169_IRQHandler</a> from startup_mimxrt798s_cm33_core0.o(.text) referenced from startup_mimxrt798s_cm33_core0.o(.isr_vector)
 <LI><a href="#[aa]">Reserved16_DriverIRQHandler</a> from startup_mimxrt798s_cm33_core0.o(.text) referenced from startup_mimxrt798s_cm33_core0.o(.text)
 <LI><a href="#[b]">Reserved16_IRQHandler</a> from startup_mimxrt798s_cm33_core0.o(.text) referenced from startup_mimxrt798s_cm33_core0.o(.isr_vector)
 <LI><a href="#[d8]">Reserved62_DriverIRQHandler</a> from startup_mimxrt798s_cm33_core0.o(.text) referenced from startup_mimxrt798s_cm33_core0.o(.text)
 <LI><a href="#[39]">Reserved62_IRQHandler</a> from startup_mimxrt798s_cm33_core0.o(.text) referenced from startup_mimxrt798s_cm33_core0.o(.isr_vector)
 <LI><a href="#[0]">Reset_Handler</a> from startup_mimxrt798s_cm33_core0.o(InRoot$$Sections) referenced from startup_mimxrt798s_cm33_core0.o(.isr_vector)
 <LI><a href="#[11d]">SAI0_DriverIRQHandler</a> from startup_mimxrt798s_cm33_core0.o(.text) referenced from startup_mimxrt798s_cm33_core0.o(.text)
 <LI><a href="#[7e]">SAI0_IRQHandler</a> from startup_mimxrt798s_cm33_core0.o(.text) referenced from startup_mimxrt798s_cm33_core0.o(.isr_vector)
 <LI><a href="#[11e]">SAI1_DriverIRQHandler</a> from startup_mimxrt798s_cm33_core0.o(.text) referenced from startup_mimxrt798s_cm33_core0.o(.text)
 <LI><a href="#[7f]">SAI1_IRQHandler</a> from startup_mimxrt798s_cm33_core0.o(.text) referenced from startup_mimxrt798s_cm33_core0.o(.isr_vector)
 <LI><a href="#[11f]">SAI2_DriverIRQHandler</a> from startup_mimxrt798s_cm33_core0.o(.text) referenced from startup_mimxrt798s_cm33_core0.o(.text)
 <LI><a href="#[80]">SAI2_IRQHandler</a> from startup_mimxrt798s_cm33_core0.o(.text) referenced from startup_mimxrt798s_cm33_core0.o(.isr_vector)
 <LI><a href="#[af]">SCT0_DriverIRQHandler</a> from startup_mimxrt798s_cm33_core0.o(.text) referenced from startup_mimxrt798s_cm33_core0.o(.text)
 <LI><a href="#[10]">SCT0_IRQHandler</a> from startup_mimxrt798s_cm33_core0.o(.text) referenced from startup_mimxrt798s_cm33_core0.o(.isr_vector)
 <LI><a href="#[ba]">SDADC_DriverIRQHandler</a> from startup_mimxrt798s_cm33_core0.o(.text) referenced from startup_mimxrt798s_cm33_core0.o(.text)
 <LI><a href="#[1b]">SDADC_IRQHandler</a> from startup_mimxrt798s_cm33_core0.o(.text) referenced from startup_mimxrt798s_cm33_core0.o(.isr_vector)
 <LI><a href="#[bf]">SECURE_VIOLATION_DriverIRQHandler</a> from startup_mimxrt798s_cm33_core0.o(.text) referenced from startup_mimxrt798s_cm33_core0.o(.text)
 <LI><a href="#[20]">SECURE_VIOLATION_IRQHandler</a> from startup_mimxrt798s_cm33_core0.o(.text) referenced from startup_mimxrt798s_cm33_core0.o(.isr_vector)
 <LI><a href="#[c0]">SENSE_HYPERVISOR_DriverIRQHandler</a> from startup_mimxrt798s_cm33_core0.o(.text) referenced from startup_mimxrt798s_cm33_core0.o(.text)
 <LI><a href="#[21]">SENSE_HYPERVISOR_IRQHandler</a> from startup_mimxrt798s_cm33_core0.o(.text) referenced from startup_mimxrt798s_cm33_core0.o(.isr_vector)
 <LI><a href="#[c1]">SENSE_SECURE_VIOLATION_DriverIRQHandler</a> from startup_mimxrt798s_cm33_core0.o(.text) referenced from startup_mimxrt798s_cm33_core0.o(.text)
 <LI><a href="#[22]">SENSE_SECURE_VIOLATION_IRQHandler</a> from startup_mimxrt798s_cm33_core0.o(.text) referenced from startup_mimxrt798s_cm33_core0.o(.isr_vector)
 <LI><a href="#[132]">SLEEPCON0_DriverIRQHandler</a> from startup_mimxrt798s_cm33_core0.o(.text) referenced from startup_mimxrt798s_cm33_core0.o(.text)
 <LI><a href="#[93]">SLEEPCON0_IRQHandler</a> from startup_mimxrt798s_cm33_core0.o(.text) referenced from startup_mimxrt798s_cm33_core0.o(.isr_vector)
 <LI><a href="#[7]">SVC_Handler</a> from startup_mimxrt798s_cm33_core0.o(.text) referenced from startup_mimxrt798s_cm33_core0.o(.isr_vector)
 <LI><a href="#[7]">SVC_Handler</a> from startup_mimxrt798s_cm33_core0.o(.text) referenced from startup_mimxrt798s_cm33_core0.o(.text)
 <LI><a href="#[6]">SecureFault_Handler</a> from startup_mimxrt798s_cm33_core0.o(.text) referenced from startup_mimxrt798s_cm33_core0.o(.isr_vector)
 <LI><a href="#[a]">SysTick_Handler</a> from startup_mimxrt798s_cm33_core0.o(.text) referenced from startup_mimxrt798s_cm33_core0.o(.isr_vector)
 <LI><a href="#[a]">SysTick_Handler</a> from startup_mimxrt798s_cm33_core0.o(.text) referenced from startup_mimxrt798s_cm33_core0.o(.text)
 <LI><a href="#[14a]">SystemInit</a> from system_mimxrt798s_cm33_core0.o(.text.SystemInit) referenced from startup_mimxrt798s_cm33_core0.o(InRoot$$Sections)
 <LI><a href="#[139]">TEMPDET0_DriverIRQHandler</a> from startup_mimxrt798s_cm33_core0.o(.text) referenced from startup_mimxrt798s_cm33_core0.o(.text)
 <LI><a href="#[9a]">TEMPDET0_IRQHandler</a> from startup_mimxrt798s_cm33_core0.o(.text) referenced from startup_mimxrt798s_cm33_core0.o(.isr_vector)
 <LI><a href="#[13a]">TEMPDET1_DriverIRQHandler</a> from startup_mimxrt798s_cm33_core0.o(.text) referenced from startup_mimxrt798s_cm33_core0.o(.text)
 <LI><a href="#[9b]">TEMPDET1_IRQHandler</a> from startup_mimxrt798s_cm33_core0.o(.text) referenced from startup_mimxrt798s_cm33_core0.o(.isr_vector)
 <LI><a href="#[138]">TRNG_DriverIRQHandler</a> from startup_mimxrt798s_cm33_core0.o(.text) referenced from startup_mimxrt798s_cm33_core0.o(.text)
 <LI><a href="#[99]">TRNG_IRQHandler</a> from startup_mimxrt798s_cm33_core0.o(.text) referenced from startup_mimxrt798s_cm33_core0.o(.isr_vector)
 <LI><a href="#[d2]">USB0_DriverIRQHandler</a> from startup_mimxrt798s_cm33_core0.o(.text) referenced from startup_mimxrt798s_cm33_core0.o(.text)
 <LI><a href="#[33]">USB0_IRQHandler</a> from startup_mimxrt798s_cm33_core0.o(.text) referenced from startup_mimxrt798s_cm33_core0.o(.isr_vector)
 <LI><a href="#[d3]">USB1_DriverIRQHandler</a> from startup_mimxrt798s_cm33_core0.o(.text) referenced from startup_mimxrt798s_cm33_core0.o(.text)
 <LI><a href="#[34]">USB1_IRQHandler</a> from startup_mimxrt798s_cm33_core0.o(.text) referenced from startup_mimxrt798s_cm33_core0.o(.isr_vector)
 <LI><a href="#[d6]">USBPHY0_DriverIRQHandler</a> from startup_mimxrt798s_cm33_core0.o(.text) referenced from startup_mimxrt798s_cm33_core0.o(.text)
 <LI><a href="#[37]">USBPHY0_IRQHandler</a> from startup_mimxrt798s_cm33_core0.o(.text) referenced from startup_mimxrt798s_cm33_core0.o(.isr_vector)
 <LI><a href="#[cf]">USDHC0_DriverIRQHandler</a> from startup_mimxrt798s_cm33_core0.o(.text) referenced from startup_mimxrt798s_cm33_core0.o(.text)
 <LI><a href="#[30]">USDHC0_IRQHandler</a> from startup_mimxrt798s_cm33_core0.o(.text) referenced from startup_mimxrt798s_cm33_core0.o(.isr_vector)
 <LI><a href="#[d0]">USDHC1_DriverIRQHandler</a> from startup_mimxrt798s_cm33_core0.o(.text) referenced from startup_mimxrt798s_cm33_core0.o(.text)
 <LI><a href="#[31]">USDHC1_IRQHandler</a> from startup_mimxrt798s_cm33_core0.o(.text) referenced from startup_mimxrt798s_cm33_core0.o(.isr_vector)
 <LI><a href="#[ab]">UTICK0_DriverIRQHandler</a> from startup_mimxrt798s_cm33_core0.o(.text) referenced from startup_mimxrt798s_cm33_core0.o(.text)
 <LI><a href="#[c]">UTICK0_IRQHandler</a> from startup_mimxrt798s_cm33_core0.o(.text) referenced from startup_mimxrt798s_cm33_core0.o(.isr_vector)
 <LI><a href="#[5]">UsageFault_Handler</a> from startup_mimxrt798s_cm33_core0.o(.text) referenced from startup_mimxrt798s_cm33_core0.o(.isr_vector)
 <LI><a href="#[e3]">VGPU_DriverIRQHandler</a> from startup_mimxrt798s_cm33_core0.o(.text) referenced from startup_mimxrt798s_cm33_core0.o(.text)
 <LI><a href="#[44]">VGPU_IRQHandler</a> from startup_mimxrt798s_cm33_core0.o(.text) referenced from startup_mimxrt798s_cm33_core0.o(.isr_vector)
 <LI><a href="#[d4]">WDT0_DriverIRQHandler</a> from startup_mimxrt798s_cm33_core0.o(.text) referenced from startup_mimxrt798s_cm33_core0.o(.text)
 <LI><a href="#[35]">WDT0_IRQHandler</a> from startup_mimxrt798s_cm33_core0.o(.text) referenced from startup_mimxrt798s_cm33_core0.o(.isr_vector)
 <LI><a href="#[d5]">WDT1_DriverIRQHandler</a> from startup_mimxrt798s_cm33_core0.o(.text) referenced from startup_mimxrt798s_cm33_core0.o(.text)
 <LI><a href="#[36]">WDT1_IRQHandler</a> from startup_mimxrt798s_cm33_core0.o(.text) referenced from startup_mimxrt798s_cm33_core0.o(.isr_vector)
 <LI><a href="#[120]">XSPI0_DriverIRQHandler</a> from fsl_xspi.o(.text.XSPI0_DriverIRQHandler) referenced from startup_mimxrt798s_cm33_core0.o(.text)
 <LI><a href="#[81]">XSPI0_IRQHandler</a> from startup_mimxrt798s_cm33_core0.o(.text) referenced from startup_mimxrt798s_cm33_core0.o(.isr_vector)
 <LI><a href="#[121]">XSPI1_DriverIRQHandler</a> from fsl_xspi.o(.text.XSPI1_DriverIRQHandler) referenced from startup_mimxrt798s_cm33_core0.o(.text)
 <LI><a href="#[82]">XSPI1_IRQHandler</a> from startup_mimxrt798s_cm33_core0.o(.text) referenced from startup_mimxrt798s_cm33_core0.o(.isr_vector)
 <LI><a href="#[122]">XSPI2_DriverIRQHandler</a> from fsl_xspi.o(.text.XSPI2_DriverIRQHandler) referenced from startup_mimxrt798s_cm33_core0.o(.text)
 <LI><a href="#[83]">XSPI2_IRQHandler</a> from startup_mimxrt798s_cm33_core0.o(.text) referenced from startup_mimxrt798s_cm33_core0.o(.isr_vector)
 <LI><a href="#[14b]">__main</a> from entry.o(.ARM.Collect$$$$00000000) referenced from startup_mimxrt798s_cm33_core0.o(InRoot$$Sections)
 <LI><a href="#[a9]">main</a> from xspi_octal_polling_transfer.o(.text.main) referenced from entry9a.o(.ARM.Collect$$$$0000000B)
</UL>
<P>
<H3>
Global Symbols
</H3>
<P><STRONG><a name="[168]"></a>BOARD_SetXspiClock</STRONG> (Thumb, 252 bytes, Stack size 32 bytes, board.o(CodeQuickAccess))
<BR><BR>[Stack]<UL><LI>Max Depth = 40<LI>Call Chain = BOARD_SetXspiClock &rArr; BOARD_InitXspi
</UL>
<BR>[Calls]<UL><LI><a href="#[18e]">&gt;&gt;</a>&nbsp;&nbsp;&nbsp;BOARD_InitXspi
<LI><a href="#[18d]">&gt;&gt;</a>&nbsp;&nbsp;&nbsp;BOARD_DeinitXspi
</UL>
<BR>[Called By]<UL><LI><a href="#[15f]">&gt;&gt;</a>&nbsp;&nbsp;&nbsp;BOARD_ClockPostConfig (via Veneer)
<LI><a href="#[157]">&gt;&gt;</a>&nbsp;&nbsp;&nbsp;BOARD_ClockPreConfig (via Veneer)
</UL>

<P><STRONG><a name="[190]"></a>BOARD_EnableXspiCache</STRONG> (Thumb, 46 bytes, Stack size 0 bytes, board.o(CodeQuickAccess))
<BR><BR>[Called By]<UL><LI><a href="#[18e]">&gt;&gt;</a>&nbsp;&nbsp;&nbsp;BOARD_InitXspi
</UL>

<P><STRONG><a name="[18f]"></a>BOARD_DisableXspiCache</STRONG> (Thumb, 46 bytes, Stack size 0 bytes, board.o(CodeQuickAccess))
<BR><BR>[Called By]<UL><LI><a href="#[18d]">&gt;&gt;</a>&nbsp;&nbsp;&nbsp;BOARD_DeinitXspi
</UL>

<P><STRONG><a name="[169]"></a>BOARD_ReConfigXspiAhbBuffer</STRONG> (Thumb, 28 bytes, Stack size 0 bytes, board.o(CodeQuickAccess))
<BR><BR>[Calls]<UL><LI><a href="#[169]">&gt;&gt;</a>&nbsp;&nbsp;&nbsp;BOARD_ReConfigXspiAhbBuffer
</UL>
<BR>[Called By]<UL><LI><a href="#[169]">&gt;&gt;</a>&nbsp;&nbsp;&nbsp;BOARD_ReConfigXspiAhbBuffer
<LI><a href="#[157]">&gt;&gt;</a>&nbsp;&nbsp;&nbsp;BOARD_ClockPreConfig (via Veneer)
</UL>

<P><STRONG><a name="[18d]"></a>BOARD_DeinitXspi</STRONG> (Thumb, 90 bytes, Stack size 8 bytes, board.o(CodeQuickAccess))
<BR><BR>[Stack]<UL><LI>Max Depth = 8<LI>Call Chain = BOARD_DeinitXspi
</UL>
<BR>[Calls]<UL><LI><a href="#[18f]">&gt;&gt;</a>&nbsp;&nbsp;&nbsp;BOARD_DisableXspiCache
</UL>
<BR>[Called By]<UL><LI><a href="#[168]">&gt;&gt;</a>&nbsp;&nbsp;&nbsp;BOARD_SetXspiClock
</UL>

<P><STRONG><a name="[18e]"></a>BOARD_InitXspi</STRONG> (Thumb, 218 bytes, Stack size 8 bytes, board.o(CodeQuickAccess))
<BR><BR>[Stack]<UL><LI>Max Depth = 8<LI>Call Chain = BOARD_InitXspi
</UL>
<BR>[Calls]<UL><LI><a href="#[190]">&gt;&gt;</a>&nbsp;&nbsp;&nbsp;BOARD_EnableXspiCache
</UL>
<BR>[Called By]<UL><LI><a href="#[168]">&gt;&gt;</a>&nbsp;&nbsp;&nbsp;BOARD_SetXspiClock
</UL>

<P><STRONG><a name="[16f]"></a>RESET_ClearPeripheralReset</STRONG> (Thumb, 246 bytes, Stack size 0 bytes, fsl_reset.o(.text.RESET_ClearPeripheralReset))
<BR><BR>[Stack]<UL><LI>Max Depth = 128 + Unknown Stack Size
<LI>Call Chain = RESET_ClearPeripheralReset &rArr; __aeabi_assert &rArr; DbgConsole_Printf &rArr; DbgConsole_Vprintf
</UL>
<BR>[Calls]<UL><LI><a href="#[167]">&gt;&gt;</a>&nbsp;&nbsp;&nbsp;__aeabi_assert (via Veneer)
</UL>
<BR>[Called By]<UL><LI><a href="#[174]">&gt;&gt;</a>&nbsp;&nbsp;&nbsp;BOARD_InitNorFlashPins (via Veneer)
<LI><a href="#[16e]">&gt;&gt;</a>&nbsp;&nbsp;&nbsp;BOARD_InitBootPins (via Veneer)
<LI><a href="#[195]">&gt;&gt;</a>&nbsp;&nbsp;&nbsp;XSPI_Init
<LI><a href="#[182]">&gt;&gt;</a>&nbsp;&nbsp;&nbsp;LP_FLEXCOMM_Init (via Veneer)
</UL>

<P><STRONG><a name="[120]"></a>XSPI0_DriverIRQHandler</STRONG> (Thumb, 22 bytes, Stack size 0 bytes, fsl_xspi.o(.text.XSPI0_DriverIRQHandler))
<BR><BR>[Stack]<UL><LI>Max Depth = 208 + Unknown Stack Size
<LI>Call Chain = XSPI0_DriverIRQHandler &rArr; XSPI_CommonIRQHandler &rArr; XSPI_StartIpReadNonBlocking &rArr; __aeabi_assert &rArr; DbgConsole_Printf &rArr; DbgConsole_Vprintf
</UL>
<BR>[Calls]<UL><LI><a href="#[191]">&gt;&gt;</a>&nbsp;&nbsp;&nbsp;XSPI_CommonIRQHandler
</UL>
<BR>[Address Reference Count : 1]<UL><LI> startup_mimxrt798s_cm33_core0.o(.text)
</UL>
<P><STRONG><a name="[121]"></a>XSPI1_DriverIRQHandler</STRONG> (Thumb, 22 bytes, Stack size 0 bytes, fsl_xspi.o(.text.XSPI1_DriverIRQHandler))
<BR><BR>[Stack]<UL><LI>Max Depth = 208 + Unknown Stack Size
<LI>Call Chain = XSPI1_DriverIRQHandler &rArr; XSPI_CommonIRQHandler &rArr; XSPI_StartIpReadNonBlocking &rArr; __aeabi_assert &rArr; DbgConsole_Printf &rArr; DbgConsole_Vprintf
</UL>
<BR>[Calls]<UL><LI><a href="#[191]">&gt;&gt;</a>&nbsp;&nbsp;&nbsp;XSPI_CommonIRQHandler
</UL>
<BR>[Address Reference Count : 1]<UL><LI> startup_mimxrt798s_cm33_core0.o(.text)
</UL>
<P><STRONG><a name="[122]"></a>XSPI2_DriverIRQHandler</STRONG> (Thumb, 22 bytes, Stack size 0 bytes, fsl_xspi.o(.text.XSPI2_DriverIRQHandler))
<BR><BR>[Stack]<UL><LI>Max Depth = 208 + Unknown Stack Size
<LI>Call Chain = XSPI2_DriverIRQHandler &rArr; XSPI_CommonIRQHandler &rArr; XSPI_StartIpReadNonBlocking &rArr; __aeabi_assert &rArr; DbgConsole_Printf &rArr; DbgConsole_Vprintf
</UL>
<BR>[Calls]<UL><LI><a href="#[191]">&gt;&gt;</a>&nbsp;&nbsp;&nbsp;XSPI_CommonIRQHandler
</UL>
<BR>[Address Reference Count : 1]<UL><LI> startup_mimxrt798s_cm33_core0.o(.text)
</UL>
<P><STRONG><a name="[18a]"></a>XSPI_Cache64_InvalidateCache</STRONG> (Thumb, 34 bytes, Stack size 0 bytes, fsl_xspi.o(.text.XSPI_Cache64_InvalidateCache))
<BR><BR>[Called By]<UL><LI><a href="#[a9]">&gt;&gt;</a>&nbsp;&nbsp;&nbsp;main (via Veneer)
</UL>

<P><STRONG><a name="[194]"></a>XSPI_GetDefaultConfig</STRONG> (Thumb, 156 bytes, Stack size 8 bytes, fsl_xspi.o(.text.XSPI_GetDefaultConfig))
<BR><BR>[Stack]<UL><LI>Max Depth = 136 + Unknown Stack Size
<LI>Call Chain = XSPI_GetDefaultConfig &rArr; __aeabi_assert &rArr; DbgConsole_Printf &rArr; DbgConsole_Vprintf
</UL>
<BR>[Calls]<UL><LI><a href="#[167]">&gt;&gt;</a>&nbsp;&nbsp;&nbsp;__aeabi_assert (via Veneer)
</UL>
<BR>[Called By]<UL><LI><a href="#[185]">&gt;&gt;</a>&nbsp;&nbsp;&nbsp;xspi_nor_flash_init
</UL>

<P><STRONG><a name="[195]"></a>XSPI_Init</STRONG> (Thumb, 370 bytes, Stack size 16 bytes, fsl_xspi.o(.text.XSPI_Init))
<BR><BR>[Stack]<UL><LI>Max Depth = 224 + Unknown Stack Size
<LI>Call Chain = XSPI_Init &rArr; XSPI_SetAhbAccessConfig &rArr; XSPI_SetAhbBufferConfig &rArr; __aeabi_assert &rArr; DbgConsole_Printf &rArr; DbgConsole_Vprintf
</UL>
<BR>[Calls]<UL><LI><a href="#[175]">&gt;&gt;</a>&nbsp;&nbsp;&nbsp;CLOCK_EnableClock (via Veneer)
<LI><a href="#[16f]">&gt;&gt;</a>&nbsp;&nbsp;&nbsp;RESET_ClearPeripheralReset
<LI><a href="#[167]">&gt;&gt;</a>&nbsp;&nbsp;&nbsp;__aeabi_assert (via Veneer)
<LI><a href="#[197]">&gt;&gt;</a>&nbsp;&nbsp;&nbsp;XSPI_UpdateSFPConfig
<LI><a href="#[196]">&gt;&gt;</a>&nbsp;&nbsp;&nbsp;XSPI_SetAhbAccessConfig
</UL>
<BR>[Called By]<UL><LI><a href="#[185]">&gt;&gt;</a>&nbsp;&nbsp;&nbsp;xspi_nor_flash_init
</UL>

<P><STRONG><a name="[198]"></a>XSPI_ReadBlocking</STRONG> (Thumb, 620 bytes, Stack size 40 bytes, fsl_xspi.o(.text.XSPI_ReadBlocking))
<BR><BR>[Stack]<UL><LI>Max Depth = 168 + Unknown Stack Size
<LI>Call Chain = XSPI_ReadBlocking &rArr; __aeabi_assert &rArr; DbgConsole_Printf &rArr; DbgConsole_Vprintf
</UL>
<BR>[Calls]<UL><LI><a href="#[167]">&gt;&gt;</a>&nbsp;&nbsp;&nbsp;__aeabi_assert (via Veneer)
</UL>
<BR>[Called By]<UL><LI><a href="#[19d]">&gt;&gt;</a>&nbsp;&nbsp;&nbsp;XSPI_TransferBlocking
</UL>

<P><STRONG><a name="[196]"></a>XSPI_SetAhbAccessConfig</STRONG> (Thumb, 544 bytes, Stack size 24 bytes, fsl_xspi.o(.text.XSPI_SetAhbAccessConfig))
<BR><BR>[Stack]<UL><LI>Max Depth = 208 + Unknown Stack Size
<LI>Call Chain = XSPI_SetAhbAccessConfig &rArr; XSPI_SetAhbBufferConfig &rArr; __aeabi_assert &rArr; DbgConsole_Printf &rArr; DbgConsole_Vprintf
</UL>
<BR>[Calls]<UL><LI><a href="#[167]">&gt;&gt;</a>&nbsp;&nbsp;&nbsp;__aeabi_assert (via Veneer)
<LI><a href="#[199]">&gt;&gt;</a>&nbsp;&nbsp;&nbsp;XSPI_SetAhbBufferConfig
</UL>
<BR>[Called By]<UL><LI><a href="#[195]">&gt;&gt;</a>&nbsp;&nbsp;&nbsp;XSPI_Init
</UL>

<P><STRONG><a name="[199]"></a>XSPI_SetAhbBufferConfig</STRONG> (Thumb, 540 bytes, Stack size 56 bytes, fsl_xspi.o(.text.XSPI_SetAhbBufferConfig))
<BR><BR>[Stack]<UL><LI>Max Depth = 184 + Unknown Stack Size
<LI>Call Chain = XSPI_SetAhbBufferConfig &rArr; __aeabi_assert &rArr; DbgConsole_Printf &rArr; DbgConsole_Vprintf
</UL>
<BR>[Calls]<UL><LI><a href="#[167]">&gt;&gt;</a>&nbsp;&nbsp;&nbsp;__aeabi_assert (via Veneer)
</UL>
<BR>[Called By]<UL><LI><a href="#[196]">&gt;&gt;</a>&nbsp;&nbsp;&nbsp;XSPI_SetAhbAccessConfig
</UL>

<P><STRONG><a name="[19a]"></a>XSPI_SetDeviceConfig</STRONG> (Thumb, 828 bytes, Stack size 32 bytes, fsl_xspi.o(.text.XSPI_SetDeviceConfig))
<BR><BR>[Stack]<UL><LI>Max Depth = 160 + Unknown Stack Size
<LI>Call Chain = XSPI_SetDeviceConfig &rArr; __aeabi_assert &rArr; DbgConsole_Printf &rArr; DbgConsole_Vprintf
</UL>
<BR>[Calls]<UL><LI><a href="#[167]">&gt;&gt;</a>&nbsp;&nbsp;&nbsp;__aeabi_assert (via Veneer)
<LI><a href="#[19b]">&gt;&gt;</a>&nbsp;&nbsp;&nbsp;XSPI_UpdateDllValue
</UL>
<BR>[Called By]<UL><LI><a href="#[185]">&gt;&gt;</a>&nbsp;&nbsp;&nbsp;xspi_nor_flash_init
</UL>

<P><STRONG><a name="[19e]"></a>XSPI_StartIpAccess</STRONG> (Thumb, 226 bytes, Stack size 28 bytes, fsl_xspi.o(.text.XSPI_StartIpAccess))
<BR><BR>[Stack]<UL><LI>Max Depth = 28<LI>Call Chain = XSPI_StartIpAccess
</UL>
<BR>[Called By]<UL><LI><a href="#[19d]">&gt;&gt;</a>&nbsp;&nbsp;&nbsp;XSPI_TransferBlocking
</UL>

<P><STRONG><a name="[19c]"></a>XSPI_StartIpAccessNonBlocking</STRONG> (Thumb, 258 bytes, Stack size 28 bytes, fsl_xspi.o(.text.XSPI_StartIpAccessNonBlocking))
<BR><BR>[Stack]<UL><LI>Max Depth = 28<LI>Call Chain = XSPI_StartIpAccessNonBlocking
</UL>
<BR>[Called By]<UL><LI><a href="#[193]">&gt;&gt;</a>&nbsp;&nbsp;&nbsp;XSPI_StartIpReadNonBlocking
<LI><a href="#[192]">&gt;&gt;</a>&nbsp;&nbsp;&nbsp;XSPI_StartIpWriteNonBlocking
</UL>

<P><STRONG><a name="[19d]"></a>XSPI_TransferBlocking</STRONG> (Thumb, 742 bytes, Stack size 48 bytes, fsl_xspi.o(.text.XSPI_TransferBlocking))
<BR><BR>[Stack]<UL><LI>Max Depth = 216 + Unknown Stack Size
<LI>Call Chain = XSPI_TransferBlocking &rArr; XSPI_ReadBlocking &rArr; __aeabi_assert &rArr; DbgConsole_Printf &rArr; DbgConsole_Vprintf
</UL>
<BR>[Calls]<UL><LI><a href="#[167]">&gt;&gt;</a>&nbsp;&nbsp;&nbsp;__aeabi_assert (via Veneer)
<LI><a href="#[198]">&gt;&gt;</a>&nbsp;&nbsp;&nbsp;XSPI_ReadBlocking
<LI><a href="#[19f]">&gt;&gt;</a>&nbsp;&nbsp;&nbsp;XSPI_WriteBlocking
<LI><a href="#[19e]">&gt;&gt;</a>&nbsp;&nbsp;&nbsp;XSPI_StartIpAccess
</UL>
<BR>[Called By]<UL><LI><a href="#[18c]">&gt;&gt;</a>&nbsp;&nbsp;&nbsp;xspi_nor_flash_program
<LI><a href="#[188]">&gt;&gt;</a>&nbsp;&nbsp;&nbsp;xspi_nor_flash_erase_sector
<LI><a href="#[187]">&gt;&gt;</a>&nbsp;&nbsp;&nbsp;xspi_nor_get_vendor_id
<LI><a href="#[186]">&gt;&gt;</a>&nbsp;&nbsp;&nbsp;xspi_nor_enable_octal_mode
</UL>

<P><STRONG><a name="[19b]"></a>XSPI_UpdateDllValue</STRONG> (Thumb, 422 bytes, Stack size 16 bytes, fsl_xspi.o(.text.XSPI_UpdateDllValue))
<BR><BR>[Stack]<UL><LI>Max Depth = 16<LI>Call Chain = XSPI_UpdateDllValue
</UL>
<BR>[Called By]<UL><LI><a href="#[19a]">&gt;&gt;</a>&nbsp;&nbsp;&nbsp;XSPI_SetDeviceConfig
</UL>

<P><STRONG><a name="[1a0]"></a>XSPI_UpdateLUT</STRONG> (Thumb, 96 bytes, Stack size 8 bytes, fsl_xspi.o(.text.XSPI_UpdateLUT))
<BR><BR>[Stack]<UL><LI>Max Depth = 136 + Unknown Stack Size
<LI>Call Chain = XSPI_UpdateLUT &rArr; __aeabi_assert &rArr; DbgConsole_Printf &rArr; DbgConsole_Vprintf
</UL>
<BR>[Calls]<UL><LI><a href="#[167]">&gt;&gt;</a>&nbsp;&nbsp;&nbsp;__aeabi_assert (via Veneer)
</UL>
<BR>[Called By]<UL><LI><a href="#[185]">&gt;&gt;</a>&nbsp;&nbsp;&nbsp;xspi_nor_flash_init
</UL>

<P><STRONG><a name="[197]"></a>XSPI_UpdateSFPConfig</STRONG> (Thumb, 296 bytes, Stack size 32 bytes, fsl_xspi.o(.text.XSPI_UpdateSFPConfig))
<BR><BR>[Stack]<UL><LI>Max Depth = 32<LI>Call Chain = XSPI_UpdateSFPConfig
</UL>
<BR>[Called By]<UL><LI><a href="#[195]">&gt;&gt;</a>&nbsp;&nbsp;&nbsp;XSPI_Init
</UL>

<P><STRONG><a name="[19f]"></a>XSPI_WriteBlocking</STRONG> (Thumb, 360 bytes, Stack size 8 bytes, fsl_xspi.o(.text.XSPI_WriteBlocking))
<BR><BR>[Stack]<UL><LI>Max Depth = 136 + Unknown Stack Size
<LI>Call Chain = XSPI_WriteBlocking &rArr; __aeabi_assert &rArr; DbgConsole_Printf &rArr; DbgConsole_Vprintf
</UL>
<BR>[Calls]<UL><LI><a href="#[167]">&gt;&gt;</a>&nbsp;&nbsp;&nbsp;__aeabi_assert (via Veneer)
</UL>
<BR>[Called By]<UL><LI><a href="#[19d]">&gt;&gt;</a>&nbsp;&nbsp;&nbsp;XSPI_TransferBlocking
</UL>

<P><STRONG><a name="[186]"></a>xspi_nor_enable_octal_mode</STRONG> (Thumb, 130 bytes, Stack size 64 bytes, xspi_octal_flash_ops.o(.text.xspi_nor_enable_octal_mode))
<BR><BR>[Stack]<UL><LI>Max Depth = 280 + Unknown Stack Size
<LI>Call Chain = xspi_nor_enable_octal_mode &rArr; XSPI_TransferBlocking &rArr; XSPI_ReadBlocking &rArr; __aeabi_assert &rArr; DbgConsole_Printf &rArr; DbgConsole_Vprintf
</UL>
<BR>[Calls]<UL><LI><a href="#[19d]">&gt;&gt;</a>&nbsp;&nbsp;&nbsp;XSPI_TransferBlocking
</UL>
<BR>[Called By]<UL><LI><a href="#[a9]">&gt;&gt;</a>&nbsp;&nbsp;&nbsp;main (via Veneer)
</UL>

<P><STRONG><a name="[188]"></a>xspi_nor_flash_erase_sector</STRONG> (Thumb, 126 bytes, Stack size 64 bytes, xspi_octal_flash_ops.o(.text.xspi_nor_flash_erase_sector))
<BR><BR>[Stack]<UL><LI>Max Depth = 280 + Unknown Stack Size
<LI>Call Chain = xspi_nor_flash_erase_sector &rArr; XSPI_TransferBlocking &rArr; XSPI_ReadBlocking &rArr; __aeabi_assert &rArr; DbgConsole_Printf &rArr; DbgConsole_Vprintf
</UL>
<BR>[Calls]<UL><LI><a href="#[19d]">&gt;&gt;</a>&nbsp;&nbsp;&nbsp;XSPI_TransferBlocking
</UL>
<BR>[Called By]<UL><LI><a href="#[a9]">&gt;&gt;</a>&nbsp;&nbsp;&nbsp;main (via Veneer)
</UL>

<P><STRONG><a name="[185]"></a>xspi_nor_flash_init</STRONG> (Thumb, 162 bytes, Stack size 464 bytes, xspi_octal_flash_ops.o(.text.xspi_nor_flash_init))
<BR><BR>[Stack]<UL><LI>Max Depth = 688 + Unknown Stack Size
<LI>Call Chain = xspi_nor_flash_init &rArr; XSPI_Init &rArr; XSPI_SetAhbAccessConfig &rArr; XSPI_SetAhbBufferConfig &rArr; __aeabi_assert &rArr; DbgConsole_Printf &rArr; DbgConsole_Vprintf
</UL>
[...]
<LI><a href="#[17c]">&gt;&gt;</a>&nbsp;&nbsp;&nbsp;strlen
</UL>
<BR>[Called By]<UL><LI><a href="#[17a]">&gt;&gt;</a>&nbsp;&nbsp;&nbsp;DbgConsole_Printf
</UL>

<P><STRONG><a name="[179]"></a>HAL_UartInit</STRONG> (Thumb, 244 bytes, Stack size 56 bytes, fsl_adapter_lpuart.o(.text.HAL_UartInit))
<BR><BR>[Stack]<UL><LI>Max Depth = 240 + Unknown Stack Size
<LI>Call Chain = HAL_UartInit &rArr; LPUART_Init &rArr; LP_FLEXCOMM_Init &rArr; CLOCK_EnableClock &rArr; __aeabi_assert &rArr; DbgConsole_Printf &rArr; DbgConsole_Vprintf
</UL>
<BR>[Calls]<UL><LI><a href="#[167]">&gt;&gt;</a>&nbsp;&nbsp;&nbsp;__aeabi_assert
<LI><a href="#[17e]">&gt;&gt;</a>&nbsp;&nbsp;&nbsp;LPUART_GetDefaultConfig
<LI><a href="#[17f]">&gt;&gt;</a>&nbsp;&nbsp;&nbsp;LPUART_Init
</UL>
<BR>[Called By]<UL><LI><a href="#[172]">&gt;&gt;</a>&nbsp;&nbsp;&nbsp;DbgConsole_Init
</UL>

<P><STRONG><a name="[149]"></a>HAL_UartReceiveBlocking</STRONG> (Thumb, 108 bytes, Stack size 8 bytes, fsl_adapter_lpuart.o(.text.HAL_UartReceiveBlocking))
<BR><BR>[Stack]<UL><LI>Max Depth = 144 + Unknown Stack Size
<LI>Call Chain = HAL_UartReceiveBlocking &rArr; LPUART_ReadBlocking &rArr; __aeabi_assert &rArr; DbgConsole_Printf &rArr; DbgConsole_Vprintf
</UL>
<BR>[Calls]<UL><LI><a href="#[167]">&gt;&gt;</a>&nbsp;&nbsp;&nbsp;__aeabi_assert
<LI><a href="#[180]">&gt;&gt;</a>&nbsp;&nbsp;&nbsp;LPUART_ReadBlocking
</UL>
<BR>[Address Reference Count : 1]<UL><LI> fsl_debug_console.o(.text.DbgConsole_Init)
</UL>
<P><STRONG><a name="[148]"></a>HAL_UartSendBlocking</STRONG> (Thumb, 102 bytes, Stack size 8 bytes, fsl_adapter_lpuart.o(.text.HAL_UartSendBlocking))
<BR><BR>[Stack]<UL><LI>Max Depth = 136 + Unknown Stack Size
<LI>Call Chain = HAL_UartSendBlocking &rArr; __aeabi_assert &rArr; DbgConsole_Printf &rArr; DbgConsole_Vprintf
</UL>
<BR>[Calls]<UL><LI><a href="#[167]">&gt;&gt;</a>&nbsp;&nbsp;&nbsp;__aeabi_assert
<LI><a href="#[181]">&gt;&gt;</a>&nbsp;&nbsp;&nbsp;LPUART_WriteBlocking
</UL>
<BR>[Address Reference Count : 1]<UL><LI> fsl_debug_console.o(.text.DbgConsole_Init)
</UL>
<P><STRONG><a name="[17e]"></a>LPUART_GetDefaultConfig</STRONG> (Thumb, 56 bytes, Stack size 16 bytes, fsl_lpuart.o(.text.LPUART_GetDefaultConfig))
<BR><BR>[Stack]<UL><LI>Max Depth = 144 + Unknown Stack Size
<LI>Call Chain = LPUART_GetDefaultConfig &rArr; __aeabi_assert &rArr; DbgConsole_Printf &rArr; DbgConsole_Vprintf
</UL>
<BR>[Calls]<UL><LI><a href="#[167]">&gt;&gt;</a>&nbsp;&nbsp;&nbsp;__aeabi_assert
<LI><a href="#[154]">&gt;&gt;</a>&nbsp;&nbsp;&nbsp;memset
</UL>
<BR>[Called By]<UL><LI><a href="#[179]">&gt;&gt;</a>&nbsp;&nbsp;&nbsp;HAL_UartInit
</UL>

<P><STRONG><a name="[17f]"></a>LPUART_Init</STRONG> (Thumb, 688 bytes, Stack size 40 bytes, fsl_lpuart.o(.text.LPUART_Init))
<BR><BR>[Stack]<UL><LI>Max Depth = 184 + Unknown Stack Size
<LI>Call Chain = LPUART_Init &rArr; LP_FLEXCOMM_Init &rArr; CLOCK_EnableClock &rArr; __aeabi_assert &rArr; DbgConsole_Printf &rArr; DbgConsole_Vprintf
</UL>
<BR>[Calls]<UL><LI><a href="#[167]">&gt;&gt;</a>&nbsp;&nbsp;&nbsp;__aeabi_assert
<LI><a href="#[182]">&gt;&gt;</a>&nbsp;&nbsp;&nbsp;LP_FLEXCOMM_Init
</UL>
<BR>[Called By]<UL><LI><a href="#[179]">&gt;&gt;</a>&nbsp;&nbsp;&nbsp;HAL_UartInit
</UL>

<P><STRONG><a name="[180]"></a>LPUART_ReadBlocking</STRONG> (Thumb, 284 bytes, Stack size 8 bytes, fsl_lpuart.o(.text.LPUART_ReadBlocking))
<BR><BR>[Stack]<UL><LI>Max Depth = 136 + Unknown Stack Size
<LI>Call Chain = LPUART_ReadBlocking &rArr; __aeabi_assert &rArr; DbgConsole_Printf &rArr; DbgConsole_Vprintf
</UL>
<BR>[Calls]<UL><LI><a href="#[167]">&gt;&gt;</a>&nbsp;&nbsp;&nbsp;__aeabi_assert
</UL>
<BR>[Called By]<UL><LI><a href="#[149]">&gt;&gt;</a>&nbsp;&nbsp;&nbsp;HAL_UartReceiveBlocking
</UL>

<P><STRONG><a name="[181]"></a>LPUART_WriteBlocking</STRONG> (Thumb, 54 bytes, Stack size 0 bytes, fsl_lpuart.o(.text.LPUART_WriteBlocking))
<BR><BR>[Stack]<UL><LI>Max Depth = 128 + Unknown Stack Size
<LI>Call Chain = LPUART_WriteBlocking &rArr; __aeabi_assert &rArr; DbgConsole_Printf &rArr; DbgConsole_Vprintf
</UL>
<BR>[Calls]<UL><LI><a href="#[167]">&gt;&gt;</a>&nbsp;&nbsp;&nbsp;__aeabi_assert
</UL>
<BR>[Called By]<UL><LI><a href="#[148]">&gt;&gt;</a>&nbsp;&nbsp;&nbsp;HAL_UartSendBlocking
</UL>

<P><STRONG><a name="[b1]"></a>LP_FLEXCOMM0_DriverIRQHandler</STRONG> (Thumb, 100 bytes, Stack size 16 bytes, fsl_lpflexcomm.o(.text.LP_FLEXCOMM0_DriverIRQHandler))
<BR><BR>[Stack]<UL><LI>Max Depth = 16<LI>Call Chain = LP_FLEXCOMM0_DriverIRQHandler
</UL>
<BR>[Address Reference Count : 1]<UL><LI> startup_mimxrt798s_cm33_core0.o(.text)
</UL>
<P><STRONG><a name="[db]"></a>LP_FLEXCOMM10_DriverIRQHandler</STRONG> (Thumb, 104 bytes, Stack size 16 bytes, fsl_lpflexcomm.o(.text.LP_FLEXCOMM10_DriverIRQHandler))
<BR><BR>[Stack]<UL><LI>Max Depth = 16<LI>Call Chain = LP_FLEXCOMM10_DriverIRQHandler
</UL>
<BR>[Address Reference Count : 1]<UL><LI> startup_mimxrt798s_cm33_core0.o(.text)
</UL>
<P><STRONG><a name="[dc]"></a>LP_FLEXCOMM11_DriverIRQHandler</STRONG> (Thumb, 104 bytes, Stack size 16 bytes, fsl_lpflexcomm.o(.text.LP_FLEXCOMM11_DriverIRQHandler))
<BR><BR>[Stack]<UL><LI>Max Depth = 16<LI>Call Chain = LP_FLEXCOMM11_DriverIRQHandler
</UL>
<BR>[Address Reference Count : 1]<UL><LI> startup_mimxrt798s_cm33_core0.o(.text)
</UL>
<P><STRONG><a name="[dd]"></a>LP_FLEXCOMM12_DriverIRQHandler</STRONG> (Thumb, 104 bytes, Stack size 16 bytes, fsl_lpflexcomm.o(.text.LP_FLEXCOMM12_DriverIRQHandler))
<BR><BR>[Stack]<UL><LI>Max Depth = 16<LI>Call Chain = LP_FLEXCOMM12_DriverIRQHandler
</UL>
<BR>[Address Reference Count : 1]<UL><LI> startup_mimxrt798s_cm33_core0.o(.text)
</UL>
<P><STRONG><a name="[de]"></a>LP_FLEXCOMM13_DriverIRQHandler</STRONG> (Thumb, 104 bytes, Stack size 16 bytes, fsl_lpflexcomm.o(.text.LP_FLEXCOMM13_DriverIRQHandler))
<BR><BR>[Stack]<UL><LI>Max Depth = 16<LI>Call Chain = LP_FLEXCOMM13_DriverIRQHandler
</UL>
<BR>[Address Reference Count : 1]<UL><LI> startup_mimxrt798s_cm33_core0.o(.text)
</UL>
<P><STRONG><a name="[b2]"></a>LP_FLEXCOMM1_DriverIRQHandler</STRONG> (Thumb, 100 bytes, Stack size 16 bytes, fsl_lpflexcomm.o(.text.LP_FLEXCOMM1_DriverIRQHandler))
<BR><BR>[Stack]<UL><LI>Max Depth = 16<LI>Call Chain = LP_FLEXCOMM1_DriverIRQHandler
</UL>
<BR>[Address Reference Count : 1]<UL><LI> startup_mimxrt798s_cm33_core0.o(.text)
</UL>
<P><STRONG><a name="[b3]"></a>LP_FLEXCOMM2_DriverIRQHandler</STRONG> (Thumb, 100 bytes, Stack size 16 bytes, fsl_lpflexcomm.o(.text.LP_FLEXCOMM2_DriverIRQHandler))
<BR><BR>[Stack]<UL><LI>Max Depth = 16<LI>Call Chain = LP_FLEXCOMM2_DriverIRQHandler
</UL>
<BR>[Address Reference Count : 1]<UL><LI> startup_mimxrt798s_cm33_core0.o(.text)
</UL>
<P><STRONG><a name="[b4]"></a>LP_FLEXCOMM3_DriverIRQHandler</STRONG> (Thumb, 100 bytes, Stack size 16 bytes, fsl_lpflexcomm.o(.text.LP_FLEXCOMM3_DriverIRQHandler))
<BR><BR>[Stack]<UL><LI>Max Depth = 16<LI>Call Chain = LP_FLEXCOMM3_DriverIRQHandler
</UL>
<BR>[Address Reference Count : 1]<UL><LI> startup_mimxrt798s_cm33_core0.o(.text)
</UL>
<P><STRONG><a name="[b5]"></a>LP_FLEXCOMM4_DriverIRQHandler</STRONG> (Thumb, 104 bytes, Stack size 16 bytes, fsl_lpflexcomm.o(.text.LP_FLEXCOMM4_DriverIRQHandler))
<BR><BR>[Stack]<UL><LI>Max Depth = 16<LI>Call Chain = LP_FLEXCOMM4_DriverIRQHandler
</UL>
<BR>[Address Reference Count : 1]<UL><LI> startup_mimxrt798s_cm33_core0.o(.text)
</UL>
<P><STRONG><a name="[b6]"></a>LP_FLEXCOMM5_DriverIRQHandler</STRONG> (Thumb, 104 bytes, Stack size 16 bytes, fsl_lpflexcomm.o(.text.LP_FLEXCOMM5_DriverIRQHandler))
<BR><BR>[Stack]<UL><LI>Max Depth = 16<LI>Call Chain = LP_FLEXCOMM5_DriverIRQHandler
</UL>
<BR>[Address Reference Count : 1]<UL><LI> startup_mimxrt798s_cm33_core0.o(.text)
</UL>
<P><STRONG><a name="[cd]"></a>LP_FLEXCOMM6_DriverIRQHandler</STRONG> (Thumb, 104 bytes, Stack size 16 bytes, fsl_lpflexcomm.o(.text.LP_FLEXCOMM6_DriverIRQHandler))
<BR><BR>[Stack]<UL><LI>Max Depth = 16<LI>Call Chain = LP_FLEXCOMM6_DriverIRQHandler
</UL>
<BR>[Address Reference Count : 1]<UL><LI> startup_mimxrt798s_cm33_core0.o(.text)
</UL>
<P><STRONG><a name="[ce]"></a>LP_FLEXCOMM7_DriverIRQHandler</STRONG> (Thumb, 104 bytes, Stack size 16 bytes, fsl_lpflexcomm.o(.text.LP_FLEXCOMM7_DriverIRQHandler))
<BR><BR>[Stack]<UL><LI>Max Depth = 16<LI>Call Chain = LP_FLEXCOMM7_DriverIRQHandler
</UL>
<BR>[Address Reference Count : 1]<UL><LI> startup_mimxrt798s_cm33_core0.o(.text)
</UL>
<P><STRONG><a name="[d9]"></a>LP_FLEXCOMM8_DriverIRQHandler</STRONG> (Thumb, 104 bytes, Stack size 16 bytes, fsl_lpflexcomm.o(.text.LP_FLEXCOMM8_DriverIRQHandler))
<BR><BR>[Stack]<UL><LI>Max Depth = 16<LI>Call Chain = LP_FLEXCOMM8_DriverIRQHandler
</UL>
<BR>[Address Reference Count : 1]<UL><LI> startup_mimxrt798s_cm33_core0.o(.text)
</UL>
<P><STRONG><a name="[da]"></a>LP_FLEXCOMM9_DriverIRQHandler</STRONG> (Thumb, 104 bytes, Stack size 16 bytes, fsl_lpflexcomm.o(.text.LP_FLEXCOMM9_DriverIRQHandler))
<BR><BR>[Stack]<UL><LI>Max Depth = 16<LI>Call Chain = LP_FLEXCOMM9_DriverIRQHandler
</UL>
<BR>[Address Reference Count : 1]<UL><LI> startup_mimxrt798s_cm33_core0.o(.text)
</UL>
<P><STRONG><a name="[182]"></a>LP_FLEXCOMM_Init</STRONG> (Thumb, 164 bytes, Stack size 16 bytes, fsl_lpflexcomm.o(.text.LP_FLEXCOMM_Init))
<BR><BR>[Stack]<UL><LI>Max Depth = 144 + Unknown Stack Size
<LI>Call Chain = LP_FLEXCOMM_Init &rArr; CLOCK_EnableClock &rArr; __aeabi_assert &rArr; DbgConsole_Printf &rArr; DbgConsole_Vprintf
</UL>
<BR>[Calls]<UL><LI><a href="#[175]">&gt;&gt;</a>&nbsp;&nbsp;&nbsp;CLOCK_EnableClock
<LI><a href="#[16f]">&gt;&gt;</a>&nbsp;&nbsp;&nbsp;RESET_ClearPeripheralReset (via Veneer)
<LI><a href="#[167]">&gt;&gt;</a>&nbsp;&nbsp;&nbsp;__aeabi_assert
</UL>
<BR>[Called By]<UL><LI><a href="#[17f]">&gt;&gt;</a>&nbsp;&nbsp;&nbsp;LPUART_Init
</UL>

<P><STRONG><a name="[1a2]"></a>POWER_ApplyPD</STRONG> (Thumb, 32 bytes, Stack size 0 bytes, fsl_power.o(.text.POWER_ApplyPD))
<BR><BR>[Called By]<UL><LI><a href="#[185]">&gt;&gt;</a>&nbsp;&nbsp;&nbsp;xspi_nor_flash_init (via Veneer)
</UL>

<P><STRONG><a name="[158]"></a>POWER_DisablePD</STRONG> (Thumb, 76 bytes, Stack size 0 bytes, fsl_power.o(.text.POWER_DisablePD))
<BR><BR>[Stack]<UL><LI>Max Depth = 128 + Unknown Stack Size
<LI>Call Chain = POWER_DisablePD &rArr; __aeabi_assert &rArr; DbgConsole_Printf &rArr; DbgConsole_Vprintf
</UL>
<BR>[Calls]<UL><LI><a href="#[167]">&gt;&gt;</a>&nbsp;&nbsp;&nbsp;__aeabi_assert
</UL>
<BR>[Called By]<UL><LI><a href="#[15c]">&gt;&gt;</a>&nbsp;&nbsp;&nbsp;BOARD_BootClockRUN_InitClockModule
<LI><a href="#[156]">&gt;&gt;</a>&nbsp;&nbsp;&nbsp;BOARD_BootClockRUN
<LI><a href="#[157]">&gt;&gt;</a>&nbsp;&nbsp;&nbsp;BOARD_ClockPreConfig
<LI><a href="#[185]">&gt;&gt;</a>&nbsp;&nbsp;&nbsp;xspi_nor_flash_init (via Veneer)
</UL>

<P><STRONG><a name="[177]"></a>SDK_DelayAtLeastUs</STRONG> (Thumb, 64 bytes, Stack size 8 bytes, fsl_common_arm.o(.text.SDK_DelayAtLeastUs))
<BR><BR>[Stack]<UL><LI>Max Depth = 136 + Unknown Stack Size
<LI>Call Chain = SDK_DelayAtLeastUs &rArr; __aeabi_assert &rArr; DbgConsole_Printf &rArr; DbgConsole_Vprintf
</UL>
<BR>[Calls]<UL><LI><a href="#[167]">&gt;&gt;</a>&nbsp;&nbsp;&nbsp;__aeabi_assert
<LI><a href="#[14f]">&gt;&gt;</a>&nbsp;&nbsp;&nbsp;__aeabi_uldivmod
</UL>
<BR>[Called By]<UL><LI><a href="#[163]">&gt;&gt;</a>&nbsp;&nbsp;&nbsp;CLOCK_InitAudioPll
<LI><a href="#[160]">&gt;&gt;</a>&nbsp;&nbsp;&nbsp;CLOCK_InitMainPll
<LI><a href="#[159]">&gt;&gt;</a>&nbsp;&nbsp;&nbsp;CLOCK_EnableSysOscClk
</UL>

<P><STRONG><a name="[14a]"></a>SystemInit</STRONG> (Thumb, 230 bytes, Stack size 0 bytes, system_mimxrt798s_cm33_core0.o(.text.SystemInit))
<BR><BR>[Calls]<UL><LI><a href="#[183]">&gt;&gt;</a>&nbsp;&nbsp;&nbsp;SystemInitHook
</UL>
<BR>[Address Reference Count : 1]<UL><LI> startup_mimxrt798s_cm33_core0.o(InRoot$$Sections)
</UL>
<P><STRONG><a name="[183]"></a>SystemInitHook</STRONG> (Thumb, 2 bytes, Stack size 0 bytes, system_mimxrt798s_cm33_core0.o(.text.SystemInitHook))
<BR><BR>[Called By]<UL><LI><a href="#[14a]">&gt;&gt;</a>&nbsp;&nbsp;&nbsp;SystemInit
</UL>

<P><STRONG><a name="[16b]"></a>XCACHE_DisableCache</STRONG> (Thumb, 40 bytes, Stack size 0 bytes, fsl_cache.o(.text.XCACHE_DisableCache))
<BR><BR>[Called By]<UL><LI><a href="#[16a]">&gt;&gt;</a>&nbsp;&nbsp;&nbsp;BOARD_ConfigMPU
</UL>

<P><STRONG><a name="[16c]"></a>XCACHE_EnableCache</STRONG> (Thumb, 40 bytes, Stack size 0 bytes, fsl_cache.o(.text.XCACHE_EnableCache))
<BR><BR>[Called By]<UL><LI><a href="#[16a]">&gt;&gt;</a>&nbsp;&nbsp;&nbsp;BOARD_ConfigMPU
</UL>

<P><STRONG><a name="[189]"></a>XCACHE_InvalidateCache</STRONG> (Thumb, 24 bytes, Stack size 0 bytes, fsl_cache.o(.text.XCACHE_InvalidateCache))
<BR><BR>[Called By]<UL><LI><a href="#[a9]">&gt;&gt;</a>&nbsp;&nbsp;&nbsp;main
</UL>

<P><STRONG><a name="[167]"></a>__aeabi_assert</STRONG> (Thumb, 32 bytes, Stack size 0 bytes, fsl_assert.o(.text.__aeabi_assert))
<BR><BR>[Stack]<UL><LI>Max Depth = 128 + Unknown Stack Size
<LI>Call Chain = __aeabi_assert &rArr; DbgConsole_Printf &rArr; DbgConsole_Vprintf
</UL>
<BR>[Calls]<UL><LI><a href="#[17a]">&gt;&gt;</a>&nbsp;&nbsp;&nbsp;DbgConsole_Printf
<LI><a href="#[184]">&gt;&gt;</a>&nbsp;&nbsp;&nbsp;fsl_assert_hook
</UL>
<BR>[Called By]<UL><LI><a href="#[177]">&gt;&gt;</a>&nbsp;&nbsp;&nbsp;SDK_DelayAtLeastUs
<LI><a href="#[178]">&gt;&gt;</a>&nbsp;&nbsp;&nbsp;CLOCK_GetFCClkFreq
<LI><a href="#[175]">&gt;&gt;</a>&nbsp;&nbsp;&nbsp;CLOCK_EnableClock
<LI><a href="#[16f]">&gt;&gt;</a>&nbsp;&nbsp;&nbsp;RESET_ClearPeripheralReset (via Veneer)
<LI><a href="#[15c]">&gt;&gt;</a>&nbsp;&nbsp;&nbsp;BOARD_BootClockRUN_InitClockModule
<LI><a href="#[15a]">&gt;&gt;</a>&nbsp;&nbsp;&nbsp;CLOCK_EnableFroClkFreqCloseLoop
<LI><a href="#[16a]">&gt;&gt;</a>&nbsp;&nbsp;&nbsp;BOARD_ConfigMPU
<LI><a href="#[171]">&gt;&gt;</a>&nbsp;&nbsp;&nbsp;CLOCK_GetLPFlexCommClkFreq
<LI><a href="#[15e]">&gt;&gt;</a>&nbsp;&nbsp;&nbsp;CLOCK_SetClkDiv
<LI><a href="#[15d]">&gt;&gt;</a>&nbsp;&nbsp;&nbsp;CLOCK_AttachClk
<LI><a href="#[1a0]">&gt;&gt;</a>&nbsp;&nbsp;&nbsp;XSPI_UpdateLUT (via Veneer)
<LI><a href="#[19a]">&gt;&gt;</a>&nbsp;&nbsp;&nbsp;XSPI_SetDeviceConfig (via Veneer)
<LI><a href="#[195]">&gt;&gt;</a>&nbsp;&nbsp;&nbsp;XSPI_Init (via Veneer)
<LI><a href="#[194]">&gt;&gt;</a>&nbsp;&nbsp;&nbsp;XSPI_GetDefaultConfig (via Veneer)
<LI><a href="#[158]">&gt;&gt;</a>&nbsp;&nbsp;&nbsp;POWER_DisablePD
<LI><a href="#[19d]">&gt;&gt;</a>&nbsp;&nbsp;&nbsp;XSPI_TransferBlocking (via Veneer)
<LI><a href="#[149]">&gt;&gt;</a>&nbsp;&nbsp;&nbsp;HAL_UartReceiveBlocking
<LI><a href="#[148]">&gt;&gt;</a>&nbsp;&nbsp;&nbsp;HAL_UartSendBlocking
<LI><a href="#[179]">&gt;&gt;</a>&nbsp;&nbsp;&nbsp;HAL_UartInit
<LI><a href="#[198]">&gt;&gt;</a>&nbsp;&nbsp;&nbsp;XSPI_ReadBlocking (via Veneer)
<LI><a href="#[19f]">&gt;&gt;</a>&nbsp;&nbsp;&nbsp;XSPI_WriteBlocking (via Veneer)
<LI><a href="#[199]">&gt;&gt;</a>&nbsp;&nbsp;&nbsp;XSPI_SetAhbBufferConfig (via Veneer)
<LI><a href="#[196]">&gt;&gt;</a>&nbsp;&nbsp;&nbsp;XSPI_SetAhbAccessConfig (via Veneer)
<LI><a href="#[191]">&gt;&gt;</a>&nbsp;&nbsp;&nbsp;XSPI_CommonIRQHandler (via Veneer)
<LI><a href="#[193]">&gt;&gt;</a>&nbsp;&nbsp;&nbsp;XSPI_StartIpReadNonBlocking (via Veneer)
<LI><a href="#[192]">&gt;&gt;</a>&nbsp;&nbsp;&nbsp;XSPI_StartIpWriteNonBlocking (via Veneer)
<LI><a href="#[180]">&gt;&gt;</a>&nbsp;&nbsp;&nbsp;LPUART_ReadBlocking
<LI><a href="#[181]">&gt;&gt;</a>&nbsp;&nbsp;&nbsp;LPUART_WriteBlocking
<LI><a href="#[17e]">&gt;&gt;</a>&nbsp;&nbsp;&nbsp;LPUART_GetDefaultConfig
<LI><a href="#[17f]">&gt;&gt;</a>&nbsp;&nbsp;&nbsp;LPUART_Init
<LI><a href="#[182]">&gt;&gt;</a>&nbsp;&nbsp;&nbsp;LP_FLEXCOMM_Init
</UL>

<P><STRONG><a name="[184]"></a>fsl_assert_hook</STRONG> (Thumb, 4 bytes, Stack size 0 bytes, fsl_assert.o(.text.fsl_assert_hook))
<BR><BR>[Called By]<UL><LI><a href="#[167]">&gt;&gt;</a>&nbsp;&nbsp;&nbsp;__aeabi_assert
</UL>

<P><STRONG><a name="[a9]"></a>main</STRONG> (Thumb, 332 bytes, Stack size 32 bytes, xspi_octal_polling_transfer.o(.text.main))
<BR><BR>[Stack]<UL><LI>Max Depth = 720 + Unknown Stack Size
<LI>Call Chain = main &rArr; xspi_nor_flash_init &rArr; XSPI_Init &rArr; XSPI_SetAhbAccessConfig &rArr; XSPI_SetAhbBufferConfig &rArr; __aeabi_assert &rArr; DbgConsole_Printf &rArr; DbgConsole_Vprintf
</UL>
<BR>[Calls]<UL><LI><a href="#[18c]">&gt;&gt;</a>&nbsp;&nbsp;&nbsp;xspi_nor_flash_program (via Veneer)
<LI><a href="#[17d]">&gt;&gt;</a>&nbsp;&nbsp;&nbsp;memcpy
<LI><a href="#[18a]">&gt;&gt;</a>&nbsp;&nbsp;&nbsp;XSPI_Cache64_InvalidateCache (via Veneer)
<LI><a href="#[189]">&gt;&gt;</a>&nbsp;&nbsp;&nbsp;XCACHE_InvalidateCache
<LI><a href="#[188]">&gt;&gt;</a>&nbsp;&nbsp;&nbsp;xspi_nor_flash_erase_sector (via Veneer)
<LI><a href="#[187]">&gt;&gt;</a>&nbsp;&nbsp;&nbsp;xspi_nor_get_vendor_id (via Veneer)
<LI><a href="#[186]">&gt;&gt;</a>&nbsp;&nbsp;&nbsp;xspi_nor_enable_octal_mode (via Veneer)
<LI><a href="#[17a]">&gt;&gt;</a>&nbsp;&nbsp;&nbsp;DbgConsole_Printf
<LI><a href="#[185]">&gt;&gt;</a>&nbsp;&nbsp;&nbsp;xspi_nor_flash_init (via Veneer)
<LI><a href="#[173]">&gt;&gt;</a>&nbsp;&nbsp;&nbsp;BOARD_InitHardware
<LI><a href="#[18b]">&gt;&gt;</a>&nbsp;&nbsp;&nbsp;memcmp
<LI><a href="#[154]">&gt;&gt;</a>&nbsp;&nbsp;&nbsp;memset
</UL>
<BR>[Address Reference Count : 1]<UL><LI> entry9a.o(.ARM.Collect$$$$0000000B)
</UL>
<P><STRONG><a name="[0]"></a>Reset_Handler</STRONG> (Thumb, 52 bytes, Stack size unknown bytes, startup_mimxrt798s_cm33_core0.o(InRoot$$Sections))
<BR>[Address Reference Count : 1]<UL><LI> startup_mimxrt798s_cm33_core0.o(.isr_vector)
</UL>
<P><STRONG><a name="[1af]"></a>__scatterload_copy</STRONG> (Thumb, 14 bytes, Stack size unknown bytes, handlers.o(i.__scatterload_copy), UNUSED)

<P><STRONG><a name="[1b0]"></a>__scatterload_null</STRONG> (Thumb, 2 bytes, Stack size unknown bytes, handlers.o(i.__scatterload_null), UNUSED)

<P><STRONG><a name="[1b1]"></a>__scatterload_zeroinit</STRONG> (Thumb, 14 bytes, Stack size unknown bytes, handlers.o(i.__scatterload_zeroinit), UNUSED)
<P>
<H3>
Local Symbols
</H3>
<P><STRONG><a name="[192]"></a>XSPI_StartIpWriteNonBlocking</STRONG> (Thumb, 182 bytes, Stack size 32 bytes, fsl_xspi.o(.text.XSPI_StartIpWriteNonBlocking))
<BR><BR>[Stack]<UL><LI>Max Depth = 160 + Unknown Stack Size
<LI>Call Chain = XSPI_StartIpWriteNonBlocking &rArr; __aeabi_assert &rArr; DbgConsole_Printf &rArr; DbgConsole_Vprintf
</UL>
<BR>[Calls]<UL><LI><a href="#[167]">&gt;&gt;</a>&nbsp;&nbsp;&nbsp;__aeabi_assert (via Veneer)
<LI><a href="#[19c]">&gt;&gt;</a>&nbsp;&nbsp;&nbsp;XSPI_StartIpAccessNonBlocking
</UL>
<BR>[Called By]<UL><LI><a href="#[191]">&gt;&gt;</a>&nbsp;&nbsp;&nbsp;XSPI_CommonIRQHandler
</UL>

<P><STRONG><a name="[193]"></a>XSPI_StartIpReadNonBlocking</STRONG> (Thumb, 334 bytes, Stack size 40 bytes, fsl_xspi.o(.text.XSPI_StartIpReadNonBlocking))
<BR><BR>[Stack]<UL><LI>Max Depth = 168 + Unknown Stack Size
<LI>Call Chain = XSPI_StartIpReadNonBlocking &rArr; __aeabi_assert &rArr; DbgConsole_Printf &rArr; DbgConsole_Vprintf
</UL>
<BR>[Calls]<UL><LI><a href="#[167]">&gt;&gt;</a>&nbsp;&nbsp;&nbsp;__aeabi_assert (via Veneer)
<LI><a href="#[19c]">&gt;&gt;</a>&nbsp;&nbsp;&nbsp;XSPI_StartIpAccessNonBlocking
</UL>
<BR>[Called By]<UL><LI><a href="#[191]">&gt;&gt;</a>&nbsp;&nbsp;&nbsp;XSPI_CommonIRQHandler
</UL>

<P><STRONG><a name="[191]"></a>XSPI_CommonIRQHandler</STRONG> (Thumb, 962 bytes, Stack size 40 bytes, fsl_xspi.o(.text.XSPI_CommonIRQHandler))
<BR><BR>[Stack]<UL><LI>Max Depth = 208 + Unknown Stack Size
<LI>Call Chain = XSPI_CommonIRQHandler &rArr; XSPI_StartIpReadNonBlocking &rArr; __aeabi_assert &rArr; DbgConsole_Printf &rArr; DbgConsole_Vprintf
</UL>
<BR>[Calls]<UL><LI><a href="#[167]">&gt;&gt;</a>&nbsp;&nbsp;&nbsp;__aeabi_assert (via Veneer)
<LI><a href="#[193]">&gt;&gt;</a>&nbsp;&nbsp;&nbsp;XSPI_StartIpReadNonBlocking
<LI><a href="#[192]">&gt;&gt;</a>&nbsp;&nbsp;&nbsp;XSPI_StartIpWriteNonBlocking
</UL>
<BR>[Called By]<UL><LI><a href="#[122]">&gt;&gt;</a>&nbsp;&nbsp;&nbsp;XSPI2_DriverIRQHandler
<LI><a href="#[121]">&gt;&gt;</a>&nbsp;&nbsp;&nbsp;XSPI1_DriverIRQHandler
<LI><a href="#[120]">&gt;&gt;</a>&nbsp;&nbsp;&nbsp;XSPI0_DriverIRQHandler
</UL>
<P>
<H3>
Undefined Global Symbols
</H3><HR></body></html>
