<html>
<body>
<pre>
<h1>µVision Build Log</h1>
<h2>Tool Versions:</h2>
IDE-Version: µVision V5.39.0.0
Copyright (C) 2023 ARM Ltd and ARM Germany GmbH. All rights reserved.
License Information: Markus Klein
privat
User-based license: Software Success Kit (Standard)
Valid until: May 31 2025. Cached until: Feb 2 2025
 
Tool Versions:
Toolchain:       Software Success Kit (Standard)  Version: 5.39.0.0
Toolchain Path:  C:\Program Files (x86)\Keil_v5\ARM\ARMCLANG\Bin
C Compiler:      ArmClang.exe V6.21
Assembler:       Armasm.exe V6.21
Linker/Locator:  ArmLink.exe V6.21
Library Manager: ArmAr.exe V6.21
Hex Converter:   FromElf.exe V6.21
CPU DLL:         
Dialog DLL:      
Target DLL:      CMSIS_AGDI_V8M.DLL V1.8.1.0
Dialog DLL:      TCM.DLL V1.56.4.0
 
<h2>Project:</h2>
D:\Daten\git\NXP_SDK\boards\mimxrt700evk\driver_examples\gpio\led_output\cm33_core0\mdk\gpio_led_output_cm33_core0.uvprojx
Project File Date:  01/26/2025

<h2>Output:</h2>
*** Using Compiler 'V6.21', folder: 'C:\Program Files (x86)\Keil_v5\ARM\ARMCLANG\Bin'
Rebuild Project 'gpio_led_output_cm33_core0' - Target 'gpio_led_output_cm33_core0 flash_debug'
assembling fsl_memcpy.S...
assembling startup_MIMXRT798S_cm33_core0.S...
compiling flash_config.c...
compiling gpio_led_output.c...
compiling fsl_common_arm.c...
compiling fsl_common.c...
compiling pin_mux.c...
compiling hardware_init.c...
compiling fsl_assert.c...
compiling fsl_reset.c...
compiling system_MIMXRT798S_cm33_core0.c...
compiling fsl_adapter_lpuart.c...
compiling fsl_cache.c...
compiling fsl_gpio.c...
compiling clock_config.c...
compiling fsl_glikey.c...
compiling fsl_lpflexcomm.c...
compiling board.c...
compiling fsl_debug_console.c...
compiling fsl_str.c...
compiling fsl_power.c...
compiling fsl_lpuart.c...
compiling fsl_xspi.c...
compiling fsl_clock.c...
linking...
Program Size: Code=14132 RO-data=6976 RW-data=8 ZI-data=2099700  
After Build - User command #1: fromelf.exe --output "flash_debug\gpio_led_output.bin" --bincombined "flash_debug\gpio_led_output_cm33_core0.out"
"flash_debug\gpio_led_output_cm33_core0.out" - 0 Error(s), 0 Warning(s).

<h2>Software Packages used:</h2>

<h2>Collection of Component include folders:</h2>

<h2>Collection of Component Files used:</h2>
Build Time Elapsed:  00:00:02
</pre>
</body>
</html>
