Archive member included to satisfy reference by file (symbol)

C:/Program Files/Rowley CrossWorks for ARM 4.5/lib/libc_v7em_t_le_eabi.a(libc_asm.o)
                              i2c_edma_b2b_transfer_master THUMB Debug/fsl_common.o (__aeabi_uldivmod)
C:/Program Files/Rowley CrossWorks for ARM 4.5/lib/libc_v7em_t_le_eabi.a(libc2.o)
                              i2c_edma_b2b_transfer_master THUMB Debug/fsl_common.o (malloc)
C:/Program Files/Rowley CrossWorks for ARM 4.5/lib/libc_v7em_t_le_eabi.a(libc2_asm.o)
                              i2c_edma_b2b_transfer_master THUMB Debug/fsl_ftfx_cache.o (memcpy)
C:/Program Files/Rowley CrossWorks for ARM 4.5/lib/libc_v7em_t_le_eabi.a(libc.o)
                              C:/Program Files/Rowley CrossWorks for ARM 4.5/lib/libc_v7em_t_le_eabi.a(libc2.o) (__heap_lock)
C:/Program Files/Rowley CrossWorks for ARM 4.5/lib/libdebugio_v7em_t_le_eabi.a(libdebugio.o)
                              i2c_edma_b2b_transfer_master THUMB Debug/thumb_crt0.o (debug_fopen)
C:/Program Files/Rowley CrossWorks for ARM 4.5/lib/libdebugio_mempoll_v7em_t_le_eabi.a(mempoll_debug_operations.o)
                              C:/Program Files/Rowley CrossWorks for ARM 4.5/lib/libdebugio_v7em_t_le_eabi.a(libdebugio.o) (__do_debug_operation)
C:/Program Files/Rowley CrossWorks for ARM 4.5/lib/libdebugio_mempoll_v7em_t_le_eabi.a(do_nv_debug_operation.o)
                              C:/Program Files/Rowley CrossWorks for ARM 4.5/lib/libdebugio_v7em_t_le_eabi.a(libdebugio.o) (__do_nvdebug_operation)
C:/Program Files/Rowley CrossWorks for ARM 4.5/lib/libm_v7em_t_le_eabi.a(libm_asm.o)
                              C:/Program Files/Rowley CrossWorks for ARM 4.5/lib/libc_v7em_t_le_eabi.a(libc2.o) (__aeabi_i2f)
C:/Program Files/Rowley CrossWorks for ARM 4.5/lib/libm_v7em_t_le_eabi.a(libm2.o)
                              C:/Program Files/Rowley CrossWorks for ARM 4.5/lib/libvfprintf_v7em_t_le_eabi.o (frexp)
C:/Program Files/Rowley CrossWorks for ARM 4.5/lib/libm_v7em_t_le_eabi.a(libm2_asm.o)
                              C:/Program Files/Rowley CrossWorks for ARM 4.5/lib/libm_v7em_t_le_eabi.a(libm2.o) (fabs)

Discarded input sections

 .text          0x0000000000000000        0x0 i2c_edma_b2b_transfer_master THUMB Debug/thumb_crt0.o
 .data          0x0000000000000000        0x0 i2c_edma_b2b_transfer_master THUMB Debug/thumb_crt0.o
 .bss           0x0000000000000000        0x0 i2c_edma_b2b_transfer_master THUMB Debug/thumb_crt0.o
 .text.__aeabi_read_tp
                0x0000000000000000        0x8 i2c_edma_b2b_transfer_master THUMB Debug/thumb_crt0.o
 .text.abort    0x0000000000000000        0x2 i2c_edma_b2b_transfer_master THUMB Debug/thumb_crt0.o
 .text.__assert
                0x0000000000000000        0x2 i2c_edma_b2b_transfer_master THUMB Debug/thumb_crt0.o
 .text.__aeabi_assert
                0x0000000000000000        0x2 i2c_edma_b2b_transfer_master THUMB Debug/thumb_crt0.o
 .text.__sync_synchronize
                0x0000000000000000        0x2 i2c_edma_b2b_transfer_master THUMB Debug/thumb_crt0.o
 .text.__getchar
                0x0000000000000000        0x4 i2c_edma_b2b_transfer_master THUMB Debug/thumb_crt0.o
 .text.__putchar
                0x0000000000000000        0x4 i2c_edma_b2b_transfer_master THUMB Debug/thumb_crt0.o
 .text.__open   0x0000000000000000        0x4 i2c_edma_b2b_transfer_master THUMB Debug/thumb_crt0.o
 .text.__close  0x0000000000000000        0x4 i2c_edma_b2b_transfer_master THUMB Debug/thumb_crt0.o
 .text.__write  0x0000000000000000        0xa i2c_edma_b2b_transfer_master THUMB Debug/thumb_crt0.o
 .text.__read   0x0000000000000000        0xa i2c_edma_b2b_transfer_master THUMB Debug/thumb_crt0.o
 .text.__seek   0x0000000000000000       0x1a i2c_edma_b2b_transfer_master THUMB Debug/thumb_crt0.o
 .bss.__user_locale_name_buffer
                0x0000000000000000        0x4 i2c_edma_b2b_transfer_master THUMB Debug/thumb_crt0.o
 .stack         0x0000000000000000        0x0 i2c_edma_b2b_transfer_master THUMB Debug/thumb_crt0.o
 .stack_process
                0x0000000000000000        0x0 i2c_edma_b2b_transfer_master THUMB Debug/thumb_crt0.o
 .heap          0x0000000000000000        0x0 i2c_edma_b2b_transfer_master THUMB Debug/thumb_crt0.o
 .text          0x0000000000000000        0x0 i2c_edma_b2b_transfer_master THUMB Debug/Kinetis_Startup.o
 .data          0x0000000000000000        0x0 i2c_edma_b2b_transfer_master THUMB Debug/Kinetis_Startup.o
 .bss           0x0000000000000000        0x0 i2c_edma_b2b_transfer_master THUMB Debug/Kinetis_Startup.o
 .group         0x0000000000000000        0xc i2c_edma_b2b_transfer_master THUMB Debug/system_MK64F12.o
 .group         0x0000000000000000        0xc i2c_edma_b2b_transfer_master THUMB Debug/system_MK64F12.o
 .group         0x0000000000000000        0xc i2c_edma_b2b_transfer_master THUMB Debug/system_MK64F12.o
 .group         0x0000000000000000        0xc i2c_edma_b2b_transfer_master THUMB Debug/system_MK64F12.o
[...]
Memory Configuration

Name             Origin             Length             Attributes
UNPLACED_SECTIONS 0x0000000100000000 0x0000000000000000 xw
PPB              0x00000000e0000000 0x0000000000100000 xw
PERIPHERALS      0x0000000040000000 0x0000000000100000 xw
SRAM_H           0x0000000020000000 0x0000000000030000 xw
SRAM_L           0x000000001fff0000 0x0000000000010000 xw
SRAM             0x000000001fff0000 0x0000000000040000 xw
FLASH_H          0x0000000000080000 0x0000000000080000 xw
FLASH_L          0x0000000000000000 0x0000000000080000 xw
FLASH            0x0000000000000000 0x0000000000100000 xr
*default*        0x0000000000000000 0xffffffffffffffff

Linker script and memory map

                0x0000000000000000                __vfprintf = __vfprintf_float_long_long
                0x0000000000000000                __vfscanf = __vfscanf_float_long_long_cc
                0x00000000e0000000                __PPB_segment_start__ = 0xe0000000
                0x00000000e0100000                __PPB_segment_end__ = 0xe0100000
                0x0000000000100000                __PPB_segment_size__ = 0x100000
                0x0000000040000000                __PERIPHERALS_segment_start__ = 0x40000000
                0x0000000040100000                __PERIPHERALS_segment_end__ = 0x40100000
                0x0000000000100000                __PERIPHERALS_segment_size__ = 0x100000
                0x0000000020000000                __SRAM_H_segment_start__ = 0x20000000
                0x0000000020030000                __SRAM_H_segment_end__ = 0x20030000
                0x0000000000030000                __SRAM_H_segment_size__ = 0x30000
                0x000000001fff0000                __SRAM_L_segment_start__ = 0x1fff0000
                0x0000000020000000                __SRAM_L_segment_end__ = 0x20000000
                0x0000000000010000                __SRAM_L_segment_size__ = 0x10000
                0x000000001fff0000                __SRAM_segment_start__ = 0x1fff0000
                0x0000000020030000                __SRAM_segment_end__ = 0x20030000
                0x0000000000040000                __SRAM_segment_size__ = 0x40000
                0x0000000000080000                __FLASH_H_segment_start__ = 0x80000
                0x0000000000100000                __FLASH_H_segment_end__ = 0x100000
                0x0000000000080000                __FLASH_H_segment_size__ = 0x80000
                0x0000000000000000                __FLASH_L_segment_start__ = 0x0
                0x0000000000080000                __FLASH_L_segment_end__ = 0x80000
                0x0000000000080000                __FLASH_L_segment_size__ = 0x80000
                0x0000000000000000                __FLASH_segment_start__ = 0x0
                0x0000000000100000                __FLASH_segment_end__ = 0x100000
                0x0000000000100000                __FLASH_segment_size__ = 0x100000
                0x0000000000000080                __HEAPSIZE__ = 0x80
                0x0000000000000000                __STACKSIZE_ABT__ = 0x0
                0x0000000000000000                __STACKSIZE_FIQ__ = 0x0
                0x0000000000000000                __STACKSIZE_IRQ__ = 0x0
                0x0000000000000000                __STACKSIZE_PROCESS__ = 0x0
                0x0000000000000000                __STACKSIZE_SVC__ = 0x0
                0x0000000000000000                __STACKSIZE_UND__ = 0x0
                0x0000000000000400                __STACKSIZE__ = 0x400
                0x000000001fff0000                __vectors_ram_load_start__ = ALIGN (__SRAM_segment_start__, 0x100)

.vectors_ram    0x000000001fff0000        0x0
                0x000000001fff0000                __vectors_ram_start__ = .
 *(.vectors_ram .vectors_ram.*)
                0x000000001fff0000                __vectors_ram_end__ = (__vectors_ram_start__ + SIZEOF (.vectors_ram))
                0x0000000000000000                __vectors_ram_size__ = SIZEOF (.vectors_ram)
                0x000000001fff0000                __vectors_ram_load_end__ = __vectors_ram_end__
                0x0000000000000001                . = ASSERT (((__vectors_ram_start__ == __vectors_ram_end__) || ((__vectors_ram_end__ - __SRAM_segment_start__) <= __SRAM_segment_size__)), error: .vectors_ram is too large to fit in SRAM memory segment)
                0x0000000000000000                __vectors_load_start__ = ALIGN (__FLASH_segment_start__, 0x100)

.vectors        0x0000000000000000      0x410
                0x0000000000000000                __vectors_start__ = .
 *(.vectors .vectors.*)
 .vectors       0x0000000000000000      0x410 i2c_edma_b2b_transfer_master THUMB Debug/Kinetis_Startup.o
                0x0000000000000000                _vectors
                0x0000000000000410                __vectors_end__ = (__vectors_start__ + SIZEOF (.vectors))
                0x0000000000000410                __vectors_size__ = SIZEOF (.vectors)
                0x0000000000000410                __vectors_load_end__ = __vectors_end__
                0x0000000000000001                . = ASSERT (((__vectors_start__ == __vectors_end__) || ((__vectors_end__ - __FLASH_segment_start__) <= __FLASH_segment_size__)), error: .vectors is too large to fit in FLASH memory segment)
                0x0000000000000410                __init_load_start__ = ALIGN (__vectors_end__, 0x4)

.init           0x0000000000000410      0x250
                0x0000000000000410                __init_start__ = .
 *(.init .init.*)
 .init          0x0000000000000410      0x154 i2c_edma_b2b_transfer_master THUMB Debug/thumb_crt0.o
                0x0000000000000410                _start
                0x00000000000004c0                exit
 .init          0x0000000000000564       0xfc i2c_edma_b2b_transfer_master THUMB Debug/Kinetis_Startup.o
                0x0000000000000564                NMI_Handler
                0x0000000000000566                HardFault_Handler
                0x0000000000000568                MemManage_Handler
                0x000000000000056a                BusFault_Handler
                0x000000000000056c                UsageFault_Handler
                0x000000000000056e                SVC_Handler
                0x0000000000000570                DebugMon_Handler
                0x0000000000000572                PendSV_Handler
                0x0000000000000574                SysTick_Handler
                0x0000000000000576                DMA0_IRQHandler
                0x0000000000000578                DMA1_IRQHandler
                0x000000000000057a                DMA2_IRQHandler
                0x000000000000057c                DMA3_IRQHandler
                0x000000000000057e                DMA4_IRQHandler
                0x0000000000000580                DMA5_IRQHandler
                0x0000000000000582                DMA6_IRQHandler
                0x0000000000000584                DMA7_IRQHandler
                0x0000000000000586                DMA8_IRQHandler
                0x0000000000000588                DMA9_IRQHandler
                0x000000000000058a                DMA10_IRQHandler
                0x000000000000058c                DMA11_IRQHandler
                0x000000000000058e                DMA12_IRQHandler
                0x0000000000000590                DMA13_IRQHandler
                0x0000000000000592                DMA14_IRQHandler
                0x0000000000000594                DMA15_IRQHandler
                0x0000000000000596                DMA_Error_IRQHandler
                0x0000000000000598                MCM_IRQHandler
                0x000000000000059a                FTFE_IRQHandler
                0x000000000000059c                Read_Collision_IRQHandler
                0x000000000000059e                LVD_LVW_IRQHandler
                0x00000000000005a0                LLW_IRQHandler
                0x00000000000005a2                Watchdog_IRQHandler
                0x00000000000005a4                RNG_IRQHandler
                0x00000000000005a6                I2C0_IRQHandler
                0x00000000000005a8                I2C1_IRQHandler
                0x00000000000005aa                SPI0_IRQHandler
                0x00000000000005ac                SPI1_IRQHandler
                0x00000000000005ae                I2S0_Tx_IRQHandler
                0x00000000000005b0                I2S0_Rx_IRQHandler
                0x00000000000005b2                UART0_LON_IRQHandler
                0x00000000000005b4                UART0_RX_TX_IRQHandler
                0x00000000000005b6                UART0_ERR_IRQHandler
                0x00000000000005b8                UART1_RX_TX_IRQHandler
                0x00000000000005ba                UART1_ERR_IRQHandler
                0x00000000000005bc                UART2_RX_TX_IRQHandler
                0x00000000000005be                UART2_ERR_IRQHandler
                0x00000000000005c0                UART3_RX_TX_IRQHandler
                0x00000000000005c2                UART3_ERR_IRQHandler
                0x00000000000005c4                ADC0_IRQHandler
                0x00000000000005c6                CMP0_IRQHandler
                0x00000000000005c8                CMP1_IRQHandler
                0x00000000000005ca                FTM0_IRQHandler
                0x00000000000005cc                FTM1_IRQHandler
                0x00000000000005ce                FTM2_IRQHandler
                0x00000000000005d0                CMT_IRQHandler
                0x00000000000005d2                RTC_IRQHandler
                0x00000000000005d4                RTC_Seconds_IRQHandler
                0x00000000000005d6                PIT0_IRQHandler
                0x00000000000005d8                PIT1_IRQHandler
                0x00000000000005da                PIT2_IRQHandler
                0x00000000000005dc                PIT3_IRQHandler
                0x00000000000005de                PDB0_IRQHandler
                0x00000000000005e0                USB0_IRQHandler
                0x00000000000005e2                USBDCD_IRQHandler
                0x00000000000005e4                DAC0_IRQHandler
                0x00000000000005e6                MCG_IRQHandler
                0x00000000000005e8                LPTimer_IRQHandler
                0x00000000000005ea                PORTA_IRQHandler
                0x00000000000005ec                PORTB_IRQHandler
                0x00000000000005ee                PORTC_IRQHandler
                0x00000000000005f0                PORTD_IRQHandler
                0x00000000000005f2                PORTE_IRQHandler
                0x00000000000005f4                SWI_IRQHandler
                0x00000000000005f6                SPI2_IRQHandler
                0x00000000000005f8                UART4_RX_TX_IRQHandler
                0x00000000000005fa                UART4_ERR_IRQHandler
                0x00000000000005fc                UART5_RX_TX_IRQHandler
                0x00000000000005fe                UART5_ERR_IRQHandler
                0x0000000000000600                CMP2_IRQHandler
                0x0000000000000602                FTM3_IRQHandler
                0x0000000000000604                DAC1_IRQHandler
                0x0000000000000606                ADC1_IRQHandler
                0x0000000000000608                I2C2_IRQHandler
                0x000000000000060a                CAN0_ORed_Message_buffer_IRQHandler
                0x000000000000060c                CAN0_Bus_Off_IRQHandler
                0x000000000000060e                CAN0_Error_IRQHandler
                0x0000000000000610                CAN0_Tx_Warning_IRQHandler
                0x0000000000000612                CAN0_Rx_Warning_IRQHandler
                0x0000000000000614                CAN0_Wake_Up_IRQHandler
                0x0000000000000616                SDHC_IRQHandler
                0x0000000000000618                ENET_1588_Timer_IRQHandler
                0x000000000000061a                ENET_Transmit_IRQHandler
                0x000000000000061c                ENET_Receive_IRQHandler
                0x000000000000061e                ENET_Error_IRQHandler
                0x0000000000000620                reset_handler
                0x0000000000000660                __init_end__ = (__init_start__ + SIZEOF (.init))
                0x0000000000000250                __init_size__ = SIZEOF (.init)
                0x0000000000000660                __init_load_end__ = __init_end__
                0x0000000000000001                . = ASSERT (((__init_start__ == __init_end__) || ((__init_end__ - __FLASH_segment_start__) <= __FLASH_segment_size__)), error: .init is too large to fit in FLASH memory segment)
                0x0000000000000660                __init_rodata_load_start__ = ALIGN (__init_end__, 0x4)

.init_rodata    0x0000000000000660        0x0
                0x0000000000000660                __init_rodata_start__ = .
 *(.init_rodata .init_rodata.*)
                0x0000000000000660                __init_rodata_end__ = (__init_rodata_start__ + SIZEOF (.init_rodata))
                0x0000000000000000                __init_rodata_size__ = SIZEOF (.init_rodata)
                0x0000000000000660                __init_rodata_load_end__ = __init_rodata_end__
                0x0000000000000001                . = ASSERT (((__init_rodata_start__ == __init_rodata_end__) || ((__init_rodata_end__ - __FLASH_segment_start__) <= __FLASH_segment_size__)), error: .init_rodata is too large to fit in FLASH memory segment)
                0x0000000000000660                __text_load_start__ = ALIGN (__init_rodata_end__, 0x4)

.text           0x0000000000000660     0x2922
                0x0000000000000660                __text_start__ = .
 *(.text .text.* .glue_7t .glue_7 .gnu.linkonce.t.* .gcc_except_table .ARM.extab* .gnu.linkonce.armextab.*)
 .glue_7        0x0000000000000660        0x0 linker stubs
 .glue_7t       0x0000000000000660        0x0 linker stubs
 .text.SystemInit
                0x0000000000000660       0x28 i2c_edma_b2b_transfer_master THUMB Debug/system_MK64F12.o
                0x0000000000000660                SystemInit
 .text.SystemInitHook
                0x0000000000000688        0x4 i2c_edma_b2b_transfer_master THUMB Debug/system_MK64F12.o
                0x0000000000000688                SystemInitHook
 .text.DMAMUX_EnableChannel
                0x000000000000068c       0x26 i2c_edma_b2b_transfer_master THUMB Debug/i2c_edma_b2b_transfer_master.o
 .text.DMAMUX_SetSource
                0x00000000000006b2       0x36 i2c_edma_b2b_transfer_master THUMB Debug/i2c_edma_b2b_transfer_master.o
 .text.i2c_master_callback
                0x00000000000006e8       0x20 i2c_edma_b2b_transfer_master THUMB Debug/i2c_edma_b2b_transfer_master.o
 .text.main     0x0000000000000708      0x258 i2c_edma_b2b_transfer_master THUMB Debug/i2c_edma_b2b_transfer_master.o
                0x0000000000000708                main
 .text.CLOCK_EnableClock
                0x0000000000000960       0x2a i2c_edma_b2b_transfer_master THUMB Debug/pin_mux.o
 .text.PORT_SetPinConfig
                0x000000000000098a       0x20 i2c_edma_b2b_transfer_master THUMB Debug/pin_mux.o
 .text.PORT_SetPinMux
                0x00000000000009aa       0x34 i2c_edma_b2b_transfer_master THUMB Debug/pin_mux.o
 *fill*         0x00000000000009de        0x2 
 .text.BOARD_InitPins
                0x00000000000009e0       0xc8 i2c_edma_b2b_transfer_master THUMB Debug/pin_mux.o
                0x00000000000009e0                BOARD_InitPins
 .text.BOARD_InitDebugConsole
                0x0000000000000aa8       0x20 i2c_edma_b2b_transfer_master THUMB Debug/board.o
                0x0000000000000aa8                BOARD_InitDebugConsole
 .text.CLOCK_SetSimSafeDivs
                0x0000000000000ac8       0x18 i2c_edma_b2b_transfer_master THUMB Debug/clock_config.o
 .text.CLOCK_SetXtal0Freq
                0x0000000000000ae0       0x14 i2c_edma_b2b_transfer_master THUMB Debug/clock_config.o
 .text.CLOCK_CONFIG_SetFllExtRefDiv
                0x0000000000000af4       0x34 i2c_edma_b2b_transfer_master THUMB Debug/clock_config.o
 .text.BOARD_BootClockRUN
                0x0000000000000b28       0x5c i2c_edma_b2b_transfer_master THUMB Debug/clock_config.o
                0x0000000000000b28                BOARD_BootClockRUN
 .text.__NVIC_EnableIRQ
                0x0000000000000b84       0x34 i2c_edma_b2b_transfer_master THUMB Debug/fsl_edma.o
 .text.CLOCK_EnableClock
                0x0000000000000bb8       0x2a i2c_edma_b2b_transfer_master THUMB Debug/fsl_edma.o
 .text.EnableIRQ
                0x0000000000000be2       0x2c i2c_edma_b2b_transfer_master THUMB Debug/fsl_edma.o
 .text.DisableGlobalIRQ
                0x0000000000000c0e       0x16 i2c_edma_b2b_transfer_master THUMB Debug/fsl_edma.o
 .text.EnableGlobalIRQ
                0x0000000000000c24       0x14 i2c_edma_b2b_transfer_master THUMB Debug/fsl_edma.o
 .text.EDMA_GetInstance
                0x0000000000000c38       0x30 i2c_edma_b2b_transfer_master THUMB Debug/fsl_edma.o
 .text.EDMA_InstallTCD
                0x0000000000000c68      0x10c i2c_edma_b2b_transfer_master THUMB Debug/fsl_edma.o
                0x0000000000000c68                EDMA_InstallTCD
 .text.EDMA_Init
                0x0000000000000d74       0x84 i2c_edma_b2b_transfer_master THUMB Debug/fsl_edma.o
                0x0000000000000d74                EDMA_Init
 .text.EDMA_GetDefaultConfig
                0x0000000000000df8       0x30 i2c_edma_b2b_transfer_master THUMB Debug/fsl_edma.o
                0x0000000000000df8                EDMA_GetDefaultConfig
 .text.EDMA_SetTransferConfig
                0x0000000000000e28       0x28 i2c_edma_b2b_transfer_master THUMB Debug/fsl_edma.o
                0x0000000000000e28                EDMA_SetTransferConfig
 .text.EDMA_TcdReset
                0x0000000000000e50       0x4c i2c_edma_b2b_transfer_master THUMB Debug/fsl_edma.o
                0x0000000000000e50                EDMA_TcdReset
 .text.EDMA_TcdSetTransferConfig
                0x0000000000000e9c       0x98 i2c_edma_b2b_transfer_master THUMB Debug/fsl_edma.o
                0x0000000000000e9c                EDMA_TcdSetTransferConfig
 .text.EDMA_GetInstanceOffset
                0x0000000000000f34       0x30 i2c_edma_b2b_transfer_master THUMB Debug/fsl_edma.o
 .text.EDMA_CreateHandle
                0x0000000000000f64       0xbc i2c_edma_b2b_transfer_master THUMB Debug/fsl_edma.o
                0x0000000000000f64                EDMA_CreateHandle
 .text.EDMA_SetCallback
                0x0000000000001020       0x1a i2c_edma_b2b_transfer_master THUMB Debug/fsl_edma.o
                0x0000000000001020                EDMA_SetCallback
 .text.EDMA_SubmitTransfer
                0x000000000000103a      0x2c6 i2c_edma_b2b_transfer_master THUMB Debug/fsl_edma.o
                0x000000000000103a                EDMA_SubmitTransfer
 .text.EDMA_StartTransfer
                0x0000000000001300       0x9e i2c_edma_b2b_transfer_master THUMB Debug/fsl_edma.o
                0x0000000000001300                EDMA_StartTransfer
 .text.CLOCK_EnableClock
                0x000000000000139e       0x2a i2c_edma_b2b_transfer_master THUMB Debug/fsl_dmamux.o
 .text.DMAMUX_GetInstance
                0x00000000000013c8       0x30 i2c_edma_b2b_transfer_master THUMB Debug/fsl_dmamux.o
 .text.DMAMUX_Init
                0x00000000000013f8       0x20 i2c_edma_b2b_transfer_master THUMB Debug/fsl_dmamux.o
                0x00000000000013f8                DMAMUX_Init
 .text.CLOCK_EnableClock
                0x0000000000001418       0x2a i2c_edma_b2b_transfer_master THUMB Debug/fsl_i2c.o
 .text.I2C_MasterClearStatusFlags
                0x0000000000001442       0x50 i2c_edma_b2b_transfer_master THUMB Debug/fsl_i2c.o
 *fill*         0x0000000000001492        0x2 
 .text.I2C_GetInstance
                0x0000000000001494       0x34 i2c_edma_b2b_transfer_master THUMB Debug/fsl_i2c.o
                0x0000000000001494                I2C_GetInstance
 .text.I2C_MasterInit
                0x00000000000014c8       0xd8 i2c_edma_b2b_transfer_master THUMB Debug/fsl_i2c.o
                0x00000000000014c8                I2C_MasterInit
 .text.I2C_MasterGetDefaultConfig
                0x00000000000015a0       0x34 i2c_edma_b2b_transfer_master THUMB Debug/fsl_i2c.o
                0x00000000000015a0                I2C_MasterGetDefaultConfig
 .text.I2C_MasterSetBaudRate
                0x00000000000015d4       0xdc i2c_edma_b2b_transfer_master THUMB Debug/fsl_i2c.o
                0x00000000000015d4                I2C_MasterSetBaudRate
 .text.I2C_MasterStart
                0x00000000000016b0       0x68 i2c_edma_b2b_transfer_master THUMB Debug/fsl_i2c.o
                0x00000000000016b0                I2C_MasterStart
 .text.I2C_MasterRepeatedStart
                0x0000000000001718       0xac i2c_edma_b2b_transfer_master THUMB Debug/fsl_i2c.o
                0x0000000000001718                I2C_MasterRepeatedStart
 .text.I2C_MasterStop
                0x00000000000017c4       0x30 i2c_edma_b2b_transfer_master THUMB Debug/fsl_i2c.o
                0x00000000000017c4                I2C_MasterStop
 .text.I2C_MasterGetStatusFlags
                0x00000000000017f4       0x40 i2c_edma_b2b_transfer_master THUMB Debug/fsl_i2c.o
                0x00000000000017f4                I2C_MasterGetStatusFlags
 .text.I2C_MasterClearStatusFlags
                0x0000000000001834       0x50 i2c_edma_b2b_transfer_master THUMB Debug/fsl_i2c_edma.o
 .text.I2C_EnableDMA
                0x0000000000001884       0x3a i2c_edma_b2b_transfer_master THUMB Debug/fsl_i2c_edma.o
 .text.I2C_GetDataRegAddr
                0x00000000000018be        0xe i2c_edma_b2b_transfer_master THUMB Debug/fsl_i2c_edma.o
 .text.I2C_MasterTransferCallbackEDMA
                0x00000000000018cc      0x146 i2c_edma_b2b_transfer_master THUMB Debug/fsl_i2c_edma.o
 .text.I2C_CheckAndClearError
                0x0000000000001a12       0x3a i2c_edma_b2b_transfer_master THUMB Debug/fsl_i2c_edma.o
 .text.I2C_InitTransferStateMachineEDMA
                0x0000000000001a4c      0x1d0 i2c_edma_b2b_transfer_master THUMB Debug/fsl_i2c_edma.o
 .text.I2C_MasterTransferEDMAConfig
                0x0000000000001c1c       0xb4 i2c_edma_b2b_transfer_master THUMB Debug/fsl_i2c_edma.o
 .text.I2C_MasterCreateEDMAHandle
                0x0000000000001cd0       0x68 i2c_edma_b2b_transfer_master THUMB Debug/fsl_i2c_edma.o
                0x0000000000001cd0                I2C_MasterCreateEDMAHandle
 .text.I2C_MasterTransferEDMA
                0x0000000000001d38      0x15a i2c_edma_b2b_transfer_master THUMB Debug/fsl_i2c_edma.o
                0x0000000000001d38                I2C_MasterTransferEDMA
 *fill*         0x0000000000001e92        0x2 
 .text.CLOCK_SetEr32kClock
                0x0000000000001e94       0x24 i2c_edma_b2b_transfer_master THUMB Debug/fsl_clock.o
 .text.CLOCK_SetPllFllSelClock
                0x0000000000001eb8       0x30 i2c_edma_b2b_transfer_master THUMB Debug/fsl_clock.o
 .text.OSC_SetExtRefClkConfig
                0x0000000000001ee8       0x36 i2c_edma_b2b_transfer_master THUMB Debug/fsl_clock.o
 .text.OSC_SetCapLoad
                0x0000000000001f1e       0x3a i2c_edma_b2b_transfer_master THUMB Debug/fsl_clock.o
 .text.CLOCK_GetMcgExtClkFreq
                0x0000000000001f58       0x50 i2c_edma_b2b_transfer_master THUMB Debug/fsl_clock.o
 .text.CLOCK_GetFllExtRefClkFreq
                0x0000000000001fa8       0xd4 i2c_edma_b2b_transfer_master THUMB Debug/fsl_clock.o
 .text.CLOCK_GetInternalRefClkSelectFreq
                0x000000000000207c       0x44 i2c_edma_b2b_transfer_master THUMB Debug/fsl_clock.o
 .text.CLOCK_GetFllRefClkFreq
                0x00000000000020c0       0x34 i2c_edma_b2b_transfer_master THUMB Debug/fsl_clock.o
 .text.CLOCK_GetPll0RefFreq
                0x00000000000020f4        0xc i2c_edma_b2b_transfer_master THUMB Debug/fsl_clock.o
 .text.CLOCK_GetOscRangeFromFreq
                0x0000000000002100       0x3c i2c_edma_b2b_transfer_master THUMB Debug/fsl_clock.o
 .text.CLOCK_GetOsc0ErClkFreq
                0x000000000000213c       0x2c i2c_edma_b2b_transfer_master THUMB Debug/fsl_clock.o
                0x000000000000213c                CLOCK_GetOsc0ErClkFreq
 .text.CLOCK_GetEr32kClkFreq
                0x0000000000002168       0x5c i2c_edma_b2b_transfer_master THUMB Debug/fsl_clock.o
                0x0000000000002168                CLOCK_GetEr32kClkFreq
 .text.CLOCK_GetPllFllSelClkFreq
                0x00000000000021c4       0x50 i2c_edma_b2b_transfer_master THUMB Debug/fsl_clock.o
                0x00000000000021c4                CLOCK_GetPllFllSelClkFreq
 .text.CLOCK_GetCoreSysClkFreq
                0x0000000000002214       0x28 i2c_edma_b2b_transfer_master THUMB Debug/fsl_clock.o
                0x0000000000002214                CLOCK_GetCoreSysClkFreq
 .text.CLOCK_GetFreq
                0x000000000000223c      0x14c i2c_edma_b2b_transfer_master THUMB Debug/fsl_clock.o
                0x000000000000223c                CLOCK_GetFreq
 .text.CLOCK_SetSimConfig
                0x0000000000002388       0x34 i2c_edma_b2b_transfer_master THUMB Debug/fsl_clock.o
                0x0000000000002388                CLOCK_SetSimConfig
 .text.CLOCK_GetOutClkFreq
                0x00000000000023bc       0x64 i2c_edma_b2b_transfer_master THUMB Debug/fsl_clock.o
                0x00000000000023bc                CLOCK_GetOutClkFreq
 .text.CLOCK_GetFllFreq
                0x0000000000002420       0x8c i2c_edma_b2b_transfer_master THUMB Debug/fsl_clock.o
                0x0000000000002420                CLOCK_GetFllFreq
 .text.CLOCK_GetInternalRefClkFreq
                0x00000000000024ac       0x2c i2c_edma_b2b_transfer_master THUMB Debug/fsl_clock.o
                0x00000000000024ac                CLOCK_GetInternalRefClkFreq
 .text.CLOCK_GetFixedFreqClkFreq
                0x00000000000024d8       0x32 i2c_edma_b2b_transfer_master THUMB Debug/fsl_clock.o
                0x00000000000024d8                CLOCK_GetFixedFreqClkFreq
 *fill*         0x000000000000250a        0x2 
 .text.CLOCK_GetPll0Freq
                0x000000000000250c       0x6c i2c_edma_b2b_transfer_master THUMB Debug/fsl_clock.o
                0x000000000000250c                CLOCK_GetPll0Freq
 .text.CLOCK_SetExternalRefClkConfig
                0x0000000000002578       0x70 i2c_edma_b2b_transfer_master THUMB Debug/fsl_clock.o
                0x0000000000002578                CLOCK_SetExternalRefClkConfig
 .text.CLOCK_SetInternalRefClkConfig
                0x00000000000025e8      0x114 i2c_edma_b2b_transfer_master THUMB Debug/fsl_clock.o
                0x00000000000025e8                CLOCK_SetInternalRefClkConfig
 .text.CLOCK_EnablePll0
                0x00000000000026fc       0x78 i2c_edma_b2b_transfer_master THUMB Debug/fsl_clock.o
                0x00000000000026fc                CLOCK_EnablePll0
 .text.CLOCK_InitOsc0
                0x0000000000002774       0x8c i2c_edma_b2b_transfer_master THUMB Debug/fsl_clock.o
                0x0000000000002774                CLOCK_InitOsc0
 .text.CLOCK_SetPbeMode
                0x0000000000002800       0x98 i2c_edma_b2b_transfer_master THUMB Debug/fsl_clock.o
                0x0000000000002800                CLOCK_SetPbeMode
 .text.CLOCK_BootToPeeMode
                0x0000000000002898       0x58 i2c_edma_b2b_transfer_master THUMB Debug/fsl_clock.o
                0x0000000000002898                CLOCK_BootToPeeMode
 .text.DbgConsole_SendDataReliable
                0x00000000000028f0       0x48 i2c_edma_b2b_transfer_master THUMB Debug/fsl_debug_console.o
                0x00000000000028f0                DbgConsole_SendDataReliable
 .text.DbgConsole_PrintCallback
                0x0000000000002938       0x66 i2c_edma_b2b_transfer_master THUMB Debug/fsl_debug_console.o
 .text.DbgConsole_Init
                0x000000000000299e       0x58 i2c_edma_b2b_transfer_master THUMB Debug/fsl_debug_console.o
                0x000000000000299e                DbgConsole_Init
 *fill*         0x00000000000029f6        0x2 
 .text.DbgConsole_Printf
                0x00000000000029f8       0x5c i2c_edma_b2b_transfer_master THUMB Debug/fsl_debug_console.o
                0x00000000000029f8                DbgConsole_Printf
 .text.ConvertRadixNumToString
                0x0000000000002a54      0x10a i2c_edma_b2b_transfer_master THUMB Debug/fsl_str.o
 .text.StrFormatPrintf
                0x0000000000002b5e      0x2e8 i2c_edma_b2b_transfer_master THUMB Debug/fsl_str.o
                0x0000000000002b5e                StrFormatPrintf
 .text.SerialManager_StartWriting
                0x0000000000002e46       0x2e i2c_edma_b2b_transfer_master THUMB Debug/serial_manager.o
 .text.SerialManager_Write
                0x0000000000002e74       0x2a i2c_edma_b2b_transfer_master THUMB Debug/serial_manager.o
 .text.SerialManager_WriteBlocking
                0x0000000000002e9e       0x1e i2c_edma_b2b_transfer_master THUMB Debug/serial_manager.o
                0x0000000000002e9e                SerialManager_WriteBlocking
 .text.libc.memset
                0x0000000000002ebc       0x66 C:/Program Files/Rowley CrossWorks for ARM 4.5/lib/libc_v7em_t_le_eabi.a(libc2_asm.o)
                0x0000000000002ebc                memset
 .text.libc.strlen
                0x0000000000002f22       0x60 C:/Program Files/Rowley CrossWorks for ARM 4.5/lib/libc_v7em_t_le_eabi.a(libc2_asm.o)
                0x0000000000002f22                strlen
                0x0000000000002f82                __text_end__ = (__text_start__ + SIZEOF (.text))
                0x0000000000002922                __text_size__ = SIZEOF (.text)
                0x0000000000002f82                __text_load_end__ = __text_end__

.vfp11_veneer   0x0000000100000000        0x0
 .vfp11_veneer  0x0000000100000000        0x0 linker stubs

.v4_bx          0x0000000100000000        0x0
 .v4_bx         0x0000000100000000        0x0 linker stubs

.iplt           0x0000000100000000        0x0
 .iplt          0x0000000100000000        0x0 i2c_edma_b2b_transfer_master THUMB Debug/thumb_crt0.o
                0x0000000000000001                . = ASSERT (((__text_start__ == __text_end__) || ((__text_end__ - __FLASH_segment_start__) <= __FLASH_segment_size__)), error: .text is too large to fit in FLASH memory segment)
                0x0000000000002f84                __dtors_load_start__ = ALIGN (__text_end__, 0x4)

.dtors          0x0000000000002f84        0x0
                0x0000000000002f84                __dtors_start__ = .
 *(SORT_BY_NAME(.dtors.*))
 *(.dtors)
 *(.fini_array)
 *(SORT_BY_NAME(.fini_array.*))
                0x0000000000002f84                __dtors_end__ = (__dtors_start__ + SIZEOF (.dtors))
                0x0000000000000000                __dtors_size__ = SIZEOF (.dtors)
                0x0000000000002f84                __dtors_load_end__ = __dtors_end__
                0x0000000000000001                . = ASSERT (((__dtors_start__ == __dtors_end__) || ((__dtors_end__ - __FLASH_segment_start__) <= __FLASH_segment_size__)), error: .dtors is too large to fit in FLASH memory segment)
                0x0000000000002f84                __ctors_load_start__ = ALIGN (__dtors_end__, 0x4)

.ctors          0x0000000000002f84        0x0
                0x0000000000002f84                __ctors_start__ = .
 *(SORT_BY_NAME(.ctors.*))
 *(.ctors)
 *(.init_array)
 *(SORT_BY_NAME(.init_array.*))
                0x0000000000002f84                __ctors_end__ = (__ctors_start__ + SIZEOF (.ctors))
                0x0000000000000000                __ctors_size__ = SIZEOF (.ctors)
                0x0000000000002f84                __ctors_load_end__ = __ctors_end__
                0x0000000000000001                . = ASSERT (((__ctors_start__ == __ctors_end__) || ((__ctors_end__ - __FLASH_segment_start__) <= __FLASH_segment_size__)), error: .ctors is too large to fit in FLASH memory segment)
                0x0000000000002f84                __rodata_load_start__ = ALIGN (__ctors_end__, 0x4)

.rodata         0x0000000000002f84      0x19c
                0x0000000000002f84                __rodata_start__ = .
 *(.rodata .rodata.* .gnu.linkonce.r.*)
 .rodata        0x0000000000002f84       0xc5 i2c_edma_b2b_transfer_master THUMB Debug/i2c_edma_b2b_transfer_master.o
 *fill*         0x0000000000003049        0x3 
 .rodata.mcgConfig_BOARD_BootClockRUN
                0x000000000000304c        0xb i2c_edma_b2b_transfer_master THUMB Debug/clock_config.o
                0x000000000000304c                mcgConfig_BOARD_BootClockRUN
 *fill*         0x0000000000003057        0x1 
 .rodata.simConfig_BOARD_BootClockRUN
                0x0000000000003058        0x8 i2c_edma_b2b_transfer_master THUMB Debug/clock_config.o
                0x0000000000003058                simConfig_BOARD_BootClockRUN
 .rodata.oscConfig_BOARD_BootClockRUN
                0x0000000000003060        0x8 i2c_edma_b2b_transfer_master THUMB Debug/clock_config.o
                0x0000000000003060                oscConfig_BOARD_BootClockRUN
 .rodata.s_edmaIRQNumber
                0x0000000000003068       0x10 i2c_edma_b2b_transfer_master THUMB Debug/fsl_edma.o
 .rodata.s_i2cDividerTable
                0x0000000000003078       0x80 i2c_edma_b2b_transfer_master THUMB Debug/fsl_i2c.o
 .rodata.s_i2cClocks
                0x00000000000030f8        0xc i2c_edma_b2b_transfer_master THUMB Debug/fsl_i2c.o
 .rodata.s_i2cBases
                0x0000000000003104        0xc i2c_edma_b2b_transfer_master THUMB Debug/fsl_i2c.o
 .rodata.fllFactorTable.6712
                0x0000000000003110       0x10 i2c_edma_b2b_transfer_master THUMB Debug/fsl_clock.o
                0x0000000000003120                __rodata_end__ = (__rodata_start__ + SIZEOF (.rodata))
                0x000000000000019c                __rodata_size__ = SIZEOF (.rodata)
                0x0000000000003120                __rodata_load_end__ = __rodata_end__

.rel.dyn        0x0000000000000000        0x0
 .rel.iplt      0x0000000000000000        0x0 i2c_edma_b2b_transfer_master THUMB Debug/thumb_crt0.o
                0x0000000000000001                . = ASSERT (((__rodata_start__ == __rodata_end__) || ((__rodata_end__ - __FLASH_segment_start__) <= __FLASH_segment_size__)), error: .rodata is too large to fit in FLASH memory segment)
                0x0000000000003120                __ARM.exidx_load_start__ = ALIGN (__rodata_end__, 0x4)

.ARM.exidx      0x0000000000003120        0x0
                0x0000000000003120                __ARM.exidx_start__ = .
                0x0000000000003120                __exidx_start = __ARM.exidx_start__
 *(.ARM.exidx .ARM.exidx.*)
                0x0000000000003120                __ARM.exidx_end__ = (__ARM.exidx_start__ + SIZEOF (.ARM.exidx))
                0x0000000000000000                __ARM.exidx_size__ = SIZEOF (.ARM.exidx)
                0x0000000000003120                __exidx_end = __ARM.exidx_end__
                0x0000000000003120                __ARM.exidx_load_end__ = __ARM.exidx_end__
                0x0000000000000001                . = ASSERT (((__ARM.exidx_start__ == __ARM.exidx_end__) || ((__ARM.exidx_end__ - __FLASH_segment_start__) <= __FLASH_segment_size__)), error: .ARM.exidx is too large to fit in FLASH memory segment)
                0x0000000000003120                __fast_load_start__ = ALIGN (__ARM.exidx_end__, 0x4)

.fast           0x000000001fff0000        0x0 load address 0x0000000000003120
                0x000000001fff0000                __fast_start__ = .
 *(.fast .fast.*)
                0x000000001fff0000                __fast_end__ = (__fast_start__ + SIZEOF (.fast))
                0x0000000000000000                __fast_size__ = SIZEOF (.fast)
                0x0000000000003120                __fast_load_end__ = (__fast_load_start__ + SIZEOF (.fast))
                0x0000000000000001                . = ASSERT (((__fast_load_start__ == __fast_load_end__) || ((__fast_load_end__ - __FLASH_segment_start__) <= __FLASH_segment_size__)), error: .fast is too large to fit in FLASH memory segment)

.fast_run       0x000000001fff0000        0x0
                0x000000001fff0000                __fast_run_start__ = .
                0x000000001fff0000                . = MAX ((__fast_run_start__ + SIZEOF (.fast)), .)
                0x000000001fff0000                __fast_run_end__ = (__fast_run_start__ + SIZEOF (.fast_run))
                0x0000000000000000                __fast_run_size__ = SIZEOF (.fast_run)
                0x000000001fff0000                __fast_run_load_end__ = __fast_run_end__
                0x0000000000000001                . = ASSERT (((__fast_run_start__ == __fast_run_end__) || ((__fast_run_end__ - __SRAM_segment_start__) <= __SRAM_segment_size__)), error: .fast_run is too large to fit in SRAM memory segment)
                0x0000000000003120                __data_load_start__ = ALIGN ((__fast_load_start__ + SIZEOF (.fast)), 0x4)

.data           0x000000001fff0000        0xc load address 0x0000000000003120
                0x000000001fff0000                __data_start__ = .
 *(.data .data.* .gnu.linkonce.d.*)
 .data.SystemCoreClock
                0x000000001fff0000        0x4 i2c_edma_b2b_transfer_master THUMB Debug/system_MK64F12.o
                0x000000001fff0000                SystemCoreClock
 .data.s_slowIrcFreq
                0x000000001fff0004        0x4 i2c_edma_b2b_transfer_master THUMB Debug/fsl_clock.o
 .data.s_fastIrcFreq
                0x000000001fff0008        0x4 i2c_edma_b2b_transfer_master THUMB Debug/fsl_clock.o
                0x000000001fff000c                __data_end__ = (__data_start__ + SIZEOF (.data))
                0x000000000000000c                __data_size__ = SIZEOF (.data)
                0x000000000000312c                __data_load_end__ = (__data_load_start__ + SIZEOF (.data))

.igot.plt       0x0000000100000000        0x0
 .igot.plt      0x0000000100000000        0x0 i2c_edma_b2b_transfer_master THUMB Debug/thumb_crt0.o
                0x0000000000000001                . = ASSERT (((__data_load_start__ == __data_load_end__) || ((__data_load_end__ - __FLASH_segment_start__) <= __FLASH_segment_size__)), error: .data is too large to fit in FLASH memory segment)

.data_run       0x000000001fff0000        0xc load address 0x0000000000003120
                0x000000001fff0000                __data_run_start__ = .
                0x000000001fff000c                . = MAX ((__data_run_start__ + SIZEOF (.data)), .)
 *fill*         0x000000001fff0000        0xc 
                0x000000001fff000c                __data_run_end__ = (__data_run_start__ + SIZEOF (.data_run))
                0x000000000000000c                __data_run_size__ = SIZEOF (.data_run)
                0x000000001fff000c                __data_run_load_end__ = __data_run_end__
                0x0000000000000001                . = ASSERT (((__data_run_start__ == __data_run_end__) || ((__data_run_end__ - __SRAM_segment_start__) <= __SRAM_segment_size__)), error: .data_run is too large to fit in SRAM memory segment)
                0x000000001fff000c                __bss_load_start__ = ALIGN (__data_run_end__, 0x4)

.bss            0x000000001fff000c      0x110
                0x000000001fff000c                __bss_start__ = .
 *(.bss .bss.* .gnu.linkonce.b.*)
 .bss.g_master_txBuff
                0x000000001fff000c       0x21 i2c_edma_b2b_transfer_master THUMB Debug/i2c_edma_b2b_transfer_master.o
                0x000000001fff000c                g_master_txBuff
 *fill*         0x000000001fff002d        0x3 
 .bss.g_master_rxBuff
                0x000000001fff0030       0x21 i2c_edma_b2b_transfer_master THUMB Debug/i2c_edma_b2b_transfer_master.o
                0x000000001fff0030                g_master_rxBuff
 *fill*         0x000000001fff0051        0x3 
 .bss.g_m_dma_handle
                0x000000001fff0054       0x2c i2c_edma_b2b_transfer_master THUMB Debug/i2c_edma_b2b_transfer_master.o
                0x000000001fff0054                g_m_dma_handle
 .bss.edmaHandle
                0x000000001fff0080       0x18 i2c_edma_b2b_transfer_master THUMB Debug/i2c_edma_b2b_transfer_master.o
                0x000000001fff0080                edmaHandle
 .bss.g_MasterCompletionFlag
                0x000000001fff0098        0x1 i2c_edma_b2b_transfer_master THUMB Debug/i2c_edma_b2b_transfer_master.o
                0x000000001fff0098                g_MasterCompletionFlag
 *fill*         0x000000001fff0099        0x3 
 .bss.s_EDMAHandle
                0x000000001fff009c       0x40 i2c_edma_b2b_transfer_master THUMB Debug/fsl_edma.o
 .bss.startInstanceNum.6986
                0x000000001fff00dc        0x1 i2c_edma_b2b_transfer_master THUMB Debug/fsl_edma.o
 *fill*         0x000000001fff00dd        0x3 
 .bss.s_i2cEdmaPrivateHandle
                0x000000001fff00e0       0x18 i2c_edma_b2b_transfer_master THUMB Debug/fsl_i2c_edma.o
 .bss.g_xtal0Freq
                0x000000001fff00f8        0x4 i2c_edma_b2b_transfer_master THUMB Debug/fsl_clock.o
                0x000000001fff00f8                g_xtal0Freq
 .bss.g_xtal32Freq
                0x000000001fff00fc        0x4 i2c_edma_b2b_transfer_master THUMB Debug/fsl_clock.o
                0x000000001fff00fc                g_xtal32Freq
 .bss.s_debugConsoleState
                0x000000001fff0100       0x18 i2c_edma_b2b_transfer_master THUMB Debug/fsl_debug_console.o
 .bss.g_serialHandle
                0x000000001fff0118        0x4 i2c_edma_b2b_transfer_master THUMB Debug/fsl_debug_console.o
                0x000000001fff0118                g_serialHandle
 *(COMMON)
                0x000000001fff011c                __bss_end__ = (__bss_start__ + SIZEOF (.bss))
                0x0000000000000110                __bss_size__ = SIZEOF (.bss)
                0x000000001fff011c                __bss_load_end__ = __bss_end__
                0x0000000000000001                . = ASSERT (((__bss_start__ == __bss_end__) || ((__bss_end__ - __SRAM_segment_start__) <= __SRAM_segment_size__)), error: .bss is too large to fit in SRAM memory segment)
                0x000000001fff011c                __tbss_load_start__ = ALIGN (__bss_end__, 0x4)

.tbss           0x000000001fff011c        0x0
                0x000000001fff011c                __tbss_start__ = .
 *(.tbss .tbss.*)
                0x000000001fff011c                __tbss_end__ = (__tbss_start__ + SIZEOF (.tbss))
                0x0000000000000000                __tbss_size__ = SIZEOF (.tbss)
                0x000000001fff011c                __tbss_load_end__ = __tbss_end__
                0x0000000000000001                . = ASSERT (((__tbss_start__ == __tbss_end__) || ((__tbss_end__ - __SRAM_segment_start__) <= __SRAM_segment_size__)), error: .tbss is too large to fit in SRAM memory segment)
                0x000000000000312c                __tdata_load_start__ = ALIGN ((__data_load_start__ + SIZEOF (.data)), 0x4)

.tdata          0x000000001fff011c        0x0 load address 0x000000000000312c
                0x000000001fff011c                __tdata_start__ = .
 *(.tdata .tdata.*)
                0x000000001fff011c                __tdata_end__ = (__tdata_start__ + SIZEOF (.tdata))
                0x0000000000000000                __tdata_size__ = SIZEOF (.tdata)
                0x000000000000312c                __tdata_load_end__ = (__tdata_load_start__ + SIZEOF (.tdata))
                0x000000000000312c                __FLASH_segment_used_end__ = (ALIGN ((__data_load_start__ + SIZEOF (.data)), 0x4) + SIZEOF (.tdata))
                0x000000000000312c                __FLASH_segment_used_size__ = (__FLASH_segment_used_end__ - __FLASH_segment_start__)
                0x0000000000000001                . = ASSERT (((__tdata_load_start__ == __tdata_load_end__) || ((__tdata_load_end__ - __FLASH_segment_start__) <= __FLASH_segment_size__)), error: .tdata is too large to fit in FLASH memory segment)

.tdata_run      0x000000001fff011c        0x0
                0x000000001fff011c                __tdata_run_start__ = .
                0x000000001fff011c                . = MAX ((__tdata_run_start__ + SIZEOF (.tdata)), .)
                0x000000001fff011c                __tdata_run_end__ = (__tdata_run_start__ + SIZEOF (.tdata_run))
                0x0000000000000000                __tdata_run_size__ = SIZEOF (.tdata_run)
                0x000000001fff011c                __tdata_run_load_end__ = __tdata_run_end__
                0x0000000000000001                . = ASSERT (((__tdata_run_start__ == __tdata_run_end__) || ((__tdata_run_end__ - __SRAM_segment_start__) <= __SRAM_segment_size__)), error: .tdata_run is too large to fit in SRAM memory segment)
                0x000000001fff011c                __non_init_load_start__ = ALIGN (__tdata_run_end__, 0x4)

.non_init       0x000000001fff011c        0x0
                0x000000001fff011c                __non_init_start__ = .
 *(.non_init .non_init.*)
                0x000000001fff011c                __non_init_end__ = (__non_init_start__ + SIZEOF (.non_init))
                0x0000000000000000                __non_init_size__ = SIZEOF (.non_init)
                0x000000001fff011c                __non_init_load_end__ = __non_init_end__
                0x0000000000000001                . = ASSERT (((__non_init_start__ == __non_init_end__) || ((__non_init_end__ - __SRAM_segment_start__) <= __SRAM_segment_size__)), error: .non_init is too large to fit in SRAM memory segment)
                0x000000001fff011c                __heap_load_start__ = ALIGN (__non_init_end__, 0x4)

.heap           0x000000001fff011c       0x80
                0x000000001fff011c                __heap_start__ = .
 *(.heap .heap.*)
                0x000000001fff019c                . = ALIGN (MAX ((__heap_start__ + __HEAPSIZE__), .), 0x4)
 *fill*         0x000000001fff011c       0x80 
                0x000000001fff019c                __heap_end__ = (__heap_start__ + SIZEOF (.heap))
                0x0000000000000080                __heap_size__ = SIZEOF (.heap)
                0x000000001fff019c                __heap_load_end__ = __heap_end__
                0x0000000000000001                . = ASSERT (((__heap_start__ == __heap_end__) || ((__heap_end__ - __SRAM_segment_start__) <= __SRAM_segment_size__)), error: .heap is too large to fit in SRAM memory segment)
                0x000000001fff01a0                __stack_load_start__ = ALIGN (__heap_end__, 0x8)

.stack          0x000000001fff01a0      0x400
                0x000000001fff01a0                __stack_start__ = .
 *(.stack .stack.*)
                0x000000001fff05a0                . = ALIGN (MAX ((__stack_start__ + __STACKSIZE__), .), 0x8)
 *fill*         0x000000001fff01a0      0x400 
                0x000000001fff05a0                __stack_end__ = (__stack_start__ + SIZEOF (.stack))
                0x0000000000000400                __stack_size__ = SIZEOF (.stack)
                0x000000001fff05a0                __stack_load_end__ = __stack_end__
                0x0000000000000001                . = ASSERT (((__stack_start__ == __stack_end__) || ((__stack_end__ - __SRAM_segment_start__) <= __SRAM_segment_size__)), error: .stack is too large to fit in SRAM memory segment)
                0x000000001fff05a0                __stack_process_load_start__ = ALIGN (__stack_end__, 0x8)

.stack_process  0x000000001fff05a0        0x0
                0x000000001fff05a0                __stack_process_start__ = .
 *(.stack_process .stack_process.*)
                0x000000001fff05a0                . = ALIGN (MAX ((__stack_process_start__ + __STACKSIZE_PROCESS__), .), 0x8)
                0x000000001fff05a0                __stack_process_end__ = (__stack_process_start__ + SIZEOF (.stack_process))
                0x0000000000000000                __stack_process_size__ = SIZEOF (.stack_process)
                0x000000001fff05a0                __stack_process_load_end__ = __stack_process_end__
                0x000000001fff05a0                __SRAM_segment_used_end__ = (ALIGN (__stack_end__, 0x8) + SIZEOF (.stack_process))
                0x00000000000005a0                __SRAM_segment_used_size__ = (__SRAM_segment_used_end__ - __SRAM_segment_start__)
                0x0000000000000001                . = ASSERT (((__stack_process_start__ == __stack_process_end__) || ((__stack_process_end__ - __SRAM_segment_start__) <= __SRAM_segment_size__)), error: .stack_process is too large to fit in SRAM memory segment)
START GROUP
LOAD i2c_edma_b2b_transfer_master THUMB Debug/thumb_crt0.o
LOAD i2c_edma_b2b_transfer_master THUMB Debug/Kinetis_Startup.o
LOAD i2c_edma_b2b_transfer_master THUMB Debug/system_MK64F12.o
LOAD i2c_edma_b2b_transfer_master THUMB Debug/i2c_edma_b2b_transfer_master.o
LOAD i2c_edma_b2b_transfer_master THUMB Debug/pin_mux.o
LOAD i2c_edma_b2b_transfer_master THUMB Debug/board.o
LOAD i2c_edma_b2b_transfer_master THUMB Debug/clock_config.o
LOAD i2c_edma_b2b_transfer_master THUMB Debug/fsl_edma.o
LOAD i2c_edma_b2b_transfer_master THUMB Debug/fsl_dmamux.o
LOAD i2c_edma_b2b_transfer_master THUMB Debug/fsl_i2c.o
LOAD i2c_edma_b2b_transfer_master THUMB Debug/fsl_i2c_edma.o
LOAD i2c_edma_b2b_transfer_master THUMB Debug/fsl_ftfx_cache.o
LOAD i2c_edma_b2b_transfer_master THUMB Debug/fsl_ftfx_controller.o
LOAD i2c_edma_b2b_transfer_master THUMB Debug/fsl_ftfx_flash.o
LOAD i2c_edma_b2b_transfer_master THUMB Debug/fsl_ftfx_flexnvm.o
LOAD i2c_edma_b2b_transfer_master THUMB Debug/fsl_gpio.o
LOAD i2c_edma_b2b_transfer_master THUMB Debug/fsl_clock.o
LOAD i2c_edma_b2b_transfer_master THUMB Debug/fsl_uart.o
LOAD i2c_edma_b2b_transfer_master THUMB Debug/fsl_smc.o
LOAD i2c_edma_b2b_transfer_master THUMB Debug/fsl_common.o
LOAD i2c_edma_b2b_transfer_master THUMB Debug/fsl_debug_console.o
LOAD i2c_edma_b2b_transfer_master THUMB Debug/fsl_str.o
LOAD i2c_edma_b2b_transfer_master THUMB Debug/fsl_assert.o
LOAD i2c_edma_b2b_transfer_master THUMB Debug/uart_adapter.o
LOAD i2c_edma_b2b_transfer_master THUMB Debug/serial_manager.o
LOAD i2c_edma_b2b_transfer_master THUMB Debug/serial_port_uart.o
LOAD i2c_edma_b2b_transfer_master THUMB Debug/generic_list.o
LOAD C:/Program Files/Rowley CrossWorks for ARM 4.5/lib/libcm_v7em_t_le_eabi.a
LOAD C:/Program Files/Rowley CrossWorks for ARM 4.5/lib/libdebugio_mempoll_v7em_t_le_eabi.a
LOAD C:/Program Files/Rowley CrossWorks for ARM 4.5/lib/libm_v7em_t_le_eabi.a
LOAD C:/Program Files/Rowley CrossWorks for ARM 4.5/lib/libc_v7em_t_le_eabi.a
LOAD C:/Program Files/Rowley CrossWorks for ARM 4.5/lib/libcpp_v7em_t_le_eabi.a
LOAD C:/Program Files/Rowley CrossWorks for ARM 4.5/lib/libdebugio_v7em_t_le_eabi.a
LOAD C:/Program Files/Rowley CrossWorks for ARM 4.5/lib/libvfprintf_v7em_t_le_eabi.o
LOAD C:/Program Files/Rowley CrossWorks for ARM 4.5/lib/libvfscanf_v7em_t_le_eabi.o
END GROUP
OUTPUT(i2c_edma_b2b_transfer_master THUMB Debug/i2c_edma_b2b_transfer_master.elf elf32-littlearm)

.ARM.attributes
                0x0000000000000000       0x2f
 .ARM.attributes
                0x0000000000000000       0x21 i2c_edma_b2b_transfer_master THUMB Debug/thumb_crt0.o
 .ARM.attributes
                0x0000000000000021       0x21 i2c_edma_b2b_transfer_master THUMB Debug/Kinetis_Startup.o
 .ARM.attributes
                0x0000000000000042       0x33 i2c_edma_b2b_transfer_master THUMB Debug/system_MK64F12.o
 .ARM.attributes
                0x0000000000000075       0x33 i2c_edma_b2b_transfer_master THUMB Debug/i2c_edma_b2b_transfer_master.o
 .ARM.attributes
                0x00000000000000a8       0x33 i2c_edma_b2b_transfer_master THUMB Debug/pin_mux.o
 .ARM.attributes
                0x00000000000000db       0x33 i2c_edma_b2b_transfer_master THUMB Debug/board.o
 .ARM.attributes
                0x000000000000010e       0x33 i2c_edma_b2b_transfer_master THUMB Debug/clock_config.o
 .ARM.attributes
                0x0000000000000141       0x33 i2c_edma_b2b_transfer_master THUMB Debug/fsl_edma.o
 .ARM.attributes
                0x0000000000000174       0x33 i2c_edma_b2b_transfer_master THUMB Debug/fsl_dmamux.o
 .ARM.attributes
                0x00000000000001a7       0x33 i2c_edma_b2b_transfer_master THUMB Debug/fsl_i2c.o
 .ARM.attributes
                0x00000000000001da       0x33 i2c_edma_b2b_transfer_master THUMB Debug/fsl_i2c_edma.o
 .ARM.attributes
                0x000000000000020d       0x33 i2c_edma_b2b_transfer_master THUMB Debug/fsl_clock.o
 .ARM.attributes
                0x0000000000000240       0x33 i2c_edma_b2b_transfer_master THUMB Debug/fsl_debug_console.o
 .ARM.attributes
                0x0000000000000273       0x33 i2c_edma_b2b_transfer_master THUMB Debug/fsl_str.o
 .ARM.attributes
                0x00000000000002a6       0x33 i2c_edma_b2b_transfer_master THUMB Debug/serial_manager.o
 .ARM.attributes
                0x00000000000002d9       0x1c C:/Program Files/Rowley CrossWorks for ARM 4.5/lib/libc_v7em_t_le_eabi.a(libc2_asm.o)

.comment        0x0000000000000000       0x43
 .comment       0x0000000000000000       0x43 i2c_edma_b2b_transfer_master THUMB Debug/system_MK64F12.o
                                         0x44 (size before relaxing)
 .comment       0x0000000000000043       0x44 i2c_edma_b2b_transfer_master THUMB Debug/i2c_edma_b2b_transfer_master.o
 .comment       0x0000000000000043       0x44 i2c_edma_b2b_transfer_master THUMB Debug/pin_mux.o
 .comment       0x0000000000000043       0x44 i2c_edma_b2b_transfer_master THUMB Debug/board.o
 .comment       0x0000000000000043       0x44 i2c_edma_b2b_transfer_master THUMB Debug/clock_config.o
 .comment       0x0000000000000043       0x44 i2c_edma_b2b_transfer_master THUMB Debug/fsl_edma.o
 .comment       0x0000000000000043       0x44 i2c_edma_b2b_transfer_master THUMB Debug/fsl_dmamux.o
 .comment       0x0000000000000043       0x44 i2c_edma_b2b_transfer_master THUMB Debug/fsl_i2c.o
 .comment       0x0000000000000043       0x44 i2c_edma_b2b_transfer_master THUMB Debug/fsl_i2c_edma.o
 .comment       0x0000000000000043       0x44 i2c_edma_b2b_transfer_master THUMB Debug/fsl_clock.o
 .comment       0x0000000000000043       0x44 i2c_edma_b2b_transfer_master THUMB Debug/fsl_debug_console.o
 .comment       0x0000000000000043       0x44 i2c_edma_b2b_transfer_master THUMB Debug/fsl_str.o
 .comment       0x0000000000000043       0x44 i2c_edma_b2b_transfer_master THUMB Debug/serial_manager.o

.debug_line     0x0000000000000000     0x670e
 .debug_line    0x0000000000000000      0x1dd i2c_edma_b2b_transfer_master THUMB Debug/thumb_crt0.o
 .debug_line    0x00000000000001dd      0x13e i2c_edma_b2b_transfer_master THUMB Debug/Kinetis_Startup.o
 .debug_line    0x000000000000031b      0x349 i2c_edma_b2b_transfer_master THUMB Debug/system_MK64F12.o
 .debug_line    0x0000000000000664      0x4ea i2c_edma_b2b_transfer_master THUMB Debug/i2c_edma_b2b_transfer_master.o
 .debug_line    0x0000000000000b4e      0x2f3 i2c_edma_b2b_transfer_master THUMB Debug/pin_mux.o
 .debug_line    0x0000000000000e41      0x313 i2c_edma_b2b_transfer_master THUMB Debug/board.o
 .debug_line    0x0000000000001154      0x34e i2c_edma_b2b_transfer_master THUMB Debug/clock_config.o
 .debug_line    0x00000000000014a2      0xf6c i2c_edma_b2b_transfer_master THUMB Debug/fsl_edma.o
 .debug_line    0x000000000000240e      0x2ad i2c_edma_b2b_transfer_master THUMB Debug/fsl_dmamux.o
 .debug_line    0x00000000000026bb     0x1230 i2c_edma_b2b_transfer_master THUMB Debug/fsl_i2c.o
 .debug_line    0x00000000000038eb      0x6b9 i2c_edma_b2b_transfer_master THUMB Debug/fsl_i2c_edma.o
 .debug_line    0x0000000000003fa4     0x136a i2c_edma_b2b_transfer_master THUMB Debug/fsl_clock.o
 .debug_line    0x000000000000530e      0x5f8 i2c_edma_b2b_transfer_master THUMB Debug/fsl_debug_console.o
 .debug_line    0x0000000000005906      0x920 i2c_edma_b2b_transfer_master THUMB Debug/fsl_str.o
 .debug_line    0x0000000000006226      0x4e8 i2c_edma_b2b_transfer_master THUMB Debug/serial_manager.o

.debug_info     0x0000000000000000    0x1026b
 .debug_info    0x0000000000000000       0x22 i2c_edma_b2b_transfer_master THUMB Debug/thumb_crt0.o
 .debug_info    0x0000000000000022       0x26 i2c_edma_b2b_transfer_master THUMB Debug/Kinetis_Startup.o
 .debug_info    0x0000000000000048      0x499 i2c_edma_b2b_transfer_master THUMB Debug/system_MK64F12.o
 .debug_info    0x00000000000004e1     0x197d i2c_edma_b2b_transfer_master THUMB Debug/i2c_edma_b2b_transfer_master.o
 .debug_info    0x0000000000001e5e      0xd7b i2c_edma_b2b_transfer_master THUMB Debug/pin_mux.o
 .debug_info    0x0000000000002bd9      0x9cf i2c_edma_b2b_transfer_master THUMB Debug/board.o
 .debug_info    0x00000000000035a8     0x10fd i2c_edma_b2b_transfer_master THUMB Debug/clock_config.o
 .debug_info    0x00000000000046a5     0x27eb i2c_edma_b2b_transfer_master THUMB Debug/fsl_edma.o
 .debug_info    0x0000000000006e90      0xbdc i2c_edma_b2b_transfer_master THUMB Debug/fsl_dmamux.o
 .debug_info    0x0000000000007a6c     0x240a i2c_edma_b2b_transfer_master THUMB Debug/fsl_i2c.o
 .debug_info    0x0000000000009e76     0x1614 i2c_edma_b2b_transfer_master THUMB Debug/fsl_i2c_edma.o
 .debug_info    0x000000000000b48a     0x26cf i2c_edma_b2b_transfer_master THUMB Debug/fsl_clock.o
 .debug_info    0x000000000000db59      0xebf i2c_edma_b2b_transfer_master THUMB Debug/fsl_debug_console.o
 .debug_info    0x000000000000ea18      0xa6f i2c_edma_b2b_transfer_master THUMB Debug/fsl_str.o
 .debug_info    0x000000000000f487      0xde4 i2c_edma_b2b_transfer_master THUMB Debug/serial_manager.o

.debug_abbrev   0x0000000000000000     0x2360
 .debug_abbrev  0x0000000000000000       0x12 i2c_edma_b2b_transfer_master THUMB Debug/thumb_crt0.o
 .debug_abbrev  0x0000000000000012       0x14 i2c_edma_b2b_transfer_master THUMB Debug/Kinetis_Startup.o
 .debug_abbrev  0x0000000000000026      0x15e i2c_edma_b2b_transfer_master THUMB Debug/system_MK64F12.o
 .debug_abbrev  0x0000000000000184      0x2ab i2c_edma_b2b_transfer_master THUMB Debug/i2c_edma_b2b_transfer_master.o
 .debug_abbrev  0x000000000000042f      0x291 i2c_edma_b2b_transfer_master THUMB Debug/pin_mux.o
 .debug_abbrev  0x00000000000006c0      0x186 i2c_edma_b2b_transfer_master THUMB Debug/board.o
 .debug_abbrev  0x0000000000000846      0x27b i2c_edma_b2b_transfer_master THUMB Debug/clock_config.o
 .debug_abbrev  0x0000000000000ac1      0x467 i2c_edma_b2b_transfer_master THUMB Debug/fsl_edma.o
 .debug_abbrev  0x0000000000000f28      0x209 i2c_edma_b2b_transfer_master THUMB Debug/fsl_dmamux.o
 .debug_abbrev  0x0000000000001131      0x3c5 i2c_edma_b2b_transfer_master THUMB Debug/fsl_i2c.o
 .debug_abbrev  0x00000000000014f6      0x32d i2c_edma_b2b_transfer_master THUMB Debug/fsl_i2c_edma.o
 .debug_abbrev  0x0000000000001823      0x3dc i2c_edma_b2b_transfer_master THUMB Debug/fsl_clock.o
 .debug_abbrev  0x0000000000001bff      0x280 i2c_edma_b2b_transfer_master THUMB Debug/fsl_debug_console.o
 .debug_abbrev  0x0000000000001e7f      0x225 i2c_edma_b2b_transfer_master THUMB Debug/fsl_str.o
 .debug_abbrev  0x00000000000020a4      0x2bc i2c_edma_b2b_transfer_master THUMB Debug/serial_manager.o

.debug_aranges  0x0000000000000000      0x918
 .debug_aranges
                0x0000000000000000       0x80 i2c_edma_b2b_transfer_master THUMB Debug/thumb_crt0.o
 .debug_aranges
                0x0000000000000080       0x20 i2c_edma_b2b_transfer_master THUMB Debug/Kinetis_Startup.o
 .debug_aranges
                0x00000000000000a0       0x30 i2c_edma_b2b_transfer_master THUMB Debug/system_MK64F12.o
 .debug_aranges
                0x00000000000000d0       0x38 i2c_edma_b2b_transfer_master THUMB Debug/i2c_edma_b2b_transfer_master.o
 .debug_aranges
                0x0000000000000108       0x38 i2c_edma_b2b_transfer_master THUMB Debug/pin_mux.o
 .debug_aranges
                0x0000000000000140       0x20 i2c_edma_b2b_transfer_master THUMB Debug/board.o
 .debug_aranges
                0x0000000000000160       0x58 i2c_edma_b2b_transfer_master THUMB Debug/clock_config.o
 .debug_aranges
                0x00000000000001b8      0x1e0 i2c_edma_b2b_transfer_master THUMB Debug/fsl_edma.o
 .debug_aranges
                0x0000000000000398       0x40 i2c_edma_b2b_transfer_master THUMB Debug/fsl_dmamux.o
 .debug_aranges
                0x00000000000003d8      0x180 i2c_edma_b2b_transfer_master THUMB Debug/fsl_i2c.o
 .debug_aranges
                0x0000000000000558       0x70 i2c_edma_b2b_transfer_master THUMB Debug/fsl_i2c_edma.o
 .debug_aranges
                0x00000000000005c8      0x1f8 i2c_edma_b2b_transfer_master THUMB Debug/fsl_clock.o
 .debug_aranges
                0x00000000000007c0       0x88 i2c_edma_b2b_transfer_master THUMB Debug/fsl_debug_console.o
 .debug_aranges
                0x0000000000000848       0x38 i2c_edma_b2b_transfer_master THUMB Debug/fsl_str.o
 .debug_aranges
                0x0000000000000880       0x98 i2c_edma_b2b_transfer_master THUMB Debug/serial_manager.o

.debug_str      0x0000000000000000    0x8106c
 .debug_str     0x0000000000000000       0xae i2c_edma_b2b_transfer_master THUMB Debug/thumb_crt0.o
 .debug_str     0x00000000000000ae       0x79 i2c_edma_b2b_transfer_master THUMB Debug/Kinetis_Startup.o
                                         0xe4 (size before relaxing)
 .debug_str     0x0000000000000127    0x76cf5 i2c_edma_b2b_transfer_master THUMB Debug/system_MK64F12.o
                                      0x76dd8 (size before relaxing)
 .debug_str     0x0000000000076e1c     0x4d64 i2c_edma_b2b_transfer_master THUMB Debug/i2c_edma_b2b_transfer_master.o
                                      0x7b3a5 (size before relaxing)
 .debug_str     0x000000000007bb80      0x6e1 i2c_edma_b2b_transfer_master THUMB Debug/pin_mux.o
                                      0x78cc2 (size before relaxing)
 .debug_str     0x000000000007c261       0xcf i2c_edma_b2b_transfer_master THUMB Debug/board.o
                                      0x79a01 (size before relaxing)
 .debug_str     0x000000000007c330      0x3b1 i2c_edma_b2b_transfer_master THUMB Debug/clock_config.o
                                      0x7953d (size before relaxing)
 .debug_str     0x000000000007c6e1     0x12f1 i2c_edma_b2b_transfer_master THUMB Debug/fsl_edma.o
                                      0x7a678 (size before relaxing)
 .debug_str     0x000000000007d9d2       0xb2 i2c_edma_b2b_transfer_master THUMB Debug/fsl_dmamux.o
                                      0x7902b (size before relaxing)
 .debug_str     0x000000000007da84      0x96c i2c_edma_b2b_transfer_master THUMB Debug/fsl_i2c.o
                                      0x7a2a1 (size before relaxing)
 .debug_str     0x000000000007e3f0      0x20e i2c_edma_b2b_transfer_master THUMB Debug/fsl_i2c_edma.o
                                      0x7981b (size before relaxing)
 .debug_str     0x000000000007e5fe     0x15dd i2c_edma_b2b_transfer_master THUMB Debug/fsl_clock.o
                                      0x7ab98 (size before relaxing)
 .debug_str     0x000000000007fbdb      0x887 i2c_edma_b2b_transfer_master THUMB Debug/fsl_debug_console.o
                                      0x79933 (size before relaxing)
 .debug_str     0x0000000000080462      0x879 i2c_edma_b2b_transfer_master THUMB Debug/fsl_str.o
                                      0x78fbc (size before relaxing)
 .debug_str     0x0000000000080cdb      0x391 i2c_edma_b2b_transfer_master THUMB Debug/serial_manager.o
                                      0x78c7c (size before relaxing)

.debug_ranges   0x0000000000000000      0x820
 .debug_ranges  0x0000000000000000       0x78 i2c_edma_b2b_transfer_master THUMB Debug/thumb_crt0.o
 .debug_ranges  0x0000000000000078       0x20 i2c_edma_b2b_transfer_master THUMB Debug/system_MK64F12.o
 .debug_ranges  0x0000000000000098       0x28 i2c_edma_b2b_transfer_master THUMB Debug/i2c_edma_b2b_transfer_master.o
 .debug_ranges  0x00000000000000c0       0x28 i2c_edma_b2b_transfer_master THUMB Debug/pin_mux.o
 .debug_ranges  0x00000000000000e8       0x10 i2c_edma_b2b_transfer_master THUMB Debug/board.o
 .debug_ranges  0x00000000000000f8       0x48 i2c_edma_b2b_transfer_master THUMB Debug/clock_config.o
 .debug_ranges  0x0000000000000140      0x1d0 i2c_edma_b2b_transfer_master THUMB Debug/fsl_edma.o
 .debug_ranges  0x0000000000000310       0x30 i2c_edma_b2b_transfer_master THUMB Debug/fsl_dmamux.o
 .debug_ranges  0x0000000000000340      0x170 i2c_edma_b2b_transfer_master THUMB Debug/fsl_i2c.o
 .debug_ranges  0x00000000000004b0       0x60 i2c_edma_b2b_transfer_master THUMB Debug/fsl_i2c_edma.o
 .debug_ranges  0x0000000000000510      0x1e8 i2c_edma_b2b_transfer_master THUMB Debug/fsl_clock.o
 .debug_ranges  0x00000000000006f8       0x78 i2c_edma_b2b_transfer_master THUMB Debug/fsl_debug_console.o
 .debug_ranges  0x0000000000000770       0x28 i2c_edma_b2b_transfer_master THUMB Debug/fsl_str.o
 .debug_ranges  0x0000000000000798       0x88 i2c_edma_b2b_transfer_master THUMB Debug/serial_manager.o

.debug_frame    0x0000000000000000     0x2064
 .debug_frame   0x0000000000000000       0x5c i2c_edma_b2b_transfer_master THUMB Debug/system_MK64F12.o
 .debug_frame   0x000000000000005c       0x90 i2c_edma_b2b_transfer_master THUMB Debug/i2c_edma_b2b_transfer_master.o
 .debug_frame   0x00000000000000ec       0x98 i2c_edma_b2b_transfer_master THUMB Debug/pin_mux.o
 .debug_frame   0x0000000000000184       0x38 i2c_edma_b2b_transfer_master THUMB Debug/board.o
 .debug_frame   0x00000000000001bc       0xf4 i2c_edma_b2b_transfer_master THUMB Debug/clock_config.o
 .debug_frame   0x00000000000002b0      0x764 i2c_edma_b2b_transfer_master THUMB Debug/fsl_edma.o
 .debug_frame   0x0000000000000a14       0xc0 i2c_edma_b2b_transfer_master THUMB Debug/fsl_dmamux.o
 .debug_frame   0x0000000000000ad4      0x67c i2c_edma_b2b_transfer_master THUMB Debug/fsl_i2c.o
 .debug_frame   0x0000000000001150      0x1b4 i2c_edma_b2b_transfer_master THUMB Debug/fsl_i2c_edma.o
 .debug_frame   0x0000000000001304      0x7dc i2c_edma_b2b_transfer_master THUMB Debug/fsl_clock.o
 .debug_frame   0x0000000000001ae0      0x280 i2c_edma_b2b_transfer_master THUMB Debug/fsl_debug_console.o
 .debug_frame   0x0000000000001d60       0xa4 i2c_edma_b2b_transfer_master THUMB Debug/fsl_str.o
 .debug_frame   0x0000000000001e04      0x260 i2c_edma_b2b_transfer_master THUMB Debug/serial_manager.o

.debug_pubnames
                0x0000000000000000     0xab92
 .debug_pubnames
                0x0000000000000000       0x62 i2c_edma_b2b_transfer_master THUMB Debug/system_MK64F12.o
 .debug_pubnames
                0x0000000000000062     0x15e3 i2c_edma_b2b_transfer_master THUMB Debug/i2c_edma_b2b_transfer_master.o
 .debug_pubnames
                0x0000000000001645      0x612 i2c_edma_b2b_transfer_master THUMB Debug/pin_mux.o
 .debug_pubnames
                0x0000000000001c57       0x8b i2c_edma_b2b_transfer_master THUMB Debug/board.o
 .debug_pubnames
                0x0000000000001ce2      0xe34 i2c_edma_b2b_transfer_master THUMB Debug/clock_config.o
 .debug_pubnames
                0x0000000000002b16     0x1be7 i2c_edma_b2b_transfer_master THUMB Debug/fsl_edma.o
 .debug_pubnames
                0x00000000000046fd      0xd16 i2c_edma_b2b_transfer_master THUMB Debug/fsl_dmamux.o
 .debug_pubnames
                0x0000000000005413     0x1d09 i2c_edma_b2b_transfer_master THUMB Debug/fsl_i2c.o
 .debug_pubnames
                0x000000000000711c      0xed9 i2c_edma_b2b_transfer_master THUMB Debug/fsl_i2c_edma.o
 .debug_pubnames
                0x0000000000007ff5     0x1a1f i2c_edma_b2b_transfer_master THUMB Debug/fsl_clock.o
 .debug_pubnames
                0x0000000000009a14      0xd48 i2c_edma_b2b_transfer_master THUMB Debug/fsl_debug_console.o
 .debug_pubnames
                0x000000000000a75c      0x127 i2c_edma_b2b_transfer_master THUMB Debug/fsl_str.o
 .debug_pubnames
                0x000000000000a883      0x30f i2c_edma_b2b_transfer_master THUMB Debug/serial_manager.o

.debug_pubtypes
                0x0000000000000000     0x2bbf
 .debug_pubtypes
                0x0000000000000000       0xf9 i2c_edma_b2b_transfer_master THUMB Debug/system_MK64F12.o
 .debug_pubtypes
                0x00000000000000f9      0x561 i2c_edma_b2b_transfer_master THUMB Debug/i2c_edma_b2b_transfer_master.o
 .debug_pubtypes
                0x000000000000065a      0x2b7 i2c_edma_b2b_transfer_master THUMB Debug/pin_mux.o
 .debug_pubtypes
                0x0000000000000911      0x331 i2c_edma_b2b_transfer_master THUMB Debug/board.o
 .debug_pubtypes
                0x0000000000000c42      0x3c4 i2c_edma_b2b_transfer_master THUMB Debug/clock_config.o
 .debug_pubtypes
                0x0000000000001006      0x469 i2c_edma_b2b_transfer_master THUMB Debug/fsl_edma.o
 .debug_pubtypes
                0x000000000000146f      0x1da i2c_edma_b2b_transfer_master THUMB Debug/fsl_dmamux.o
 .debug_pubtypes
                0x0000000000001649      0x498 i2c_edma_b2b_transfer_master THUMB Debug/fsl_i2c.o
 .debug_pubtypes
                0x0000000000001ae1      0x42b i2c_edma_b2b_transfer_master THUMB Debug/fsl_i2c_edma.o
 .debug_pubtypes
                0x0000000000001f0c      0x4b1 i2c_edma_b2b_transfer_master THUMB Debug/fsl_clock.o
 .debug_pubtypes
                0x00000000000023bd      0x2ea i2c_edma_b2b_transfer_master THUMB Debug/fsl_debug_console.o
 .debug_pubtypes
                0x00000000000026a7      0x20c i2c_edma_b2b_transfer_master THUMB Debug/fsl_str.o
 .debug_pubtypes
                0x00000000000028b3      0x30c i2c_edma_b2b_transfer_master THUMB Debug/serial_manager.o

.debug_macro    0x0000000000000000    0x14194
 .debug_macro   0x0000000000000000       0x78 i2c_edma_b2b_transfer_master THUMB Debug/system_MK64F12.o
 .debug_macro   0x0000000000000078      0xaea i2c_edma_b2b_transfer_master THUMB Debug/system_MK64F12.o
 .debug_macro   0x0000000000000b62      0x188 i2c_edma_b2b_transfer_master THUMB Debug/system_MK64F12.o
 .debug_macro   0x0000000000000cea       0x11 i2c_edma_b2b_transfer_master THUMB Debug/system_MK64F12.o
 .debug_macro   0x0000000000000cfb       0x57 i2c_edma_b2b_transfer_master THUMB Debug/system_MK64F12.o
 .debug_macro   0x0000000000000d52       0x1c i2c_edma_b2b_transfer_master THUMB Debug/system_MK64F12.o
 .debug_macro   0x0000000000000d6e       0x22 i2c_edma_b2b_transfer_master THUMB Debug/system_MK64F12.o
 .debug_macro   0x0000000000000d90       0xd8 i2c_edma_b2b_transfer_master THUMB Debug/system_MK64F12.o
 .debug_macro   0x0000000000000e68      0xeeb i2c_edma_b2b_transfer_master THUMB Debug/system_MK64F12.o
 .debug_macro   0x0000000000001d53       0x40 i2c_edma_b2b_transfer_master THUMB Debug/system_MK64F12.o
 .debug_macro   0x0000000000001d93     0xe977 i2c_edma_b2b_transfer_master THUMB Debug/system_MK64F12.o
 .debug_macro   0x000000000001070a     0x1247 i2c_edma_b2b_transfer_master THUMB Debug/system_MK64F12.o
 .debug_macro   0x0000000000011951      0x189 i2c_edma_b2b_transfer_master THUMB Debug/i2c_edma_b2b_transfer_master.o
 .debug_macro   0x0000000000011ada       0x89 i2c_edma_b2b_transfer_master THUMB Debug/i2c_edma_b2b_transfer_master.o
 .debug_macro   0x0000000000011b63       0x10 i2c_edma_b2b_transfer_master THUMB Debug/i2c_edma_b2b_transfer_master.o
 .debug_macro   0x0000000000011b73       0x10 i2c_edma_b2b_transfer_master THUMB Debug/i2c_edma_b2b_transfer_master.o
 .debug_macro   0x0000000000011b83       0x22 i2c_edma_b2b_transfer_master THUMB Debug/i2c_edma_b2b_transfer_master.o
 .debug_macro   0x0000000000011ba5       0x28 i2c_edma_b2b_transfer_master THUMB Debug/i2c_edma_b2b_transfer_master.o
 .debug_macro   0x0000000000011bcd       0x10 i2c_edma_b2b_transfer_master THUMB Debug/i2c_edma_b2b_transfer_master.o
 .debug_macro   0x0000000000011bdd       0x40 i2c_edma_b2b_transfer_master THUMB Debug/i2c_edma_b2b_transfer_master.o
 .debug_macro   0x0000000000011c1d     0x127f i2c_edma_b2b_transfer_master THUMB Debug/i2c_edma_b2b_transfer_master.o
 .debug_macro   0x0000000000012e9c       0xd0 i2c_edma_b2b_transfer_master THUMB Debug/i2c_edma_b2b_transfer_master.o
 .debug_macro   0x0000000000012f6c      0x174 i2c_edma_b2b_transfer_master THUMB Debug/i2c_edma_b2b_transfer_master.o
 .debug_macro   0x00000000000130e0       0x16 i2c_edma_b2b_transfer_master THUMB Debug/i2c_edma_b2b_transfer_master.o
 .debug_macro   0x00000000000130f6       0x10 i2c_edma_b2b_transfer_master THUMB Debug/i2c_edma_b2b_transfer_master.o
 .debug_macro   0x0000000000013106       0x16 i2c_edma_b2b_transfer_master THUMB Debug/i2c_edma_b2b_transfer_master.o
 .debug_macro   0x000000000001311c      0x1f1 i2c_edma_b2b_transfer_master THUMB Debug/i2c_edma_b2b_transfer_master.o
 .debug_macro   0x000000000001330d       0x56 i2c_edma_b2b_transfer_master THUMB Debug/i2c_edma_b2b_transfer_master.o
 .debug_macro   0x0000000000013363       0x34 i2c_edma_b2b_transfer_master THUMB Debug/i2c_edma_b2b_transfer_master.o
 .debug_macro   0x0000000000013397       0x22 i2c_edma_b2b_transfer_master THUMB Debug/i2c_edma_b2b_transfer_master.o
 .debug_macro   0x00000000000133b9       0x16 i2c_edma_b2b_transfer_master THUMB Debug/i2c_edma_b2b_transfer_master.o
 .debug_macro   0x00000000000133cf       0x10 i2c_edma_b2b_transfer_master THUMB Debug/i2c_edma_b2b_transfer_master.o
 .debug_macro   0x00000000000133df       0xfd i2c_edma_b2b_transfer_master THUMB Debug/pin_mux.o
 .debug_macro   0x00000000000134dc      0x114 i2c_edma_b2b_transfer_master THUMB Debug/board.o
 .debug_macro   0x00000000000135f0      0x113 i2c_edma_b2b_transfer_master THUMB Debug/clock_config.o
 .debug_macro   0x0000000000013703       0xe7 i2c_edma_b2b_transfer_master THUMB Debug/fsl_edma.o
 .debug_macro   0x00000000000137ea       0x10 i2c_edma_b2b_transfer_master THUMB Debug/fsl_edma.o
 .debug_macro   0x00000000000137fa       0xe2 i2c_edma_b2b_transfer_master THUMB Debug/fsl_dmamux.o
 .debug_macro   0x00000000000138dc       0xe1 i2c_edma_b2b_transfer_master THUMB Debug/fsl_i2c.o
 .debug_macro   0x00000000000139bd       0x1c i2c_edma_b2b_transfer_master THUMB Debug/fsl_i2c.o
 .debug_macro   0x00000000000139d9       0xfa i2c_edma_b2b_transfer_master THUMB Debug/fsl_i2c_edma.o
 .debug_macro   0x0000000000013ad3      0x198 i2c_edma_b2b_transfer_master THUMB Debug/fsl_clock.o
 .debug_macro   0x0000000000013c6b      0x14c i2c_edma_b2b_transfer_master THUMB Debug/fsl_debug_console.o
 .debug_macro   0x0000000000013db7       0x1c i2c_edma_b2b_transfer_master THUMB Debug/fsl_debug_console.o
 .debug_macro   0x0000000000013dd3       0x34 i2c_edma_b2b_transfer_master THUMB Debug/fsl_debug_console.o
 .debug_macro   0x0000000000013e07       0x5d i2c_edma_b2b_transfer_master THUMB Debug/fsl_debug_console.o
 .debug_macro   0x0000000000013e64       0x3a i2c_edma_b2b_transfer_master THUMB Debug/fsl_debug_console.o
 .debug_macro   0x0000000000013e9e       0xf2 i2c_edma_b2b_transfer_master THUMB Debug/fsl_str.o
 .debug_macro   0x0000000000013f90      0x10d i2c_edma_b2b_transfer_master THUMB Debug/fsl_str.o
 .debug_macro   0x000000000001409d       0xf7 i2c_edma_b2b_transfer_master THUMB Debug/serial_manager.o
